Archive member included to satisfy reference by file (symbol)

C:/Program Files (x86)/Arm GNU Toolchain arm-none-eabi/13.2 Rel1/bin/../lib/gcc/arm-none-eabi/13.2.1/thumb/v8-m.main+fp/hard\libgcc.a(_arm_addsubdf3.o)
                              ./src/nmea_p/nmea_parse.o (__aeabi_f2d)
C:/Program Files (x86)/Arm GNU Toolchain arm-none-eabi/13.2 Rel1/bin/../lib/gcc/arm-none-eabi/13.2.1/thumb/v8-m.main+fp/hard\libgcc.a(_arm_truncdfsf2.o)
                              ./src/nmea_p/nmea_parse.o (__aeabi_d2f)
C:/Program Files (x86)/Arm GNU Toolchain arm-none-eabi/13.2 Rel1/bin/../lib/gcc/arm-none-eabi/13.2.1/thumb/v8-m.main+fp/hard\libgcc.a(_aeabi_ldivmod.o)
                              ./ra/fsp/src/r_sci_uart/r_sci_uart.o (__aeabi_ldivmod)
C:/Program Files (x86)/Arm GNU Toolchain arm-none-eabi/13.2 Rel1/bin/../lib/gcc/arm-none-eabi/13.2.1/thumb/v8-m.main+fp/hard\libgcc.a(_udivmoddi4.o)
                              C:/Program Files (x86)/Arm GNU Toolchain arm-none-eabi/13.2 Rel1/bin/../lib/gcc/arm-none-eabi/13.2.1/thumb/v8-m.main+fp/hard\libgcc.a(_aeabi_ldivmod.o) (__udivmoddi4)
C:/Program Files (x86)/Arm GNU Toolchain arm-none-eabi/13.2 Rel1/bin/../lib/gcc/arm-none-eabi/13.2.1/thumb/v8-m.main+fp/hard\libgcc.a(_dvmd_tls.o)
                              C:/Program Files (x86)/Arm GNU Toolchain arm-none-eabi/13.2 Rel1/bin/../lib/gcc/arm-none-eabi/13.2.1/thumb/v8-m.main+fp/hard\libgcc.a(_aeabi_ldivmod.o) (__aeabi_ldiv0)
C:/Program Files (x86)/Arm GNU Toolchain arm-none-eabi/13.2 Rel1/bin/../lib/gcc/arm-none-eabi/13.2.1/thumb/v8-m.main+fp/hard\libg_nano.a(libc_a-atof.o)
                              ./src/nmea_p/nmea_parse.o (atof)
C:/Program Files (x86)/Arm GNU Toolchain arm-none-eabi/13.2 Rel1/bin/../lib/gcc/arm-none-eabi/13.2.1/thumb/v8-m.main+fp/hard\libg_nano.a(libc_a-exit.o)
                              C:/Program Files (x86)/Arm GNU Toolchain arm-none-eabi/13.2 Rel1/bin/../lib/gcc/arm-none-eabi/13.2.1/thumb/v8-m.main+fp/hard/crt0.o (exit)
C:/Program Files (x86)/Arm GNU Toolchain arm-none-eabi/13.2 Rel1/bin/../lib/gcc/arm-none-eabi/13.2.1/thumb/v8-m.main+fp/hard\libg_nano.a(libc_a-malloc.o)
                              ./src/nmea_p/nmea_parse.o (malloc)
C:/Program Files (x86)/Arm GNU Toolchain arm-none-eabi/13.2 Rel1/bin/../lib/gcc/arm-none-eabi/13.2.1/thumb/v8-m.main+fp/hard\libg_nano.a(libc_a-mallocr.o)
                              C:/Program Files (x86)/Arm GNU Toolchain arm-none-eabi/13.2 Rel1/bin/../lib/gcc/arm-none-eabi/13.2.1/thumb/v8-m.main+fp/hard\libg_nano.a(libc_a-malloc.o) (_malloc_r)
C:/Program Files (x86)/Arm GNU Toolchain arm-none-eabi/13.2 Rel1/bin/../lib/gcc/arm-none-eabi/13.2.1/thumb/v8-m.main+fp/hard\libg_nano.a(libc_a-mlock.o)
                              C:/Program Files (x86)/Arm GNU Toolchain arm-none-eabi/13.2 Rel1/bin/../lib/gcc/arm-none-eabi/13.2.1/thumb/v8-m.main+fp/hard\libg_nano.a(libc_a-mallocr.o) (__malloc_lock)
C:/Program Files (x86)/Arm GNU Toolchain arm-none-eabi/13.2 Rel1/bin/../lib/gcc/arm-none-eabi/13.2.1/thumb/v8-m.main+fp/hard\libg_nano.a(libc_a-strtod.o)
                              C:/Program Files (x86)/Arm GNU Toolchain arm-none-eabi/13.2 Rel1/bin/../lib/gcc/arm-none-eabi/13.2.1/thumb/v8-m.main+fp/hard\libg_nano.a(libc_a-atof.o) (strtod)
C:/Program Files (x86)/Arm GNU Toolchain arm-none-eabi/13.2 Rel1/bin/../lib/gcc/arm-none-eabi/13.2.1/thumb/v8-m.main+fp/hard\libg_nano.a(libc_a-strtol.o)
                              ./src/nmea_p/nmea_parse.o (strtol)
C:/Program Files (x86)/Arm GNU Toolchain arm-none-eabi/13.2 Rel1/bin/../lib/gcc/arm-none-eabi/13.2.1/thumb/v8-m.main+fp/hard\libg_nano.a(libc_a-ctype_.o)
                              C:/Program Files (x86)/Arm GNU Toolchain arm-none-eabi/13.2 Rel1/bin/../lib/gcc/arm-none-eabi/13.2.1/thumb/v8-m.main+fp/hard\libg_nano.a(libc_a-strtol.o) (_ctype_)
C:/Program Files (x86)/Arm GNU Toolchain arm-none-eabi/13.2 Rel1/bin/../lib/gcc/arm-none-eabi/13.2.1/thumb/v8-m.main+fp/hard\libg_nano.a(libc_a-nano-vfprintf_float.o)
                              (_printf_float)
C:/Program Files (x86)/Arm GNU Toolchain arm-none-eabi/13.2 Rel1/bin/../lib/gcc/arm-none-eabi/13.2.1/thumb/v8-m.main+fp/hard\libg_nano.a(libc_a-nano-vfprintf_i.o)
                              C:/Program Files (x86)/Arm GNU Toolchain arm-none-eabi/13.2 Rel1/bin/../lib/gcc/arm-none-eabi/13.2.1/thumb/v8-m.main+fp/hard\libg_nano.a(libc_a-nano-vfprintf_float.o) (_printf_common)
C:/Program Files (x86)/Arm GNU Toolchain arm-none-eabi/13.2 Rel1/bin/../lib/gcc/arm-none-eabi/13.2.1/thumb/v8-m.main+fp/hard\libg_nano.a(libc_a-nano-vfscanf_float.o)
                              (_scanf_float)
C:/Program Files (x86)/Arm GNU Toolchain arm-none-eabi/13.2 Rel1/bin/../lib/gcc/arm-none-eabi/13.2.1/thumb/v8-m.main+fp/hard\libg_nano.a(libc_a-findfp.o)
[...]
Memory Configuration

Name             Origin             Length             Attributes
ITCM             0x00000000         0x00000000         xr
DTCM             0x00000000         0x00000000         xrw
FLASH            0x00000000         0x00080000         xr
RAM              0x20000000         0x00020000         xrw
DATA_FLASH       0x08000000         0x00002000         xr
QSPI_FLASH       0x60000000         0x04000000         xr
OSPI_DEVICE_0    0x80020000         0x00000000         xr
OSPI_DEVICE_1    0x80030000         0x00000000         xr
OSPI_DEVICE_0_RAM 0x80020000         0x00000000         xrw
OSPI_DEVICE_1_RAM 0x80030000         0x00000000         xrw
SDRAM            0x80010000         0x00000000         xrw
OPTION_SETTING   0x0100a100         0x00000100         r
OPTION_SETTING_OFS 0x0100a100         0x00000018         r
OPTION_SETTING_SAS 0x0100a134         0x000000cc         r
OPTION_SETTING_S 0x0100a200         0x00000100         r
ID_CODE          0x00000000         0x00000000         xr
*default*        0x00000000         0xffffffff

Linker script and memory map

LOAD C:/Program Files (x86)/Arm GNU Toolchain arm-none-eabi/13.2 Rel1/bin/../lib/gcc/arm-none-eabi/13.2.1/thumb/v8-m.main+fp/hard/crti.o
LOAD C:/Program Files (x86)/Arm GNU Toolchain arm-none-eabi/13.2 Rel1/bin/../lib/gcc/arm-none-eabi/13.2.1/thumb/v8-m.main+fp/hard/crtbegin.o
LOAD C:/Program Files (x86)/Arm GNU Toolchain arm-none-eabi/13.2 Rel1/bin/../lib/gcc/arm-none-eabi/13.2.1/thumb/v8-m.main+fp/hard/crt0.o
START GROUP
LOAD ./src/nmea_p/nmea_parse.o
LOAD ./src/nmea_p/uart_mqtt.o
LOAD ./src/RTT/SEGGER_RTT.o
LOAD ./src/RTT/SEGGER_RTT_printf.o
LOAD ./src/LCD/LCD_Driver.o
LOAD ./src/OBU_GNSS_entry.o
LOAD ./src/OBU_INIT_entry.o
LOAD ./src/OBU_LCD_entry.o
LOAD ./src/OBU_MQTT_entry.o
LOAD ./src/OBU_RECONNECT_entry.o
LOAD ./src/hal_entry.o
LOAD ./ra_gen/OBU_GNSS.o
LOAD ./ra_gen/OBU_INIT.o
LOAD ./ra_gen/OBU_LCD.o
LOAD ./ra_gen/OBU_MQTT.o
LOAD ./ra_gen/OBU_RECONNECT.o
LOAD ./ra_gen/common_data.o
LOAD ./ra_gen/hal_data.o
LOAD ./ra_gen/main.o
LOAD ./ra_gen/pin_data.o
LOAD ./ra_gen/vector_data.o
LOAD ./ra/fsp/src/rm_freertos_port/port.o
LOAD ./ra/fsp/src/r_sci_uart/r_sci_uart.o
LOAD ./ra/fsp/src/r_sci_spi/r_sci_spi.o
LOAD ./ra/fsp/src/r_ioport/r_ioport.o
LOAD ./ra/fsp/src/r_dtc/r_dtc.o
LOAD ./ra/fsp/src/r_dmac/r_dmac.o
LOAD ./ra/fsp/src/bsp/mcu/all/bsp_clocks.o
LOAD ./ra/fsp/src/bsp/mcu/all/bsp_common.o
LOAD ./ra/fsp/src/bsp/mcu/all/bsp_delay.o
LOAD ./ra/fsp/src/bsp/mcu/all/bsp_group_irq.o
LOAD ./ra/fsp/src/bsp/mcu/all/bsp_guard.o
LOAD ./ra/fsp/src/bsp/mcu/all/bsp_io.o
LOAD ./ra/fsp/src/bsp/mcu/all/bsp_irq.o
LOAD ./ra/fsp/src/bsp/mcu/all/bsp_macl.o
LOAD ./ra/fsp/src/bsp/mcu/all/bsp_register_protection.o
LOAD ./ra/fsp/src/bsp/mcu/all/bsp_rom_registers.o
LOAD ./ra/fsp/src/bsp/mcu/all/bsp_sbrk.o
LOAD ./ra/fsp/src/bsp/mcu/all/bsp_sdram.o
LOAD ./ra/fsp/src/bsp/mcu/all/bsp_security.o
LOAD ./ra/fsp/src/bsp/cmsis/Device/RENESAS/Source/startup.o
LOAD ./ra/fsp/src/bsp/cmsis/Device/RENESAS/Source/system.o
LOAD ./ra/board/ra4e1_fpb/board_init.o
LOAD ./ra/board/ra4e1_fpb/board_leds.o
LOAD ./ra/aws/FreeRTOS/FreeRTOS/Source/portable/MemMang/heap_2.o
LOAD ./ra/aws/FreeRTOS/FreeRTOS/Source/event_groups.o
LOAD ./ra/aws/FreeRTOS/FreeRTOS/Source/list.o
LOAD ./ra/aws/FreeRTOS/FreeRTOS/Source/queue.o
LOAD ./ra/aws/FreeRTOS/FreeRTOS/Source/stream_buffer.o
LOAD ./ra/aws/FreeRTOS/FreeRTOS/Source/tasks.o
LOAD ./ra/aws/FreeRTOS/FreeRTOS/Source/timers.o
END GROUP
START GROUP
LOAD C:/Program Files (x86)/Arm GNU Toolchain arm-none-eabi/13.2 Rel1/bin/../lib/gcc/arm-none-eabi/13.2.1/thumb/v8-m.main+fp/hard\libgcc.a
LOAD C:/Program Files (x86)/Arm GNU Toolchain arm-none-eabi/13.2 Rel1/bin/../lib/gcc/arm-none-eabi/13.2.1/thumb/v8-m.main+fp/hard\libg_nano.a
LOAD C:/Program Files (x86)/Arm GNU Toolchain arm-none-eabi/13.2 Rel1/bin/../lib/gcc/arm-none-eabi/13.2.1/thumb/v8-m.main+fp/hard\libc_nano.a
END GROUP
START GROUP
LOAD C:/Program Files (x86)/Arm GNU Toolchain arm-none-eabi/13.2 Rel1/bin/../lib/gcc/arm-none-eabi/13.2.1/thumb/v8-m.main+fp/hard\libgcc.a
LOAD C:/Program Files (x86)/Arm GNU Toolchain arm-none-eabi/13.2 Rel1/bin/../lib/gcc/arm-none-eabi/13.2.1/thumb/v8-m.main+fp/hard\libc_nano.a
END GROUP
LOAD C:/Program Files (x86)/Arm GNU Toolchain arm-none-eabi/13.2 Rel1/bin/../lib/gcc/arm-none-eabi/13.2.1/thumb/v8-m.main+fp/hard/crtend.o
LOAD C:/Program Files (x86)/Arm GNU Toolchain arm-none-eabi/13.2 Rel1/bin/../lib/gcc/arm-none-eabi/13.2.1/thumb/v8-m.main+fp/hard/crtn.o
                0x20000000                        RAM_START = 0x20000000
                0x00020000                        RAM_LENGTH = 0x20000
                0x00000000                        FLASH_START = 0x0
                0x00080000                        FLASH_LENGTH = 0x80000
                0x08000000                        DATA_FLASH_START = 0x8000000
                0x00002000                        DATA_FLASH_LENGTH = 0x2000
                0x0100a100                        OPTION_SETTING_START = 0x100a100
                0x00000100                        OPTION_SETTING_LENGTH = 0x100
                0x0100a200                        OPTION_SETTING_S_START = 0x100a200
                0x00000100                        OPTION_SETTING_S_LENGTH = 0x100
                0x00000000                        ID_CODE_START = 0x0
                0x00000000                        ID_CODE_LENGTH = 0x0
                0x80010000                        SDRAM_START = 0x80010000
                0x00000000                        SDRAM_LENGTH = 0x0
                0x60000000                        QSPI_FLASH_START = 0x60000000
                0x04000000                        QSPI_FLASH_LENGTH = 0x4000000
                0x80020000                        OSPI_DEVICE_0_START = 0x80020000
                0x00000000                        OSPI_DEVICE_0_LENGTH = 0x0
                0x80030000                        OSPI_DEVICE_1_START = 0x80030000
                0x00000000                        OSPI_DEVICE_1_LENGTH = 0x0
                0x04000000                        QSPI_FLASH_PRV_LENGTH = DEFINED (QSPI_FLASH_SIZE)?ABSOLUTE (QSPI_FLASH_SIZE):ABSOLUTE (QSPI_FLASH_LENGTH)
                0x00000000                        OSPI_DEVICE_0_PRV_LENGTH = DEFINED (OSPI_DEVICE_0_SIZE)?ABSOLUTE (OSPI_DEVICE_0_SIZE):ABSOLUTE (OSPI_DEVICE_0_LENGTH)
                0x00000000                        OSPI_DEVICE_1_PRV_LENGTH = DEFINED (OSPI_DEVICE_1_SIZE)?ABSOLUTE (OSPI_DEVICE_1_SIZE):ABSOLUTE (OSPI_DEVICE_1_LENGTH)
                0x00000000                        __RESERVE_NS_RAM = ((! (DEFINED (PROJECT_NONSECURE)) && DEFINED (RAM_NS_BUFFER_LENGTH)) && (OPTION_SETTING_S_LENGTH != 0x0))
                0x00000000                        ITCM_START = DEFINED (ITCM_START)?ITCM_START:0x0
                0x00000000                        ITCM_LENGTH = DEFINED (ITCM_LENGTH)?ITCM_LENGTH:0x0
                0x00000000                        DTCM_START = DEFINED (DTCM_START)?DTCM_START:0x0
                0x00000000                        DTCM_LENGTH = DEFINED (DTCM_LENGTH)?DTCM_LENGTH:0x0
                0x00000000                        RAM_NS_BUFFER_BLOCK_LENGTH = DEFINED (RAM_NS_BUFFER_LENGTH)?ALIGN (RAM_NS_BUFFER_LENGTH, 0x2000):0x0
                0x00000000                        RAM_NS_BUFFER_LENGTH = DEFINED (RAM_NS_BUFFER_LENGTH)?RAM_NS_BUFFER_LENGTH:0x0
                0x20020000                        RAM_NS_BUFFER_START = ((RAM_START + RAM_LENGTH) - RAM_NS_BUFFER_LENGTH)
                0x20020000                        RAM_NS_BUFFER_BLOCK_START = ((RAM_START + RAM_LENGTH) - RAM_NS_BUFFER_BLOCK_LENGTH)
                0x0100a180                        OPTION_SETTING_START_NS = DEFINED (PROJECT_NONSECURE)?OPTION_SETTING_START:(OPTION_SETTING_START + 0x80)
                0x00000001                        __bl_FSP_BOOTABLE_IMAGE = 0x1
                0x00000001                        __bln_FSP_BOOTABLE_IMAGE = 0x1
                0x00000001                        PROJECT_SECURE_OR_FLAT = (((! (DEFINED (PROJECT_NONSECURE)) || DEFINED (PROJECT_SECURE)) && OPTION_SETTING_LENGTH) && ! (DEFINED (FSP_BOOTABLE_IMAGE)))
                0x00000000                        USE_OPTION_SETTING_NS = (DEFINED (PROJECT_NONSECURE) && ! (DEFINED (FSP_BOOTABLE_IMAGE)))
                0x00000000                        __bl_FLASH_IMAGE_START = ! (DEFINED (FLASH_BOOTLOADER_LENGTH))?0x0:(FLASH_APPLICATION_IMAGE_NUMBER == 0x1)?((FLASH_START + FLASH_BOOTLOADER_LENGTH) + FLASH_BOOTLOADER_HEADER_LENGTH):(DEFINED (BOOTLOADER_SECONDARY_USE_QSPI) || DEFINED (BOOTLOADER_SECONDARY_USE_OSPI_B))?(((FLASH_START + FLASH_BOOTLOADER_LENGTH) + FLASH_BOOTLOADER_SCRATCH_LENGTH) + FLASH_BOOTLOADER_HEADER_LENGTH):((((FLASH_START + FLASH_BOOTLOADER_LENGTH) + FLASH_BOOTLOADER_SCRATCH_LENGTH) + FLASH_APPLICATION_S_LENGTH) + FLASH_BOOTLOADER_HEADER_LENGTH)
                0x00000000                        __bl_FLASH_IMAGE_LENGTH = ! (DEFINED (FLASH_BOOTLOADER_LENGTH))?0x0:(FLASH_APPLICATION_S_LENGTH - FLASH_BOOTLOADER_HEADER_LENGTH)
                0x00000000                        __bl_FLASH_IMAGE_END = (__bl_FLASH_IMAGE_START + __bl_FLASH_IMAGE_LENGTH)
                0x00000000                        __bl_XIP_SECONDARY_FLASH_IMAGE_START = ! (DEFINED (FLASH_BOOTLOADER_LENGTH))?0x0:(((FLASH_START + FLASH_BOOTLOADER_LENGTH) + FLASH_APPLICATION_S_LENGTH) + FLASH_BOOTLOADER_HEADER_LENGTH)
                0x00000000                        __bl_XIP_SECONDARY_FLASH_IMAGE_END = (__bl_XIP_SECONDARY_FLASH_IMAGE_START + __bl_FLASH_IMAGE_LENGTH)
                0x00000000                        __bl_FLASH_NS_START = ! (DEFINED (FLASH_BOOTLOADER_LENGTH))?0x0:(FLASH_APPLICATION_NS_LENGTH == 0x0)?__bl_FLASH_IMAGE_END:((__bl_FLASH_IMAGE_START - FLASH_BOOTLOADER_HEADER_LENGTH) + FLASH_APPLICATION_S_LENGTH)
                0x00000000                        __bl_FLASH_NSC_START = ! (DEFINED (FLASH_BOOTLOADER_LENGTH))?0x0:(FLASH_APPLICATION_NS_LENGTH == 0x0)?__bl_FLASH_IMAGE_END:(__bl_FLASH_IMAGE_END - FLASH_APPLICATION_NSC_LENGTH)
                0x00000000                        __bl_RAM_NS_START = ! (DEFINED (FLASH_BOOTLOADER_LENGTH))?0x0:(FLASH_APPLICATION_NS_LENGTH == 0x0)?(RAM_START + RAM_LENGTH):((RAM_START + RAM_LENGTH) - RAM_APPLICATION_NS_LENGTH)
                0x00000000                        __bl_RAM_NSC_START = ! (DEFINED (FLASH_BOOTLOADER_LENGTH))?0x0:(FLASH_APPLICATION_NS_LENGTH == 0x0)?(RAM_START + RAM_LENGTH):(__bl_RAM_NS_START - RAM_APPLICATION_NSC_LENGTH)
                0x00000000                        __bl_FLASH_NS_IMAGE_START = ! (DEFINED (FLASH_BOOTLOADER_LENGTH))?0x0:(FLASH_APPLICATION_NS_LENGTH == 0x0)?__bl_FLASH_IMAGE_END:(__bl_FLASH_NS_START + FLASH_BOOTLOADER_HEADER_LENGTH_2)
                0x00000000                        __bln_FLASH_IMAGE_START = (__bl_FLASH_NS_IMAGE_START | ! (DEFINED (NS_OFFSET_START))?0x0:NS_OFFSET_START)
                0x00000000                        __bln_FLASH_IMAGE_LENGTH = ! (DEFINED (FLASH_BOOTLOADER_LENGTH))?0x0:(FLASH_APPLICATION_NS_LENGTH == 0x0)?__bl_FLASH_IMAGE_END:(FLASH_APPLICATION_NS_LENGTH - FLASH_BOOTLOADER_HEADER_LENGTH_2)
                0x00000000                        XIP_SECONDARY_SLOT_IMAGE = DEFINED (XIP_SECONDARY_SLOT_IMAGE)?XIP_SECONDARY_SLOT_IMAGE:0x0
                0x00000000                        FLASH_ORIGIN = ! (DEFINED (FLASH_IMAGE_START))?FLASH_START:(XIP_SECONDARY_SLOT_IMAGE == 0x1)?XIP_SECONDARY_FLASH_IMAGE_START:FLASH_IMAGE_START
                0x00080000                        LIMITED_FLASH_LENGTH = DEFINED (FLASH_IMAGE_LENGTH)?FLASH_IMAGE_LENGTH:DEFINED (FLASH_BOOTLOADER_LENGTH)?FLASH_BOOTLOADER_LENGTH:FLASH_LENGTH
                0x00000034                        OPTION_SETTING_SAS_SIZE = 0x34
                0x000000cc                        OPTION_SETTING_SAS_LENGTH = ! (DEFINED (OPTION_SETTING_LENGTH))?0x0:(OPTION_SETTING_LENGTH == 0x0)?0x0:(OPTION_SETTING_LENGTH - OPTION_SETTING_SAS_SIZE)
START GROUP
LOAD C:/Program Files (x86)/Arm GNU Toolchain arm-none-eabi/13.2 Rel1/bin/../lib/gcc/arm-none-eabi/13.2.1/thumb/v8-m.main+fp/hard\libgcc.a
LOAD C:/Program Files (x86)/Arm GNU Toolchain arm-none-eabi/13.2 Rel1/bin/../lib/gcc/arm-none-eabi/13.2.1/thumb/v8-m.main+fp/hard\libc.a
LOAD C:/Program Files (x86)/Arm GNU Toolchain arm-none-eabi/13.2 Rel1/bin/../lib/gcc/arm-none-eabi/13.2.1/thumb/v8-m.main+fp/hard\libm.a
END GROUP

.text           0x00000000    0x315ac
                0x00000000                        __tz_FLASH_S = ABSOLUTE (FLASH_START)
                0x00000000                        __ROM_Start = .
 *(.fixed_vectors*)
 .fixed_vectors
                0x00000000       0x40 ./ra/fsp/src/bsp/cmsis/Device/RENESAS/Source/startup.o
                0x00000000                __Vectors
 *(.application_vectors*)
 .application_vectors
                0x00000040      0x180 ./ra_gen/vector_data.o
                0x00000040                g_vector_table
                0x000001c0                        __Vectors_End = .
 *(.flash_gap*)
                0x000001c0                        . = (OPTION_SETTING_LENGTH > 0x0)?.:(__ROM_Start + 0x400)
 *(.rom_registers*)
 *(.mcuboot_sce9_key*)
 *(.text*)
 .text.deregister_tm_clones
                0x000001c0       0x1c C:/Program Files (x86)/Arm GNU Toolchain arm-none-eabi/13.2 Rel1/bin/../lib/gcc/arm-none-eabi/13.2.1/thumb/v8-m.main+fp/hard/crtbegin.o
 .text.register_tm_clones
                0x000001dc       0x28 C:/Program Files (x86)/Arm GNU Toolchain arm-none-eabi/13.2 Rel1/bin/../lib/gcc/arm-none-eabi/13.2.1/thumb/v8-m.main+fp/hard/crtbegin.o
 .text.__do_global_dtors_aux
                0x00000204       0x28 C:/Program Files (x86)/Arm GNU Toolchain arm-none-eabi/13.2 Rel1/bin/../lib/gcc/arm-none-eabi/13.2.1/thumb/v8-m.main+fp/hard/crtbegin.o
 .text.frame_dummy
                0x0000022c       0x24 C:/Program Files (x86)/Arm GNU Toolchain arm-none-eabi/13.2 Rel1/bin/../lib/gcc/arm-none-eabi/13.2.1/thumb/v8-m.main+fp/hard/crtbegin.o
 .text.gps_checksum
                0x00000250       0x68 ./src/nmea_p/nmea_parse.o
                0x00000250                gps_checksum
 .text.nmea_GNGGA
                0x000002b8      0x224 ./src/nmea_p/nmea_parse.o
                0x000002b8                nmea_GNGGA
 .text.nmea_GNGSA
                0x000004dc       0xac ./src/nmea_p/nmea_parse.o
                0x000004dc                nmea_GNGSA
 .text.nmea_GNGLL
                0x00000588      0x174 ./src/nmea_p/nmea_parse.o
                0x00000588                nmea_GNGLL
 .text.nmea_parse
                0x000006fc      0x178 ./src/nmea_p/nmea_parse.o
                0x000006fc                nmea_parse
 .text.message_from_MQTT
                0x00000874       0x24 ./src/nmea_p/uart_mqtt.o
                0x00000874                message_from_MQTT
 .text.csq_from_sim
                0x00000898       0x24 ./src/nmea_p/uart_mqtt.o
                0x00000898                csq_from_sim
 .text.error_from_sim
                0x000008bc       0x24 ./src/nmea_p/uart_mqtt.o
                0x000008bc                error_from_sim
 .text.send_uart_command
                0x000008e0       0x5c ./src/nmea_p/uart_mqtt.o
                0x000008e0                send_uart_command
 .text.setupMQTT
                0x0000093c       0xb4 ./src/nmea_p/uart_mqtt.o
                0x0000093c                setupMQTT
 .text.pub_mess
                0x000009f0       0x68 ./src/nmea_p/uart_mqtt.o
                0x000009f0                pub_mess
 .text._WriteNoCheck
                0x00000a58       0x38 ./src/RTT/SEGGER_RTT.o
 .text._WriteBlocking
                0x00000a90       0x60 ./src/RTT/SEGGER_RTT.o
 .text._DoInit  0x00000af0       0x70 ./src/RTT/SEGGER_RTT.o
 .text.SEGGER_RTT_WriteNoLock
                0x00000b60       0x8c ./src/RTT/SEGGER_RTT.o
                0x00000b60                SEGGER_RTT_WriteNoLock
 .text.SEGGER_RTT_Write
                0x00000bec       0x34 ./src/RTT/SEGGER_RTT.o
                0x00000bec                SEGGER_RTT_Write
 .text._StoreChar
                0x00000c20       0x40 ./src/RTT/SEGGER_RTT_printf.o
 .text._PrintUnsigned
                0x00000c60       0xf0 ./src/RTT/SEGGER_RTT_printf.o
 .text.SEGGER_RTT_vprintf
                0x00000d50      0x39c ./src/RTT/SEGGER_RTT_printf.o
                0x00000d50                SEGGER_RTT_vprintf
 .text.SEGGER_RTT_printf
                0x000010ec       0x20 ./src/RTT/SEGGER_RTT_printf.o
                0x000010ec                SEGGER_RTT_printf
 .text.LCD_Send_Burst
                0x0000110c      0x264 ./src/LCD/LCD_Driver.o
 .text.LCD_SPI_Send_32
                0x00001370       0x9c ./src/LCD/LCD_Driver.o
                0x00001370                LCD_SPI_Send_32
 .text.LCD_Reset
                0x0000140c       0x84 ./src/LCD/LCD_Driver.o
                0x0000140c                LCD_Reset
 .text.LCD_Init
                0x00001490      0xe90 ./src/LCD/LCD_Driver.o
                0x00001490                LCD_Init
 .text.LCD_Set_Rotation
                0x00002320      0x104 ./src/LCD/LCD_Driver.o
                0x00002320                LCD_Set_Rotation
 .text.LCD_Fill_Screen
                0x00002424       0x38 ./src/LCD/LCD_Driver.o
                0x00002424                LCD_Fill_Screen
 .text.LCD_Draw_Pixel
                0x0000245c       0xa4 ./src/LCD/LCD_Driver.o
                0x0000245c                LCD_Draw_Pixel
 .text.LCD_Draw_Filled_Rectangle
                0x00002500       0x38 ./src/LCD/LCD_Driver.o
                0x00002500                LCD_Draw_Filled_Rectangle
 .text.LCD_Draw_String
                0x00002538      0x4c0 ./src/LCD/LCD_Driver.o
                0x00002538                LCD_Draw_String
 .text.LCD_Draw_Icon
                0x000029f8       0x5c ./src/LCD/LCD_Driver.o
                0x000029f8                LCD_Draw_Icon
 .text.uart_ublox_callback
                0x00002a54        0x4 ./src/OBU_GNSS_entry.o
                0x00002a54                uart_ublox_callback
 .text.OBU_GNSS_entry
                0x00002a58       0xe8 ./src/OBU_GNSS_entry.o
                0x00002a58                OBU_GNSS_entry
 .text.spi_lcd_callback
                0x00002b40        0x4 ./src/OBU_INIT_entry.o
                0x00002b40                spi_lcd_callback
 .text.OBU_INIT_entry
                0x00002b44      0x160 ./src/OBU_INIT_entry.o
                0x00002b44                OBU_INIT_entry
 .text.OBU_LCD_entry
                0x00002ca4      0x130 ./src/OBU_LCD_entry.o
                0x00002ca4                OBU_LCD_entry
 .text.uart_simcom_callback
                0x00002dd4       0xcc ./src/OBU_MQTT_entry.o
                0x00002dd4                uart_simcom_callback
 .text.OBU_MQTT_entry
                0x00002ea0       0xb4 ./src/OBU_MQTT_entry.o
                0x00002ea0                OBU_MQTT_entry
 .text.OBU_RECONNECT_entry
                0x00002f54       0x90 ./src/OBU_RECONNECT_entry.o
                0x00002f54                OBU_RECONNECT_entry
 .text.R_BSP_WarmStart
                0x00002fe4       0x18 ./src/hal_entry.o
                0x00002fe4                R_BSP_WarmStart
 .text.OBU_GNSS_func
                0x00002ffc       0x14 ./ra_gen/OBU_GNSS.o
 .text.OBU_GNSS_create
                0x00003010       0x58 ./ra_gen/OBU_GNSS.o
                0x00003010                OBU_GNSS_create
 .text.OBU_INIT_func
                0x00003068       0x14 ./ra_gen/OBU_INIT.o
 .text.OBU_INIT_create
                0x0000307c       0x58 ./ra_gen/OBU_INIT.o
                0x0000307c                OBU_INIT_create
 .text.OBU_LCD_func
                0x000030d4       0x14 ./ra_gen/OBU_LCD.o
 .text.OBU_LCD_create
                0x000030e8       0x58 ./ra_gen/OBU_LCD.o
                0x000030e8                OBU_LCD_create
 .text.OBU_MQTT_func
                0x00003140       0x14 ./ra_gen/OBU_MQTT.o
 .text.OBU_MQTT_create
                0x00003154       0x4c ./ra_gen/OBU_MQTT.o
                0x00003154                OBU_MQTT_create
 .text.OBU_RECONNECT_func
                0x000031a0       0x14 ./ra_gen/OBU_RECONNECT.o
 .text.OBU_RECONNECT_create
                0x000031b4       0x58 ./ra_gen/OBU_RECONNECT.o
                0x000031b4                OBU_RECONNECT_create
 .text.g_common_init
                0x0000320c       0x20 ./ra_gen/common_data.o
                0x0000320c                g_common_init
 .text.g_hal_init
                0x0000322c        0x4 ./ra_gen/hal_data.o
                0x0000322c                g_hal_init
 .text.rtos_startup_err_callback_internal
                0x00003230        0x4 ./ra_gen/main.o
                0x00003230                rtos_startup_err_callback
                0x00003230                rtos_startup_err_callback_internal
 .text.rtos_startup_common_init
                0x00003234       0x68 ./ra_gen/main.o
                0x00003234                rtos_startup_common_init
 .text.startup.main
                0x0000329c       0x54 ./ra_gen/main.o
                0x0000329c                main
 .text.vApplicationGetIdleTaskMemory
                0x000032f0       0x1c ./ra_gen/main.o
                0x000032f0                vApplicationGetIdleTaskMemory
 .text.vApplicationGetTimerTaskMemory
                0x0000330c       0x1c ./ra_gen/main.o
                0x0000330c                vApplicationGetTimerTaskMemory
 .text.prvTaskExitError
                0x00003328        0x4 ./ra/fsp/src/rm_freertos_port/port.o
 .text.SVC_Handler
                0x0000332c       0x18 ./ra/fsp/src/rm_freertos_port/port.o
                0x0000332c                SVC_Handler
 .text.PendSV_Handler
                0x00003344       0x44 ./ra/fsp/src/rm_freertos_port/port.o
                0x00003344                PendSV_Handler
 .text.rm_freertos_port_restore_task_stackless
                0x00003388       0x24 ./ra/fsp/src/rm_freertos_port/port.o
                0x00003388                rm_freertos_port_restore_task_stackless
 .text.SysTick_Handler
                0x000033ac       0x24 ./ra/fsp/src/rm_freertos_port/port.o
                0x000033ac                SysTick_Handler
 .text.vPortSVCHandler_C
                0x000033d0       0x34 ./ra/fsp/src/rm_freertos_port/port.o
                0x000033d0                vPortSVCHandler_C
 .text.pxPortInitialiseStack
                0x00003404       0x34 ./ra/fsp/src/rm_freertos_port/port.o
                0x00003404                pxPortInitialiseStack
 .text.vPortEnterCritical
                0x00003438       0x50 ./ra/fsp/src/rm_freertos_port/port.o
                0x00003438                vPortEnterCritical
 .text.vPortExitCritical
                0x00003488       0x3c ./ra/fsp/src/rm_freertos_port/port.o
                0x00003488                vPortExitCritical
 .text.rm_freertos_port_sleep_preserving_lpm
                0x000034c4       0x6c ./ra/fsp/src/rm_freertos_port/port.o
                0x000034c4                rm_freertos_port_sleep_preserving_lpm
 .text.vApplicationIdleHook
                0x00003530       0x18 ./ra/fsp/src/rm_freertos_port/port.o
                0x00003530                vApplicationIdleHook
 .text.vPortSetupTimerInterrupt
                0x00003548       0x44 ./ra/fsp/src/rm_freertos_port/port.o
                0x00003548                vPortSetupTimerInterrupt
 .text.xPortStartScheduler
                0x0000358c       0x3c ./ra/fsp/src/rm_freertos_port/port.o
                0x0000358c                xPortStartScheduler
 .text.R_SCI_UART_Write
                0x000035c8       0x6c ./ra/fsp/src/r_sci_uart/r_sci_uart.o
                0x000035c8                R_SCI_UART_Write
 .text.r_sci_uart_call_callback
                0x00003634       0x44 ./ra/fsp/src/r_sci_uart/r_sci_uart.o
 .text.R_SCI_UART_Open
                0x00003678      0x454 ./ra/fsp/src/r_sci_uart/r_sci_uart.o
                0x00003678                R_SCI_UART_Open
 .text.sci_uart_txi_isr
                0x00003acc       0x8c ./ra/fsp/src/r_sci_uart/r_sci_uart.o
                0x00003acc                sci_uart_txi_isr
 .text.sci_uart_rxi_isr
                0x00003b58       0xb0 ./ra/fsp/src/r_sci_uart/r_sci_uart.o
                0x00003b58                sci_uart_rxi_isr
 .text.sci_uart_tei_isr
                0x00003c08       0x48 ./ra/fsp/src/r_sci_uart/r_sci_uart.o
                0x00003c08                sci_uart_tei_isr
 .text.sci_uart_eri_isr
                0x00003c50       0x78 ./ra/fsp/src/r_sci_uart/r_sci_uart.o
                0x00003c50                sci_uart_eri_isr
 .text.r_sci_spi_call_callback
                0x00003cc8       0x40 ./ra/fsp/src/r_sci_spi/r_sci_spi.o
 .text.R_SCI_SPI_Open
                0x00003d08      0x280 ./ra/fsp/src/r_sci_spi/r_sci_spi.o
                0x00003d08                R_SCI_SPI_Open
 .text.r_sci_spi_start_transfer.constprop.0
                0x00003f88       0xc0 ./ra/fsp/src/r_sci_spi/r_sci_spi.o
 .text.R_SCI_SPI_Write
                0x00004048       0x24 ./ra/fsp/src/r_sci_spi/r_sci_spi.o
                0x00004048                R_SCI_SPI_Write
 .text.sci_spi_txi_isr
                0x0000406c       0x68 ./ra/fsp/src/r_sci_spi/r_sci_spi.o
                0x0000406c                sci_spi_txi_isr
 .text.sci_spi_rxi_isr
                0x000040d4       0x74 ./ra/fsp/src/r_sci_spi/r_sci_spi.o
                0x000040d4                sci_spi_rxi_isr
 .text.sci_spi_tei_isr
                0x00004148       0x40 ./ra/fsp/src/r_sci_spi/r_sci_spi.o
                0x00004148                sci_spi_tei_isr
 .text.sci_spi_eri_isr
                0x00004188       0x4c ./ra/fsp/src/r_sci_spi/r_sci_spi.o
                0x00004188                sci_spi_eri_isr
 .text.R_IOPORT_PinWrite
                0x000041d4       0x20 ./ra/fsp/src/r_ioport/r_ioport.o
                0x000041d4                R_IOPORT_PinWrite
 .text.bsp_vbatt_init
                0x000041f4       0xe8 ./ra/fsp/src/r_ioport/r_ioport.o
 .text.r_ioport_pins_config
                0x000042dc       0xac ./ra/fsp/src/r_ioport/r_ioport.o
 .text.R_IOPORT_Open
                0x00004388       0x14 ./ra/fsp/src/r_ioport/r_ioport.o
                0x00004388                R_IOPORT_Open
 .text.R_DTC_Reset
                0x0000439c       0x8c ./ra/fsp/src/r_dtc/r_dtc.o
                0x0000439c                R_DTC_Reset
 .text.R_DTC_SoftwareStart
                0x00004428        0x4 ./ra/fsp/src/r_dtc/r_dtc.o
                0x00004428                R_DTC_SoftwareStart
 .text.R_DTC_SoftwareStop
                0x0000442c        0x4 ./ra/fsp/src/r_dtc/r_dtc.o
                0x0000442c                R_DTC_SoftwareStop
 .text.R_DTC_Enable
                0x00004430       0x20 ./ra/fsp/src/r_dtc/r_dtc.o
                0x00004430                R_DTC_Enable
 .text.R_DTC_Disable
                0x00004450       0x20 ./ra/fsp/src/r_dtc/r_dtc.o
                0x00004450                R_DTC_Disable
 .text.R_DTC_InfoGet
                0x00004470       0x54 ./ra/fsp/src/r_dtc/r_dtc.o
                0x00004470                R_DTC_InfoGet
 .text.R_DTC_Reload
                0x000044c4        0x4 ./ra/fsp/src/r_dtc/r_dtc.o
                0x000044c4                R_DTC_Reload
 .text.R_DTC_CallbackSet
                0x000044c8        0x4 ./ra/fsp/src/r_dtc/r_dtc.o
                0x000044c8                R_DTC_CallbackSet
 .text.R_DTC_Close
                0x000044cc       0x30 ./ra/fsp/src/r_dtc/r_dtc.o
                0x000044cc                R_DTC_Close
 .text.R_DTC_Reconfigure
                0x000044fc       0x88 ./ra/fsp/src/r_dtc/r_dtc.o
                0x000044fc                R_DTC_Reconfigure
 .text.R_DTC_Open
                0x00004584       0xb4 ./ra/fsp/src/r_dtc/r_dtc.o
                0x00004584                R_DTC_Open
 .text.R_DMAC_Enable
                0x00004638        0xc ./ra/fsp/src/r_dmac/r_dmac.o
                0x00004638                R_DMAC_Enable
 .text.r_dmac_config_transfer_info
                0x00004644      0x1c0 ./ra/fsp/src/r_dmac/r_dmac.o
 .text.R_DMAC_Open
                0x00004804       0x64 ./ra/fsp/src/r_dmac/r_dmac.o
                0x00004804                R_DMAC_Open
 .text.SystemCoreClockUpdate
                0x00004868       0x28 ./ra/fsp/src/bsp/mcu/all/bsp_clocks.o
                0x00004868                SystemCoreClockUpdate
 .text.bsp_clock_init
                0x00004890       0xdc ./ra/fsp/src/bsp/mcu/all/bsp_clocks.o
                0x00004890                bsp_clock_init
 .text.R_BSP_Init_RTC
                0x0000496c       0x28 ./ra/fsp/src/bsp/mcu/all/bsp_clocks.o
                0x0000496c                R_BSP_Init_RTC
 .text.__assert_func
                0x00004994        0x4 ./ra/fsp/src/bsp/mcu/all/bsp_common.o
                0x00004994                __assert_func
 .text.bsp_prv_software_delay_loop
                0x00004998        0xc ./ra/fsp/src/bsp/mcu/all/bsp_delay.o
                0x00004998                bsp_prv_software_delay_loop
 .text.R_BSP_SoftwareDelay
                0x000049a4       0x58 ./ra/fsp/src/bsp/mcu/all/bsp_delay.o
                0x000049a4                R_BSP_SoftwareDelay
 .text.NMI_Handler
                0x000049fc       0x3c ./ra/fsp/src/bsp/mcu/all/bsp_group_irq.o
                0x000049fc                NMI_Handler
 .text.bsp_irq_cfg
                0x00004a38       0xa4 ./ra/fsp/src/bsp/mcu/all/bsp_irq.o
                0x00004a38                bsp_irq_cfg
 .text.R_BSP_RegisterProtectEnable
                0x00004adc       0x60 ./ra/fsp/src/bsp/mcu/all/bsp_register_protection.o
                0x00004adc                R_BSP_RegisterProtectEnable
 .text.R_BSP_RegisterProtectDisable
                0x00004b3c       0x54 ./ra/fsp/src/bsp/mcu/all/bsp_register_protection.o
                0x00004b3c                R_BSP_RegisterProtectDisable
 .text._sbrk    0x00004b90       0x40 ./ra/fsp/src/bsp/mcu/all/bsp_sbrk.o
                0x00004b90                _sbrk
 .text.Default_Handler
                0x00004bd0        0x4 ./ra/fsp/src/bsp/cmsis/Device/RENESAS/Source/startup.o
                0x00004bd0                HardFault_Handler
                0x00004bd0                UsageFault_Handler
                0x00004bd0                SecureFault_Handler
                0x00004bd0                Default_Handler
                0x00004bd0                MemManage_Handler
                0x00004bd0                BusFault_Handler
                0x00004bd0                DebugMon_Handler
 .text.Reset_Handler
                0x00004bd4        0xc ./ra/fsp/src/bsp/cmsis/Device/RENESAS/Source/startup.o
                0x00004bd4                Reset_Handler
 .text.SystemInit
                0x00004be0       0xdc ./ra/fsp/src/bsp/cmsis/Device/RENESAS/Source/system.o
                0x00004be0                SystemInit
 .text.bsp_init
                0x00004cbc        0x4 ./ra/board/ra4e1_fpb/board_init.o
                0x00004cbc                bsp_init
 .text.pvPortMalloc
                0x00004cc0       0xd4 ./ra/aws/FreeRTOS/FreeRTOS/Source/portable/MemMang/heap_2.o
                0x00004cc0                pvPortMalloc
 .text.vPortFree
                0x00004d94       0x84 ./ra/aws/FreeRTOS/FreeRTOS/Source/portable/MemMang/heap_2.o
                0x00004d94                vPortFree
 .text.vListInitialise
                0x00004e18       0x18 ./ra/aws/FreeRTOS/FreeRTOS/Source/list.o
                0x00004e18                vListInitialise
 .text.vListInitialiseItem
                0x00004e30        0x8 ./ra/aws/FreeRTOS/FreeRTOS/Source/list.o
                0x00004e30                vListInitialiseItem
 .text.vListInsertEnd
                0x00004e38       0x18 ./ra/aws/FreeRTOS/FreeRTOS/Source/list.o
                0x00004e38                vListInsertEnd
 .text.vListInsert
                0x00004e50       0x30 ./ra/aws/FreeRTOS/FreeRTOS/Source/list.o
                0x00004e50                vListInsert
 .text.uxListRemove
                0x00004e80       0x24 ./ra/aws/FreeRTOS/FreeRTOS/Source/list.o
                0x00004e80                uxListRemove
 .text.prvCopyDataToQueue
                0x00004ea4       0x78 ./ra/aws/FreeRTOS/FreeRTOS/Source/queue.o
 .text.prvUnlockQueue
                0x00004f1c       0x8c ./ra/aws/FreeRTOS/FreeRTOS/Source/queue.o
 .text.xQueueGenericReset
                0x00004fa8       0xbc ./ra/aws/FreeRTOS/FreeRTOS/Source/queue.o
                0x00004fa8                xQueueGenericReset
 .text.xQueueGenericCreateStatic
                0x00005064       0x84 ./ra/aws/FreeRTOS/FreeRTOS/Source/queue.o
                0x00005064                xQueueGenericCreateStatic
 .text.xQueueCreateCountingSemaphoreStatic
                0x000050e8       0x7c ./ra/aws/FreeRTOS/FreeRTOS/Source/queue.o
                0x000050e8                xQueueCreateCountingSemaphoreStatic
 .text.xQueueGenericSend
                0x00005164      0x198 ./ra/aws/FreeRTOS/FreeRTOS/Source/queue.o
                0x00005164                xQueueGenericSend
 .text.xQueueCreateMutex
                0x000052fc       0x34 ./ra/aws/FreeRTOS/FreeRTOS/Source/queue.o
                0x000052fc                xQueueCreateMutex
 .text.xQueueReceive
                0x00005330      0x178 ./ra/aws/FreeRTOS/FreeRTOS/Source/queue.o
                0x00005330                xQueueReceive
 .text.xQueueSemaphoreTake
                0x000054a8      0x1a8 ./ra/aws/FreeRTOS/FreeRTOS/Source/queue.o
                0x000054a8                xQueueSemaphoreTake
 .text.vQueueAddToRegistry
                0x00005650       0x64 ./ra/aws/FreeRTOS/FreeRTOS/Source/queue.o
                0x00005650                vQueueAddToRegistry
 .text.vQueueWaitForMessageRestricted
                0x000056b4       0x50 ./ra/aws/FreeRTOS/FreeRTOS/Source/queue.o
                0x000056b4                vQueueWaitForMessageRestricted
 .text.prvAddNewTaskToReadyList
                0x00005704      0x128 ./ra/aws/FreeRTOS/FreeRTOS/Source/tasks.o
 .text.prvAddCurrentTaskToDelayedList
                0x0000582c       0xa4 ./ra/aws/FreeRTOS/FreeRTOS/Source/tasks.o
 .text.prvInitialiseNewTask.constprop.0
                0x000058d0       0xa0 ./ra/aws/FreeRTOS/FreeRTOS/Source/tasks.o
 .text.prvIdleTask
                0x00005970       0xa8 ./ra/aws/FreeRTOS/FreeRTOS/Source/tasks.o
 .text.xTaskIncrementTick.part.0
                0x00005a18      0x1b8 ./ra/aws/FreeRTOS/FreeRTOS/Source/tasks.o
 .text.xTaskCreateStatic
                0x00005bd0       0x9c ./ra/aws/FreeRTOS/FreeRTOS/Source/tasks.o
                0x00005bd0                xTaskCreateStatic
 .text.xTaskCreate
                0x00005c6c       0x64 ./ra/aws/FreeRTOS/FreeRTOS/Source/tasks.o
                0x00005c6c                xTaskCreate
 .text.vTaskDelete
                0x00005cd0      0x118 ./ra/aws/FreeRTOS/FreeRTOS/Source/tasks.o
                0x00005cd0                vTaskDelete
 .text.vTaskResume
                0x00005de8       0xc0 ./ra/aws/FreeRTOS/FreeRTOS/Source/tasks.o
                0x00005de8                vTaskResume
 .text.vTaskStartScheduler
                0x00005ea8       0x94 ./ra/aws/FreeRTOS/FreeRTOS/Source/tasks.o
                0x00005ea8                vTaskStartScheduler
 .text.vTaskSuspendAll
                0x00005f3c       0x10 ./ra/aws/FreeRTOS/FreeRTOS/Source/tasks.o
                0x00005f3c                vTaskSuspendAll
 .text.xTaskResumeAll
                0x00005f4c      0x1d0 ./ra/aws/FreeRTOS/FreeRTOS/Source/tasks.o
                0x00005f4c                xTaskResumeAll
 .text.vTaskDelay
                0x0000611c       0x50 ./ra/aws/FreeRTOS/FreeRTOS/Source/tasks.o
                0x0000611c                vTaskDelay
 .text.xTaskGetTickCount
                0x0000616c        0xc ./ra/aws/FreeRTOS/FreeRTOS/Source/tasks.o
                0x0000616c                xTaskGetTickCount
 .text.xTaskIncrementTick
                0x00006178       0x20 ./ra/aws/FreeRTOS/FreeRTOS/Source/tasks.o
                0x00006178                xTaskIncrementTick
 .text.vTaskSwitchContext
                0x00006198       0x90 ./ra/aws/FreeRTOS/FreeRTOS/Source/tasks.o
                0x00006198                vTaskSwitchContext
 .text.vTaskSuspend
                0x00006228       0xe4 ./ra/aws/FreeRTOS/FreeRTOS/Source/tasks.o
                0x00006228                vTaskSuspend
 .text.vTaskPlaceOnEventList
                0x0000630c       0x3c ./ra/aws/FreeRTOS/FreeRTOS/Source/tasks.o
                0x0000630c                vTaskPlaceOnEventList
 .text.vTaskPlaceOnEventListRestricted
                0x00006348       0x64 ./ra/aws/FreeRTOS/FreeRTOS/Source/tasks.o
                0x00006348                vTaskPlaceOnEventListRestricted
 .text.xTaskRemoveFromEventList
                0x000063ac       0xf0 ./ra/aws/FreeRTOS/FreeRTOS/Source/tasks.o
                0x000063ac                xTaskRemoveFromEventList
 .text.vTaskInternalSetTimeOutState
                0x0000649c       0x18 ./ra/aws/FreeRTOS/FreeRTOS/Source/tasks.o
                0x0000649c                vTaskInternalSetTimeOutState
 .text.xTaskCheckForTimeOut
                0x000064b4       0x90 ./ra/aws/FreeRTOS/FreeRTOS/Source/tasks.o
                0x000064b4                xTaskCheckForTimeOut
 .text.vTaskMissedYield
                0x00006544        0xc ./ra/aws/FreeRTOS/FreeRTOS/Source/tasks.o
                0x00006544                vTaskMissedYield
 .text.xTaskGetSchedulerState
                0x00006550       0x20 ./ra/aws/FreeRTOS/FreeRTOS/Source/tasks.o
                0x00006550                xTaskGetSchedulerState
 .text.xTaskPriorityInherit
                0x00006570       0x9c ./ra/aws/FreeRTOS/FreeRTOS/Source/tasks.o
                0x00006570                xTaskPriorityInherit
 .text.xTaskPriorityDisinherit
                0x0000660c       0xac ./ra/aws/FreeRTOS/FreeRTOS/Source/tasks.o
                0x0000660c                xTaskPriorityDisinherit
 .text.vTaskPriorityDisinheritAfterTimeout
                0x000066b8       0xc0 ./ra/aws/FreeRTOS/FreeRTOS/Source/tasks.o
                0x000066b8                vTaskPriorityDisinheritAfterTimeout
 .text.pvTaskIncrementMutexHeldCount
                0x00006778       0x18 ./ra/aws/FreeRTOS/FreeRTOS/Source/tasks.o
                0x00006778                pvTaskIncrementMutexHeldCount
 .text.prvCheckForValidListAndQueue
                0x00006790       0x6c ./ra/aws/FreeRTOS/FreeRTOS/Source/timers.o
 .text.prvProcessExpiredTimer
                0x000067fc       0x90 ./ra/aws/FreeRTOS/FreeRTOS/Source/timers.o
 .text.prvTimerTask
                0x0000688c      0x250 ./ra/aws/FreeRTOS/FreeRTOS/Source/timers.o
 .text.xTimerCreateTimerTask
                0x00006adc       0x6c ./ra/aws/FreeRTOS/FreeRTOS/Source/timers.o
                0x00006adc                xTimerCreateTimerTask
 .text          0x00006b48      0x378 C:/Program Files (x86)/Arm GNU Toolchain arm-none-eabi/13.2 Rel1/bin/../lib/gcc/arm-none-eabi/13.2.1/thumb/v8-m.main+fp/hard\libgcc.a(_arm_addsubdf3.o)
                0x00006b48                __aeabi_drsub
                0x00006b50                __aeabi_dsub
                0x00006b50                __subdf3
                0x00006b54                __aeabi_dadd
                0x00006b54                __adddf3
                0x00006dcc                __floatunsidf
                0x00006dcc                __aeabi_ui2d
                0x00006dec                __floatsidf
                0x00006dec                __aeabi_i2d
                0x00006e10                __aeabi_f2d
                0x00006e10                __extendsfdf2
                0x00006e54                __floatundidf
                0x00006e54                __aeabi_ul2d
                0x00006e64                __floatdidf
                0x00006e64                __aeabi_l2d
 .text          0x00006ec0       0xa0 C:/Program Files (x86)/Arm GNU Toolchain arm-none-eabi/13.2 Rel1/bin/../lib/gcc/arm-none-eabi/13.2.1/thumb/v8-m.main+fp/hard\libgcc.a(_arm_truncdfsf2.o)
                0x00006ec0                __truncdfsf2
                0x00006ec0                __aeabi_d2f
 .text.atof     0x00006f60        0x6 C:/Program Files (x86)/Arm GNU Toolchain arm-none-eabi/13.2 Rel1/bin/../lib/gcc/arm-none-eabi/13.2.1/thumb/v8-m.main+fp/hard\libg_nano.a(libc_a-atof.o)
                0x00006f60                atof
 *fill*         0x00006f66        0x2 ff
 .text.malloc   0x00006f68       0x10 C:/Program Files (x86)/Arm GNU Toolchain arm-none-eabi/13.2 Rel1/bin/../lib/gcc/arm-none-eabi/13.2.1/thumb/v8-m.main+fp/hard\libg_nano.a(libc_a-malloc.o)
                0x00006f68                malloc
 .text.free     0x00006f78       0x10 C:/Program Files (x86)/Arm GNU Toolchain arm-none-eabi/13.2 Rel1/bin/../lib/gcc/arm-none-eabi/13.2.1/thumb/v8-m.main+fp/hard\libg_nano.a(libc_a-malloc.o)
                0x00006f78                free
 .text.sbrk_aligned
                0x00006f88       0x44 C:/Program Files (x86)/Arm GNU Toolchain arm-none-eabi/13.2 Rel1/bin/../lib/gcc/arm-none-eabi/13.2.1/thumb/v8-m.main+fp/hard\libg_nano.a(libc_a-mallocr.o)
 .text._malloc_r
                0x00006fcc      0x100 C:/Program Files (x86)/Arm GNU Toolchain arm-none-eabi/13.2 Rel1/bin/../lib/gcc/arm-none-eabi/13.2.1/thumb/v8-m.main+fp/hard\libg_nano.a(libc_a-mallocr.o)
                0x00006fcc                _malloc_r
 .text.__malloc_lock
                0x000070cc        0xc C:/Program Files (x86)/Arm GNU Toolchain arm-none-eabi/13.2 Rel1/bin/../lib/gcc/arm-none-eabi/13.2.1/thumb/v8-m.main+fp/hard\libg_nano.a(libc_a-mlock.o)
                0x000070cc                __malloc_lock
 .text.__malloc_unlock
                0x000070d8        0xc C:/Program Files (x86)/Arm GNU Toolchain arm-none-eabi/13.2 Rel1/bin/../lib/gcc/arm-none-eabi/13.2.1/thumb/v8-m.main+fp/hard\libg_nano.a(libc_a-mlock.o)
                0x000070d8                __malloc_unlock
 .text.sulp     0x000070e4       0x3c C:/Program Files (x86)/Arm GNU Toolchain arm-none-eabi/13.2 Rel1/bin/../lib/gcc/arm-none-eabi/13.2.1/thumb/v8-m.main+fp/hard\libg_nano.a(libc_a-strtod.o)
 .text._strtod_l
                0x00007120      0xbc8 C:/Program Files (x86)/Arm GNU Toolchain arm-none-eabi/13.2 Rel1/bin/../lib/gcc/arm-none-eabi/13.2.1/thumb/v8-m.main+fp/hard\libg_nano.a(libc_a-strtod.o)
                0x00007120                _strtod_l
 .text._strtod_r
                0x00007ce8        0xc C:/Program Files (x86)/Arm GNU Toolchain arm-none-eabi/13.2 Rel1/bin/../lib/gcc/arm-none-eabi/13.2.1/thumb/v8-m.main+fp/hard\libg_nano.a(libc_a-strtod.o)
                0x00007ce8                _strtod_r
 .text.strtod   0x00007cf4       0x18 C:/Program Files (x86)/Arm GNU Toolchain arm-none-eabi/13.2 Rel1/bin/../lib/gcc/arm-none-eabi/13.2.1/thumb/v8-m.main+fp/hard\libg_nano.a(libc_a-strtod.o)
                0x00007cf4                strtod
 .text.strtof   0x00007d0c       0xc8 C:/Program Files (x86)/Arm GNU Toolchain arm-none-eabi/13.2 Rel1/bin/../lib/gcc/arm-none-eabi/13.2.1/thumb/v8-m.main+fp/hard\libg_nano.a(libc_a-strtod.o)
                0x00007d0c                strtof
 .text._strtol_l.isra.0
                0x00007dd4       0xf4 C:/Program Files (x86)/Arm GNU Toolchain arm-none-eabi/13.2 Rel1/bin/../lib/gcc/arm-none-eabi/13.2.1/thumb/v8-m.main+fp/hard\libg_nano.a(libc_a-strtol.o)
 .text._strtol_r
                0x00007ec8        0x4 C:/Program Files (x86)/Arm GNU Toolchain arm-none-eabi/13.2 Rel1/bin/../lib/gcc/arm-none-eabi/13.2.1/thumb/v8-m.main+fp/hard\libg_nano.a(libc_a-strtol.o)
                0x00007ec8                _strtol_r
 .text.strtol   0x00007ecc       0x14 C:/Program Files (x86)/Arm GNU Toolchain arm-none-eabi/13.2 Rel1/bin/../lib/gcc/arm-none-eabi/13.2.1/thumb/v8-m.main+fp/hard\libg_nano.a(libc_a-strtol.o)
                0x00007ecc                strtol
 .text.__cvt    0x00007ee0       0xca C:/Program Files (x86)/Arm GNU Toolchain arm-none-eabi/13.2 Rel1/bin/../lib/gcc/arm-none-eabi/13.2.1/thumb/v8-m.main+fp/hard\libg_nano.a(libc_a-nano-vfprintf_float.o)
                0x00007ee0                __cvt
 .text.__exponent
                0x00007faa       0x72 C:/Program Files (x86)/Arm GNU Toolchain arm-none-eabi/13.2 Rel1/bin/../lib/gcc/arm-none-eabi/13.2.1/thumb/v8-m.main+fp/hard\libg_nano.a(libc_a-nano-vfprintf_float.o)
                0x00007faa                __exponent
 .text._printf_float
                0x0000801c      0x454 C:/Program Files (x86)/Arm GNU Toolchain arm-none-eabi/13.2 Rel1/bin/../lib/gcc/arm-none-eabi/13.2.1/thumb/v8-m.main+fp/hard\libg_nano.a(libc_a-nano-vfprintf_float.o)
                0x0000801c                _printf_float
 .text._printf_common
                0x00008470       0xe4 C:/Program Files (x86)/Arm GNU Toolchain arm-none-eabi/13.2 Rel1/bin/../lib/gcc/arm-none-eabi/13.2.1/thumb/v8-m.main+fp/hard\libg_nano.a(libc_a-nano-vfprintf_i.o)
                0x00008470                _printf_common
 .text._printf_i
                0x00008554      0x23c C:/Program Files (x86)/Arm GNU Toolchain arm-none-eabi/13.2 Rel1/bin/../lib/gcc/arm-none-eabi/13.2.1/thumb/v8-m.main+fp/hard\libg_nano.a(libc_a-nano-vfprintf_i.o)
                0x00008554                _printf_i
 .text._scanf_float
                0x00008790      0x424 C:/Program Files (x86)/Arm GNU Toolchain arm-none-eabi/13.2 Rel1/bin/../lib/gcc/arm-none-eabi/13.2.1/thumb/v8-m.main+fp/hard\libg_nano.a(libc_a-nano-vfscanf_float.o)
                0x00008790                _scanf_float
 .text.snprintf
                0x00008bb4       0x68 C:/Program Files (x86)/Arm GNU Toolchain arm-none-eabi/13.2 Rel1/bin/../lib/gcc/arm-none-eabi/13.2.1/thumb/v8-m.main+fp/hard\libg_nano.a(libc_a-snprintf.o)
                0x00008bb4                sniprintf
                0x00008bb4                snprintf
 .text.sprintf  0x00008c1c       0x40 C:/Program Files (x86)/Arm GNU Toolchain arm-none-eabi/13.2 Rel1/bin/../lib/gcc/arm-none-eabi/13.2.1/thumb/v8-m.main+fp/hard\libg_nano.a(libc_a-sprintf.o)
                0x00008c1c                siprintf
                0x00008c1c                sprintf
 .text.memset   0x00008c5c       0x10 C:/Program Files (x86)/Arm GNU Toolchain arm-none-eabi/13.2 Rel1/bin/../lib/gcc/arm-none-eabi/13.2.1/thumb/v8-m.main+fp/hard\libg_nano.a(libc_a-memset.o)
                0x00008c5c                memset
 .text.strdup   0x00008c6c       0x10 C:/Program Files (x86)/Arm GNU Toolchain arm-none-eabi/13.2 Rel1/bin/../lib/gcc/arm-none-eabi/13.2.1/thumb/v8-m.main+fp/hard\libg_nano.a(libc_a-strdup.o)
                0x00008c6c                strdup
 .text._strdup_r
                0x00008c7c       0x26 C:/Program Files (x86)/Arm GNU Toolchain arm-none-eabi/13.2 Rel1/bin/../lib/gcc/arm-none-eabi/13.2.1/thumb/v8-m.main+fp/hard\libg_nano.a(libc_a-strdup_r.o)
                0x00008c7c                _strdup_r
 .text.strncmp  0x00008ca2       0x24 C:/Program Files (x86)/Arm GNU Toolchain arm-none-eabi/13.2 Rel1/bin/../lib/gcc/arm-none-eabi/13.2.1/thumb/v8-m.main+fp/hard\libg_nano.a(libc_a-strncmp.o)
                0x00008ca2                strncmp
 .text.strncpy  0x00008cc6       0x26 C:/Program Files (x86)/Arm GNU Toolchain arm-none-eabi/13.2 Rel1/bin/../lib/gcc/arm-none-eabi/13.2.1/thumb/v8-m.main+fp/hard\libg_nano.a(libc_a-strncpy.o)
                0x00008cc6                strncpy
 .text.strrchr  0x00008cec       0x2c C:/Program Files (x86)/Arm GNU Toolchain arm-none-eabi/13.2 Rel1/bin/../lib/gcc/arm-none-eabi/13.2.1/thumb/v8-m.main+fp/hard\libg_nano.a(libc_a-strrchr.o)
                0x00008cec                strrchr
 .text.strtok   0x00008d18       0x68 C:/Program Files (x86)/Arm GNU Toolchain arm-none-eabi/13.2 Rel1/bin/../lib/gcc/arm-none-eabi/13.2.1/thumb/v8-m.main+fp/hard\libg_nano.a(libc_a-strtok.o)
                0x00008d18                strtok
 .text.__strtok_r
                0x00008d80       0x50 C:/Program Files (x86)/Arm GNU Toolchain arm-none-eabi/13.2 Rel1/bin/../lib/gcc/arm-none-eabi/13.2.1/thumb/v8-m.main+fp/hard\libg_nano.a(libc_a-strtok_r.o)
                0x00008d80                __strtok_r
 .text.strstr   0x00008dd0       0x2c C:/Program Files (x86)/Arm GNU Toolchain arm-none-eabi/13.2 Rel1/bin/../lib/gcc/arm-none-eabi/13.2.1/thumb/v8-m.main+fp/hard\libg_nano.a(libc_a-strstr.o)
                0x00008dd0                strstr
 .text._localeconv_r
                0x00008dfc        0x8 C:/Program Files (x86)/Arm GNU Toolchain arm-none-eabi/13.2 Rel1/bin/../lib/gcc/arm-none-eabi/13.2.1/thumb/v8-m.main+fp/hard\libg_nano.a(libc_a-localeconv.o)
                0x00008dfc                _localeconv_r
 .text._sbrk_r  0x00008e04       0x20 C:/Program Files (x86)/Arm GNU Toolchain arm-none-eabi/13.2 Rel1/bin/../lib/gcc/arm-none-eabi/13.2.1/thumb/v8-m.main+fp/hard\libg_nano.a(libc_a-sbrkr.o)
                0x00008e04                _sbrk_r
 .text.__errno  0x00008e24        0xc C:/Program Files (x86)/Arm GNU Toolchain arm-none-eabi/13.2 Rel1/bin/../lib/gcc/arm-none-eabi/13.2.1/thumb/v8-m.main+fp/hard\libg_nano.a(libc_a-errno.o)
                0x00008e24                __errno
 .text.__retarget_lock_acquire_recursive
                0x00008e30        0x2 C:/Program Files (x86)/Arm GNU Toolchain arm-none-eabi/13.2 Rel1/bin/../lib/gcc/arm-none-eabi/13.2.1/thumb/v8-m.main+fp/hard\libg_nano.a(libc_a-lock.o)
                0x00008e30                __retarget_lock_acquire_recursive
 .text.__retarget_lock_release_recursive
                0x00008e32        0x2 C:/Program Files (x86)/Arm GNU Toolchain arm-none-eabi/13.2 Rel1/bin/../lib/gcc/arm-none-eabi/13.2.1/thumb/v8-m.main+fp/hard\libg_nano.a(libc_a-lock.o)
                0x00008e32                __retarget_lock_release_recursive
 .text.strcpy   0x00008e34       0x10 C:/Program Files (x86)/Arm GNU Toolchain arm-none-eabi/13.2 Rel1/bin/../lib/gcc/arm-none-eabi/13.2.1/thumb/v8-m.main+fp/hard\libg_nano.a(libc_a-strcpy.o)
                0x00008e34                strcpy
 .text.memchr   0x00008e44       0x1c C:/Program Files (x86)/Arm GNU Toolchain arm-none-eabi/13.2 Rel1/bin/../lib/gcc/arm-none-eabi/13.2.1/thumb/v8-m.main+fp/hard\libg_nano.a(libc_a-memchr-stub.o)
                0x00008e44                memchr
 .text.memcpy   0x00008e60       0x1a C:/Program Files (x86)/Arm GNU Toolchain arm-none-eabi/13.2 Rel1/bin/../lib/gcc/arm-none-eabi/13.2.1/thumb/v8-m.main+fp/hard\libg_nano.a(libc_a-memcpy-stub.o)
                0x00008e60                memcpy
 .text          0x00008e7a       0x10 C:/Program Files (x86)/Arm GNU Toolchain arm-none-eabi/13.2 Rel1/bin/../lib/gcc/arm-none-eabi/13.2.1/thumb/v8-m.main+fp/hard\libg_nano.a(libc_a-strlen.o)
                0x00008e7a                strlen
 *fill*         0x00008e8a        0x6 ff
 .text.nan      0x00008e90       0x10 C:/Program Files (x86)/Arm GNU Toolchain arm-none-eabi/13.2 Rel1/bin/../lib/gcc/arm-none-eabi/13.2.1/thumb/v8-m.main+fp/hard\libg_nano.a(libm_a-s_nan.o)
                0x00008e90                nan
 .text.nanf     0x00008ea0        0xc C:/Program Files (x86)/Arm GNU Toolchain arm-none-eabi/13.2 Rel1/bin/../lib/gcc/arm-none-eabi/13.2.1/thumb/v8-m.main+fp/hard\libg_nano.a(libm_a-sf_nan.o)
                0x00008ea0                nanf
 .text.quorem   0x00008eac      0x11a C:/Program Files (x86)/Arm GNU Toolchain arm-none-eabi/13.2 Rel1/bin/../lib/gcc/arm-none-eabi/13.2.1/thumb/v8-m.main+fp/hard\libg_nano.a(libc_a-dtoa.o)
 *fill*         0x00008fc6        0x2 ff
 .text._dtoa_r  0x00008fc8      0xb7c C:/Program Files (x86)/Arm GNU Toolchain arm-none-eabi/13.2 Rel1/bin/../lib/gcc/arm-none-eabi/13.2.1/thumb/v8-m.main+fp/hard\libg_nano.a(libc_a-dtoa.o)
                0x00008fc8                _dtoa_r
 .text._free_r  0x00009b44       0x94 C:/Program Files (x86)/Arm GNU Toolchain arm-none-eabi/13.2 Rel1/bin/../lib/gcc/arm-none-eabi/13.2.1/thumb/v8-m.main+fp/hard\libg_nano.a(libc_a-freer.o)
                0x00009b44                _free_r
 .text.rshift   0x00009bd8       0xa2 C:/Program Files (x86)/Arm GNU Toolchain arm-none-eabi/13.2 Rel1/bin/../lib/gcc/arm-none-eabi/13.2.1/thumb/v8-m.main+fp/hard\libg_nano.a(libc_a-gdtoa-gethex.o)
 .text.__hexdig_fun
                0x00009c7a       0x2a C:/Program Files (x86)/Arm GNU Toolchain arm-none-eabi/13.2 Rel1/bin/../lib/gcc/arm-none-eabi/13.2.1/thumb/v8-m.main+fp/hard\libg_nano.a(libc_a-gdtoa-gethex.o)
                0x00009c7a                __hexdig_fun
 .text.__gethex
                0x00009ca4      0x41c C:/Program Files (x86)/Arm GNU Toolchain arm-none-eabi/13.2 Rel1/bin/../lib/gcc/arm-none-eabi/13.2.1/thumb/v8-m.main+fp/hard\libg_nano.a(libc_a-gdtoa-gethex.o)
                0x00009ca4                __gethex
 .text.L_shift  0x0000a0c0       0x24 C:/Program Files (x86)/Arm GNU Toolchain arm-none-eabi/13.2 Rel1/bin/../lib/gcc/arm-none-eabi/13.2.1/thumb/v8-m.main+fp/hard\libg_nano.a(libc_a-gdtoa-hexnan.o)
 .text.__match  0x0000a0e4       0x28 C:/Program Files (x86)/Arm GNU Toolchain arm-none-eabi/13.2 Rel1/bin/../lib/gcc/arm-none-eabi/13.2.1/thumb/v8-m.main+fp/hard\libg_nano.a(libc_a-gdtoa-hexnan.o)
                0x0000a0e4                __match
 .text.__hexnan
                0x0000a10c      0x136 C:/Program Files (x86)/Arm GNU Toolchain arm-none-eabi/13.2 Rel1/bin/../lib/gcc/arm-none-eabi/13.2.1/thumb/v8-m.main+fp/hard\libg_nano.a(libc_a-gdtoa-hexnan.o)
                0x0000a10c                __hexnan
 .text.__ascii_mbtowc
                0x0000a242       0x24 C:/Program Files (x86)/Arm GNU Toolchain arm-none-eabi/13.2 Rel1/bin/../lib/gcc/arm-none-eabi/13.2.1/thumb/v8-m.main+fp/hard\libg_nano.a(libc_a-mbtowc_r.o)
                0x0000a242                __ascii_mbtowc
 *fill*         0x0000a266        0x2 ff
 .text._Balloc  0x0000a268       0x80 C:/Program Files (x86)/Arm GNU Toolchain arm-none-eabi/13.2 Rel1/bin/../lib/gcc/arm-none-eabi/13.2.1/thumb/v8-m.main+fp/hard\libg_nano.a(libc_a-mprec.o)
                0x0000a268                _Balloc
 .text._Bfree   0x0000a2e8       0x44 C:/Program Files (x86)/Arm GNU Toolchain arm-none-eabi/13.2 Rel1/bin/../lib/gcc/arm-none-eabi/13.2.1/thumb/v8-m.main+fp/hard\libg_nano.a(libc_a-mprec.o)
                0x0000a2e8                _Bfree
 .text.__multadd
                0x0000a32c       0x90 C:/Program Files (x86)/Arm GNU Toolchain arm-none-eabi/13.2 Rel1/bin/../lib/gcc/arm-none-eabi/13.2.1/thumb/v8-m.main+fp/hard\libg_nano.a(libc_a-mprec.o)
                0x0000a32c                __multadd
 .text.__s2b    0x0000a3bc       0x94 C:/Program Files (x86)/Arm GNU Toolchain arm-none-eabi/13.2 Rel1/bin/../lib/gcc/arm-none-eabi/13.2.1/thumb/v8-m.main+fp/hard\libg_nano.a(libc_a-mprec.o)
                0x0000a3bc                __s2b
 .text.__hi0bits
                0x0000a450       0x3e C:/Program Files (x86)/Arm GNU Toolchain arm-none-eabi/13.2 Rel1/bin/../lib/gcc/arm-none-eabi/13.2.1/thumb/v8-m.main+fp/hard\libg_nano.a(libc_a-mprec.o)
                0x0000a450                __hi0bits
 .text.__lo0bits
                0x0000a48e       0x5a C:/Program Files (x86)/Arm GNU Toolchain arm-none-eabi/13.2 Rel1/bin/../lib/gcc/arm-none-eabi/13.2.1/thumb/v8-m.main+fp/hard\libg_nano.a(libc_a-mprec.o)
                0x0000a48e                __lo0bits
 .text.__i2b    0x0000a4e8       0x2c C:/Program Files (x86)/Arm GNU Toolchain arm-none-eabi/13.2 Rel1/bin/../lib/gcc/arm-none-eabi/13.2.1/thumb/v8-m.main+fp/hard\libg_nano.a(libc_a-mprec.o)
                0x0000a4e8                __i2b
 .text.__multiply
                0x0000a514      0x148 C:/Program Files (x86)/Arm GNU Toolchain arm-none-eabi/13.2 Rel1/bin/../lib/gcc/arm-none-eabi/13.2.1/thumb/v8-m.main+fp/hard\libg_nano.a(libc_a-mprec.o)
                0x0000a514                __multiply
 .text.__pow5mult
                0x0000a65c       0xb4 C:/Program Files (x86)/Arm GNU Toolchain arm-none-eabi/13.2 Rel1/bin/../lib/gcc/arm-none-eabi/13.2.1/thumb/v8-m.main+fp/hard\libg_nano.a(libc_a-mprec.o)
                0x0000a65c                __pow5mult
 .text.__lshift
                0x0000a710       0xd8 C:/Program Files (x86)/Arm GNU Toolchain arm-none-eabi/13.2 Rel1/bin/../lib/gcc/arm-none-eabi/13.2.1/thumb/v8-m.main+fp/hard\libg_nano.a(libc_a-mprec.o)
                0x0000a710                __lshift
 .text.__mcmp   0x0000a7e8       0x36 C:/Program Files (x86)/Arm GNU Toolchain arm-none-eabi/13.2 Rel1/bin/../lib/gcc/arm-none-eabi/13.2.1/thumb/v8-m.main+fp/hard\libg_nano.a(libc_a-mprec.o)
                0x0000a7e8                __mcmp
 *fill*         0x0000a81e        0x2 ff
 .text.__mdiff  0x0000a820      0x130 C:/Program Files (x86)/Arm GNU Toolchain arm-none-eabi/13.2 Rel1/bin/../lib/gcc/arm-none-eabi/13.2.1/thumb/v8-m.main+fp/hard\libg_nano.a(libc_a-mprec.o)
                0x0000a820                __mdiff
 .text.__ulp    0x0000a950       0x4c C:/Program Files (x86)/Arm GNU Toolchain arm-none-eabi/13.2 Rel1/bin/../lib/gcc/arm-none-eabi/13.2.1/thumb/v8-m.main+fp/hard\libg_nano.a(libc_a-mprec.o)
                0x0000a950                __ulp
 .text.__b2d    0x0000a99c       0x9c C:/Program Files (x86)/Arm GNU Toolchain arm-none-eabi/13.2 Rel1/bin/../lib/gcc/arm-none-eabi/13.2.1/thumb/v8-m.main+fp/hard\libg_nano.a(libc_a-mprec.o)
                0x0000a99c                __b2d
 .text.__d2b    0x0000aa38       0xb0 C:/Program Files (x86)/Arm GNU Toolchain arm-none-eabi/13.2 Rel1/bin/../lib/gcc/arm-none-eabi/13.2.1/thumb/v8-m.main+fp/hard\libg_nano.a(libc_a-mprec.o)
                0x0000aa38                __d2b
 .text.__ratio  0x0000aae8       0x64 C:/Program Files (x86)/Arm GNU Toolchain arm-none-eabi/13.2 Rel1/bin/../lib/gcc/arm-none-eabi/13.2.1/thumb/v8-m.main+fp/hard\libg_nano.a(libc_a-mprec.o)
                0x0000aae8                __ratio
 .text.__copybits
                0x0000ab4c       0x46 C:/Program Files (x86)/Arm GNU Toolchain arm-none-eabi/13.2 Rel1/bin/../lib/gcc/arm-none-eabi/13.2.1/thumb/v8-m.main+fp/hard\libg_nano.a(libc_a-mprec.o)
                0x0000ab4c                __copybits
 .text.__any_on
                0x0000ab92       0x42 C:/Program Files (x86)/Arm GNU Toolchain arm-none-eabi/13.2 Rel1/bin/../lib/gcc/arm-none-eabi/13.2.1/thumb/v8-m.main+fp/hard\libg_nano.a(libc_a-mprec.o)
                0x0000ab92                __any_on
 .text.__ascii_wctomb
                0x0000abd4       0x1a C:/Program Files (x86)/Arm GNU Toolchain arm-none-eabi/13.2 Rel1/bin/../lib/gcc/arm-none-eabi/13.2.1/thumb/v8-m.main+fp/hard\libg_nano.a(libc_a-wctomb_r.o)
                0x0000abd4                __ascii_wctomb
 .text.__ssputs_r
                0x0000abee       0xb6 C:/Program Files (x86)/Arm GNU Toolchain arm-none-eabi/13.2 Rel1/bin/../lib/gcc/arm-none-eabi/13.2.1/thumb/v8-m.main+fp/hard\libg_nano.a(libc_a-nano-svfprintf.o)
                0x0000abee                __ssputs_r
 .text._svfprintf_r
                0x0000aca4      0x1f8 C:/Program Files (x86)/Arm GNU Toolchain arm-none-eabi/13.2 Rel1/bin/../lib/gcc/arm-none-eabi/13.2.1/thumb/v8-m.main+fp/hard\libg_nano.a(libc_a-nano-svfprintf.o)
                0x0000aca4                _svfiprintf_r
                0x0000aca4                _svfprintf_r
 .text.memmove  0x0000ae9c       0x34 C:/Program Files (x86)/Arm GNU Toolchain arm-none-eabi/13.2 Rel1/bin/../lib/gcc/arm-none-eabi/13.2.1/thumb/v8-m.main+fp/hard\libg_nano.a(libc_a-memmove.o)
                0x0000ae9c                memmove
 .text.strchr   0x0000aed0       0x1a C:/Program Files (x86)/Arm GNU Toolchain arm-none-eabi/13.2 Rel1/bin/../lib/gcc/arm-none-eabi/13.2.1/thumb/v8-m.main+fp/hard\libg_nano.a(libc_a-strchr.o)
                0x0000aed0                strchr
 .text._calloc_r
                0x0000aeea       0x28 C:/Program Files (x86)/Arm GNU Toolchain arm-none-eabi/13.2 Rel1/bin/../lib/gcc/arm-none-eabi/13.2.1/thumb/v8-m.main+fp/hard\libg_nano.a(libc_a-callocr.o)
                0x0000aeea                _calloc_r
 .text._realloc_r
                0x0000af12       0x5c C:/Program Files (x86)/Arm GNU Toolchain arm-none-eabi/13.2 Rel1/bin/../lib/gcc/arm-none-eabi/13.2.1/thumb/v8-m.main+fp/hard\libg_nano.a(libc_a-reallocr.o)
                0x0000af12                _realloc_r
 .text._malloc_usable_size_r
                0x0000af6e       0x10 C:/Program Files (x86)/Arm GNU Toolchain arm-none-eabi/13.2 Rel1/bin/../lib/gcc/arm-none-eabi/13.2.1/thumb/v8-m.main+fp/hard\libg_nano.a(libc_a-msizer.o)
                0x0000af6e                _malloc_usable_size_r
 *fill*         0x0000af7e        0x2 ff
 .text          0x0000af80      0x424 C:/Program Files (x86)/Arm GNU Toolchain arm-none-eabi/13.2 Rel1/bin/../lib/gcc/arm-none-eabi/13.2.1/thumb/v8-m.main+fp/hard\libgcc.a(_arm_muldivdf3.o)
                0x0000af80                __aeabi_dmul
                0x0000af80                __muldf3
                0x0000b1d4                __divdf3
                0x0000b1d4                __aeabi_ddiv
 .text          0x0000b3a4      0x110 C:/Program Files (x86)/Arm GNU Toolchain arm-none-eabi/13.2 Rel1/bin/../lib/gcc/arm-none-eabi/13.2.1/thumb/v8-m.main+fp/hard\libgcc.a(_arm_cmpdf2.o)
                0x0000b3a4                __gtdf2
                0x0000b3a4                __gedf2
                0x0000b3ac                __ltdf2
                0x0000b3ac                __ledf2
                0x0000b3b4                __nedf2
                0x0000b3b4                __eqdf2
                0x0000b3b4                __cmpdf2
                0x0000b430                __aeabi_cdrcmple
                0x0000b440                __aeabi_cdcmpeq
                0x0000b440                __aeabi_cdcmple
                0x0000b450                __aeabi_dcmpeq
                0x0000b464                __aeabi_dcmplt
                0x0000b478                __aeabi_dcmple
                0x0000b48c                __aeabi_dcmpge
                0x0000b4a0                __aeabi_dcmpgt
 .text          0x0000b4b4       0x2c C:/Program Files (x86)/Arm GNU Toolchain arm-none-eabi/13.2 Rel1/bin/../lib/gcc/arm-none-eabi/13.2.1/thumb/v8-m.main+fp/hard\libgcc.a(_arm_unorddf2.o)
                0x0000b4b4                __unorddf2
                0x0000b4b4                __aeabi_dcmpun
 .text          0x0000b4e0       0x50 C:/Program Files (x86)/Arm GNU Toolchain arm-none-eabi/13.2 Rel1/bin/../lib/gcc/arm-none-eabi/13.2.1/thumb/v8-m.main+fp/hard\libgcc.a(_arm_fixdfsi.o)
                0x0000b4e0                __aeabi_d2iz
                0x0000b4e0                __fixdfsi
 .text          0x0000b530       0x40 C:/Program Files (x86)/Arm GNU Toolchain arm-none-eabi/13.2 Rel1/bin/../lib/gcc/arm-none-eabi/13.2.1/thumb/v8-m.main+fp/hard\libgcc.a(_arm_fixunsdfsi.o)
                0x0000b530                __aeabi_d2uiz
                0x0000b530                __fixunsdfsi
 .text.__fixdfdi
                0x0000b570       0x30 C:/Program Files (x86)/Arm GNU Toolchain arm-none-eabi/13.2 Rel1/bin/../lib/gcc/arm-none-eabi/13.2.1/thumb/v8-m.main+fp/hard\libgcc.a(_fixdfdi.o)
                0x0000b570                __fixdfdi
                0x0000b570                __aeabi_d2lz
 .text.__fixunsdfdi
                0x0000b5a0       0x3c C:/Program Files (x86)/Arm GNU Toolchain arm-none-eabi/13.2 Rel1/bin/../lib/gcc/arm-none-eabi/13.2.1/thumb/v8-m.main+fp/hard\libgcc.a(_fixunsdfdi.o)
                0x0000b5a0                __fixunsdfdi
                0x0000b5a0                __aeabi_d2ulz
 *(.version)
 .version       0x0000b5dc       0x50 ./ra/fsp/src/bsp/mcu/all/bsp_common.o
 *(.init)
 .init          0x0000b62c        0x4 C:/Program Files (x86)/Arm GNU Toolchain arm-none-eabi/13.2 Rel1/bin/../lib/gcc/arm-none-eabi/13.2.1/thumb/v8-m.main+fp/hard/crti.o
                0x0000b62c                _init
 .init          0x0000b630        0x8 C:/Program Files (x86)/Arm GNU Toolchain arm-none-eabi/13.2 Rel1/bin/../lib/gcc/arm-none-eabi/13.2.1/thumb/v8-m.main+fp/hard/crtn.o
 *(.fini)
 .fini          0x0000b638        0x4 C:/Program Files (x86)/Arm GNU Toolchain arm-none-eabi/13.2 Rel1/bin/../lib/gcc/arm-none-eabi/13.2.1/thumb/v8-m.main+fp/hard/crti.o
                0x0000b638                _fini
 .fini          0x0000b63c        0x8 C:/Program Files (x86)/Arm GNU Toolchain arm-none-eabi/13.2 Rel1/bin/../lib/gcc/arm-none-eabi/13.2.1/thumb/v8-m.main+fp/hard/crtn.o
 *crtbegin.o(.ctors)
 *crtbegin?.o(.ctors)
 *(EXCLUDE_FILE(*crtend.o *crtend?.o) .ctors)
 *(SORT_BY_NAME(.ctors.*))
 *(.ctors)
 *crtbegin.o(.dtors)
 *crtbegin?.o(.dtors)
 *(EXCLUDE_FILE(*crtend.o *crtend?.o) .dtors)
 *(SORT_BY_NAME(.dtors.*))
 *(.dtors)
 *(.rodata*)
 .rodata.nmea_GNGGA.str1.4
                0x0000b644      0xafc ./src/nmea_p/nmea_parse.o
                                  0x2 (size before relaxing)
 .rodata.nmea_parse.str1.4
                0x0000c140      0x123 ./src/nmea_p/nmea_parse.o
 .rodata.send_uart_command.str1.4
                0x0000c140       0x1b ./src/nmea_p/uart_mqtt.o
 .rodata.setupMQTT.str1.4
                0x0000c140       0xb6 ./src/nmea_p/uart_mqtt.o
 .rodata.pub_mess.str1.4
                0x0000c140       0x4f ./src/nmea_p/uart_mqtt.o
 .rodata._DoInit.str1.4
                0x0000c140        0x9 ./src/RTT/SEGGER_RTT.o
 .rodata._aInitStr.0
                0x0000c140       0x11 ./src/RTT/SEGGER_RTT.o
 .rodata.SEGGER_RTT_vprintf.str1.4
                0x0000c151        0x7 ./src/RTT/SEGGER_RTT_printf.o
 *fill*         0x0000c151        0x3 ff
 .rodata._aV2C.0
                0x0000c154       0x10 ./src/RTT/SEGGER_RTT_printf.o
 .rodata.font16x26
                0x0000c164     0x134c ./src/LCD/LCD_Driver.o
 .rodata.font11x18
                0x0000d4b0      0xd5c ./src/LCD/LCD_Driver.o
 .rodata.font8x16
                0x0000e20c      0xbe0 ./src/LCD/LCD_Driver.o
 .rodata.font6x8
                0x0000edec      0x5b0 ./src/LCD/LCD_Driver.o
 .rodata.OBU_GNSS_entry.str1.4
                0x0000f39c       0x36 ./src/OBU_GNSS_entry.o
 .rodata.OBU_INIT_entry.str1.4
                0x0000f39c       0x68 ./src/OBU_INIT_entry.o
 .rodata.icon_Power_On
                0x0000f39c     0x4c90 ./src/OBU_INIT_entry.o
 .rodata.icon_GPS_On
                0x0001402c     0x4c90 ./src/OBU_INIT_entry.o
 .rodata.icon_4G_On
                0x00018cbc     0x4c90 ./src/OBU_INIT_entry.o
 .rodata.OBU_LCD_entry.str1.4
                0x0001d94c       0x6d ./src/OBU_LCD_entry.o
 .rodata.icon_GPS_On
                0x0001d94c     0x4c90 ./src/OBU_LCD_entry.o
 .rodata.icon_GPS_Off
                0x000225dc     0x4c90 ./src/OBU_LCD_entry.o
 .rodata.icon_4G_On
                0x0002726c     0x4c90 ./src/OBU_LCD_entry.o
 .rodata.icon_4G_Off
                0x0002befc     0x4c90 ./src/OBU_LCD_entry.o
 .rodata.uart_simcom_callback.str1.4
                0x00030b8c       0x17 ./src/OBU_MQTT_entry.o
 .rodata.OBU_MQTT_entry.str1.4
                0x00030b8c       0x22 ./src/OBU_MQTT_entry.o
 .rodata.OBU_RECONNECT_entry.str1.4
                0x00030b8c       0x34 ./src/OBU_RECONNECT_entry.o
 .rodata.OBU_GNSS_create.str1.4
                0x00030b8c        0x9 ./ra_gen/OBU_GNSS.o
 .rodata.OBU_GNSS_parameters
                0x00030b8c        0x4 ./ra_gen/OBU_GNSS.o
                0x00030b8c                OBU_GNSS_parameters
 .rodata.OBU_INIT_create.str1.4
                0x00030b90        0x9 ./ra_gen/OBU_INIT.o
 .rodata.OBU_INIT_parameters
                0x00030b90        0x4 ./ra_gen/OBU_INIT.o
                0x00030b90                OBU_INIT_parameters
 .rodata.OBU_LCD_create.str1.4
                0x00030b94        0x8 ./ra_gen/OBU_LCD.o
 .rodata.OBU_LCD_parameters
                0x00030b94        0x4 ./ra_gen/OBU_LCD.o
                0x00030b94                OBU_LCD_parameters
 .rodata.OBU_MQTT_create.str1.4
                0x00030b98        0x9 ./ra_gen/OBU_MQTT.o
 .rodata.OBU_MQTT_parameters
                0x00030b98        0x4 ./ra_gen/OBU_MQTT.o
                0x00030b98                OBU_MQTT_parameters
 .rodata.OBU_RECONNECT_create.str1.4
                0x00030b9c        0xe ./ra_gen/OBU_RECONNECT.o
 .rodata.OBU_RECONNECT_parameters
                0x00030b9c        0x4 ./ra_gen/OBU_RECONNECT.o
                0x00030b9c                OBU_RECONNECT_parameters
 .rodata.g_spi0_cfg
                0x00030ba0       0x24 ./ra_gen/hal_data.o
                0x00030ba0                g_spi0_cfg
 .rodata.g_spi0_cfg_extend
                0x00030bc4        0x3 ./ra_gen/hal_data.o
                0x00030bc4                g_spi0_cfg_extend
 *fill*         0x00030bc7        0x1 ff
 .rodata.g_transfer1
                0x00030bc8        0xc ./ra_gen/hal_data.o
                0x00030bc8                g_transfer1
 .rodata.g_transfer1_cfg
                0x00030bd4        0x8 ./ra_gen/hal_data.o
                0x00030bd4                g_transfer1_cfg
 .rodata.g_transfer1_cfg_extend
                0x00030bdc        0x1 ./ra_gen/hal_data.o
                0x00030bdc                g_transfer1_cfg_extend
 *fill*         0x00030bdd        0x3 ff
 .rodata.g_transfer0
                0x00030be0        0xc ./ra_gen/hal_data.o
                0x00030be0                g_transfer0
 .rodata.g_transfer0_cfg
                0x00030bec        0x8 ./ra_gen/hal_data.o
                0x00030bec                g_transfer0_cfg
 .rodata.g_transfer0_cfg_extend
                0x00030bf4        0x1 ./ra_gen/hal_data.o
                0x00030bf4                g_transfer0_cfg_extend
 *fill*         0x00030bf5        0x3 ff
 .rodata.g_uart4_ublox_cfg
                0x00030bf8       0x20 ./ra_gen/hal_data.o
                0x00030bf8                g_uart4_ublox_cfg
 .rodata.g_uart4_ublox_cfg_extend
                0x00030c18       0x14 ./ra_gen/hal_data.o
                0x00030c18                g_uart4_ublox_cfg_extend
 .rodata.g_uart9_simcom_cfg
                0x00030c2c       0x20 ./ra_gen/hal_data.o
                0x00030c2c                g_uart9_simcom_cfg
 .rodata.g_uart9_simcom_cfg_extend
                0x00030c4c       0x14 ./ra_gen/hal_data.o
                0x00030c4c                g_uart9_simcom_cfg_extend
 .rodata.g_transfer3
                0x00030c60        0xc ./ra_gen/hal_data.o
                0x00030c60                g_transfer3
 .rodata.g_transfer3_cfg
                0x00030c6c        0x8 ./ra_gen/hal_data.o
                0x00030c6c                g_transfer3_cfg
 .rodata.g_transfer3_cfg_extend
                0x00030c74        0x1 ./ra_gen/hal_data.o
                0x00030c74                g_transfer3_cfg_extend
 *fill*         0x00030c75        0x3 ff
 .rodata.g_transfer2_cfg
                0x00030c78        0x8 ./ra_gen/hal_data.o
                0x00030c78                g_transfer2_cfg
 .rodata.g_transfer2_extend
                0x00030c80       0x18 ./ra_gen/hal_data.o
                0x00030c80                g_transfer2_extend
 .rodata.g_bsp_pin_cfg
                0x00030c98        0xc ./ra_gen/pin_data.o
                0x00030c98                g_bsp_pin_cfg
 .rodata.g_bsp_pin_cfg_data
                0x00030ca4      0x110 ./ra_gen/pin_data.o
                0x00030ca4                g_bsp_pin_cfg_data
 .rodata.g_interrupt_event_link_select
                0x00030db4       0xc0 ./ra_gen/vector_data.o
                0x00030db4                g_interrupt_event_link_select
 .rodata.vPortSVCHandler_C.str1.4
                0x00030e74       0x3a ./ra/fsp/src/rm_freertos_port/port.o
 .rodata.vPortEnterCritical.str1.4
                0x00030e74       0x46 ./ra/fsp/src/rm_freertos_port/port.o
 .rodata.vPortExitCritical.str1.4
                0x00030e74       0x12 ./ra/fsp/src/rm_freertos_port/port.o
 .rodata.__func__.1
                0x00030e74       0x12 ./ra/fsp/src/rm_freertos_port/port.o
 *fill*         0x00030e86        0x2 ff
 .rodata.__func__.2
                0x00030e88       0x13 ./ra/fsp/src/rm_freertos_port/port.o
 *fill*         0x00030e9b        0x1 ff
 .rodata.__func__.3
                0x00030e9c       0x12 ./ra/fsp/src/rm_freertos_port/port.o
 *fill*         0x00030eae        0x2 ff
 .rodata.g_vbatt_pins_input
                0x00030eb0        0x6 ./ra/fsp/src/r_ioport/r_ioport.o
 *fill*         0x00030eb6        0x2 ff
 .rodata.g_transfer_on_dtc
                0x00030eb8       0x2c ./ra/fsp/src/r_dtc/r_dtc.o
                0x00030eb8                g_transfer_on_dtc
 .rodata.g_prcr_masks
                0x00030ee4        0x8 ./ra/fsp/src/bsp/mcu/all/bsp_register_protection.o
 .rodata.vPortFree.str1.4
                0x00030eec       0xdb ./ra/aws/FreeRTOS/FreeRTOS/Source/portable/MemMang/heap_2.o
 .rodata.__func__.0
                0x00030eec        0xa ./ra/aws/FreeRTOS/FreeRTOS/Source/portable/MemMang/heap_2.o
 .rodata.vQueueUnregisterQueue.part.0.str1.4
                0x00030ef6       0x33 ./ra/aws/FreeRTOS/FreeRTOS/Source/queue.o
 .rodata.xQueueGenericReset.str1.4
                0x00030ef6       0x2c ./ra/aws/FreeRTOS/FreeRTOS/Source/queue.o
 .rodata.xQueueGenericCreateStatic.str1.4
                0x00030ef6       0x37 ./ra/aws/FreeRTOS/FreeRTOS/Source/queue.o
 .rodata.xQueueCreateCountingSemaphoreStatic.str1.4
                0x00030ef6        0x8 ./ra/aws/FreeRTOS/FreeRTOS/Source/queue.o
 .rodata.xQueueGenericSend.str1.4
                0x00030ef6       0xfb ./ra/aws/FreeRTOS/FreeRTOS/Source/queue.o
 .rodata.xQueueGiveFromISR.str1.4
                0x00030ef6       0x7d ./ra/aws/FreeRTOS/FreeRTOS/Source/queue.o
 .rodata.xQueueReceive.str1.4
                0x00030ef6       0x66 ./ra/aws/FreeRTOS/FreeRTOS/Source/queue.o
 *fill*         0x00030ef6        0x2 ff
 .rodata.__func__.2
                0x00030ef8       0x14 ./ra/aws/FreeRTOS/FreeRTOS/Source/queue.o
 .rodata.__func__.12
                0x00030f0c       0x14 ./ra/aws/FreeRTOS/FreeRTOS/Source/queue.o
 .rodata.__func__.13
                0x00030f20        0xe ./ra/aws/FreeRTOS/FreeRTOS/Source/queue.o
 *fill*         0x00030f2e        0x2 ff
 .rodata.__func__.16
                0x00030f30       0x12 ./ra/aws/FreeRTOS/FreeRTOS/Source/queue.o
 *fill*         0x00030f42        0x2 ff
 .rodata.__func__.18
                0x00030f44       0x24 ./ra/aws/FreeRTOS/FreeRTOS/Source/queue.o
 .rodata.__func__.21
                0x00030f68       0x1a ./ra/aws/FreeRTOS/FreeRTOS/Source/queue.o
 *fill*         0x00030f82        0x2 ff
 .rodata.__func__.22
                0x00030f84       0x13 ./ra/aws/FreeRTOS/FreeRTOS/Source/queue.o
 .rodata.prvTaskIsTaskSuspended.part.0.str1.4
                0x00030f97       0x33 ./ra/aws/FreeRTOS/FreeRTOS/Source/tasks.o
 .rodata.prvInitialiseNewTask.constprop.0.str1.4
                0x00030f97       0x11 ./ra/aws/FreeRTOS/FreeRTOS/Source/tasks.o
 .rodata.prvIdleTask.str1.4
                0x00030f97       0x32 ./ra/aws/FreeRTOS/FreeRTOS/Source/tasks.o
 .rodata.xTaskIncrementTick.part.0.str1.4
                0x00030f97       0x76 ./ra/aws/FreeRTOS/FreeRTOS/Source/tasks.o
 .rodata.xTaskCreateStatic.str1.4
                0x00030f97       0x55 ./ra/aws/FreeRTOS/FreeRTOS/Source/tasks.o
 .rodata.vTaskDelete.str1.4
                0x00030f97       0x2b ./ra/aws/FreeRTOS/FreeRTOS/Source/tasks.o
 .rodata.vTaskResume.str1.4
                0x00030f97        0xe ./ra/aws/FreeRTOS/FreeRTOS/Source/tasks.o
 .rodata.vTaskStartScheduler.str1.4
                0x00030f97       0x1a ./ra/aws/FreeRTOS/FreeRTOS/Source/tasks.o
 .rodata.xTaskResumeAll.str1.4
                0x00030f97       0x2b ./ra/aws/FreeRTOS/FreeRTOS/Source/tasks.o
 .rodata.vTaskSwitchContext.str1.4
                0x00030f97        0xe ./ra/aws/FreeRTOS/FreeRTOS/Source/tasks.o
 .rodata.vTaskPlaceOnEventList.str1.4
                0x00030f97        0xc ./ra/aws/FreeRTOS/FreeRTOS/Source/tasks.o
 .rodata.xTaskRemoveFromEventList.str1.4
                0x00030f97        0xf ./ra/aws/FreeRTOS/FreeRTOS/Source/tasks.o
 .rodata.vTaskSetTimeOutState.str1.4
                0x00030f97        0xa ./ra/aws/FreeRTOS/FreeRTOS/Source/tasks.o
 .rodata.xTaskCheckForTimeOut.str1.4
                0x00030f97        0xe ./ra/aws/FreeRTOS/FreeRTOS/Source/tasks.o
 .rodata.xTaskPriorityDisinherit.str1.4
                0x00030f97       0x2d ./ra/aws/FreeRTOS/FreeRTOS/Source/tasks.o
 .rodata.vTaskPriorityDisinheritAfterTimeout.str1.4
                0x00030f97       0x16 ./ra/aws/FreeRTOS/FreeRTOS/Source/tasks.o
 *fill*         0x00030f97        0x1 ff
 .rodata.__func__.7
                0x00030f98       0x24 ./ra/aws/FreeRTOS/FreeRTOS/Source/tasks.o
 .rodata.__func__.8
                0x00030fbc       0x18 ./ra/aws/FreeRTOS/FreeRTOS/Source/tasks.o
 .rodata.__func__.10
                0x00030fd4       0x15 ./ra/aws/FreeRTOS/FreeRTOS/Source/tasks.o
 *fill*         0x00030fe9        0x3 ff
 .rodata.__func__.13
                0x00030fec       0x19 ./ra/aws/FreeRTOS/FreeRTOS/Source/tasks.o
 *fill*         0x00031005        0x3 ff
 .rodata.__func__.14
                0x00031008       0x20 ./ra/aws/FreeRTOS/FreeRTOS/Source/tasks.o
 .rodata.__func__.16
                0x00031028       0x16 ./ra/aws/FreeRTOS/FreeRTOS/Source/tasks.o
 *fill*         0x0003103e        0x2 ff
 .rodata.__func__.17
                0x00031040       0x13 ./ra/aws/FreeRTOS/FreeRTOS/Source/tasks.o
 *fill*         0x00031053        0x1 ff
 .rodata.__func__.18
                0x00031054       0x13 ./ra/aws/FreeRTOS/FreeRTOS/Source/tasks.o
 *fill*         0x00031067        0x1 ff
 .rodata.__func__.22
                0x00031068        0xf ./ra/aws/FreeRTOS/FreeRTOS/Source/tasks.o
 *fill*         0x00031077        0x1 ff
 .rodata.__func__.23
                0x00031078       0x14 ./ra/aws/FreeRTOS/FreeRTOS/Source/tasks.o
 .rodata.__func__.26
                0x0003108c        0xc ./ra/aws/FreeRTOS/FreeRTOS/Source/tasks.o
 .rodata.__func__.27
                0x00031098        0xd ./ra/aws/FreeRTOS/FreeRTOS/Source/tasks.o
 *fill*         0x000310a5        0x3 ff
 .rodata.__func__.29
                0x000310a8        0xb ./ra/aws/FreeRTOS/FreeRTOS/Source/tasks.o
 *fill*         0x000310b3        0x1 ff
 .rodata.__func__.31
                0x000310b4        0xd ./ra/aws/FreeRTOS/FreeRTOS/Source/tasks.o
 *fill*         0x000310c1        0x3 ff
 .rodata.__func__.32
                0x000310c4        0xc ./ra/aws/FreeRTOS/FreeRTOS/Source/tasks.o
 .rodata.__func__.33
                0x000310d0       0x15 ./ra/aws/FreeRTOS/FreeRTOS/Source/tasks.o
 *fill*         0x000310e5        0x3 ff
 .rodata.__func__.34
                0x000310e8       0x12 ./ra/aws/FreeRTOS/FreeRTOS/Source/tasks.o
 *fill*         0x000310fa        0x2 ff
 .rodata.uxTopUsedPriority
                0x000310fc        0x4 ./ra/aws/FreeRTOS/FreeRTOS/Source/tasks.o
                0x000310fc                uxTopUsedPriority
 .rodata.prvCheckForValidListAndQueue.str1.4
                0x00031100        0x5 ./ra/aws/FreeRTOS/FreeRTOS/Source/timers.o
 .rodata.prvInitialiseNewTimer.part.0.str1.4
                0x00031100       0x48 ./ra/aws/FreeRTOS/FreeRTOS/Source/timers.o
 .rodata.prvTimerTask.str1.4
                0x00031100       0x25 ./ra/aws/FreeRTOS/FreeRTOS/Source/timers.o
 .rodata.xTimerCreateTimerTask.str1.4
                0x00031100       0x10 ./ra/aws/FreeRTOS/FreeRTOS/Source/timers.o
 .rodata.__func__.15
                0x00031100       0x1b ./ra/aws/FreeRTOS/FreeRTOS/Source/timers.o
 *fill*         0x0003111b        0x1 ff
 .rodata.__func__.17
                0x0003111c       0x16 ./ra/aws/FreeRTOS/FreeRTOS/Source/timers.o
 .rodata._strtod_l.str1.1
                0x00031132      0x1f8 C:/Program Files (x86)/Arm GNU Toolchain arm-none-eabi/13.2 Rel1/bin/../lib/gcc/arm-none-eabi/13.2.1/thumb/v8-m.main+fp/hard\libg_nano.a(libc_a-strtod.o)
                                  0xf (size before relaxing)
 *fill*         0x0003132a        0x2 ff
 .rodata.fpinan.0
                0x0003132c       0x14 C:/Program Files (x86)/Arm GNU Toolchain arm-none-eabi/13.2 Rel1/bin/../lib/gcc/arm-none-eabi/13.2.1/thumb/v8-m.main+fp/hard\libg_nano.a(libc_a-strtod.o)
 .rodata.fpi.1  0x00031340       0x14 C:/Program Files (x86)/Arm GNU Toolchain arm-none-eabi/13.2 Rel1/bin/../lib/gcc/arm-none-eabi/13.2.1/thumb/v8-m.main+fp/hard\libg_nano.a(libc_a-strtod.o)
 *fill*         0x00031354        0x4 ff
 .rodata.tinytens
                0x00031358       0x28 C:/Program Files (x86)/Arm GNU Toolchain arm-none-eabi/13.2 Rel1/bin/../lib/gcc/arm-none-eabi/13.2.1/thumb/v8-m.main+fp/hard\libg_nano.a(libc_a-strtod.o)
 .rodata._ctype_
                0x00031380      0x101 C:/Program Files (x86)/Arm GNU Toolchain arm-none-eabi/13.2 Rel1/bin/../lib/gcc/arm-none-eabi/13.2.1/thumb/v8-m.main+fp/hard\libg_nano.a(libc_a-ctype_.o)
                0x00031380                _ctype_
 .rodata._printf_float.str1.1
                0x00031481       0x12 C:/Program Files (x86)/Arm GNU Toolchain arm-none-eabi/13.2 Rel1/bin/../lib/gcc/arm-none-eabi/13.2.1/thumb/v8-m.main+fp/hard\libg_nano.a(libc_a-nano-vfprintf_float.o)
 .rodata._printf_i.str1.1
                0x00031481       0x22 C:/Program Files (x86)/Arm GNU Toolchain arm-none-eabi/13.2 Rel1/bin/../lib/gcc/arm-none-eabi/13.2.1/thumb/v8-m.main+fp/hard\libg_nano.a(libc_a-nano-vfprintf_i.o)
 .rodata._scanf_float.str1.1
                0x00031481        0x6 C:/Program Files (x86)/Arm GNU Toolchain arm-none-eabi/13.2 Rel1/bin/../lib/gcc/arm-none-eabi/13.2.1/thumb/v8-m.main+fp/hard\libg_nano.a(libc_a-nano-vfscanf_float.o)
 .rodata.strtok.str1.1
                0x00031481       0x72 C:/Program Files (x86)/Arm GNU Toolchain arm-none-eabi/13.2 Rel1/bin/../lib/gcc/arm-none-eabi/13.2.1/thumb/v8-m.main+fp/hard\libg_nano.a(libc_a-strtok.o)
 .rodata._setlocale_r.str1.1
                0x00031481        0x9 C:/Program Files (x86)/Arm GNU Toolchain arm-none-eabi/13.2 Rel1/bin/../lib/gcc/arm-none-eabi/13.2.1/thumb/v8-m.main+fp/hard\libg_nano.a(libc_a-locale.o)
 .rodata.str1.1
                0x00031481        0x2 C:/Program Files (x86)/Arm GNU Toolchain arm-none-eabi/13.2 Rel1/bin/../lib/gcc/arm-none-eabi/13.2.1/thumb/v8-m.main+fp/hard\libg_nano.a(libc_a-locale.o)
 .rodata._dtoa_r.str1.1
                0x00031481       0x90 C:/Program Files (x86)/Arm GNU Toolchain arm-none-eabi/13.2 Rel1/bin/../lib/gcc/arm-none-eabi/13.2.1/thumb/v8-m.main+fp/hard\libg_nano.a(libc_a-dtoa.o)
 .rodata.__gethex.str1.1
                0x00031481       0x74 C:/Program Files (x86)/Arm GNU Toolchain arm-none-eabi/13.2 Rel1/bin/../lib/gcc/arm-none-eabi/13.2.1/thumb/v8-m.main+fp/hard\libg_nano.a(libc_a-gdtoa-gethex.o)
 .rodata._Balloc.str1.1
                0x00031481       0x71 C:/Program Files (x86)/Arm GNU Toolchain arm-none-eabi/13.2 Rel1/bin/../lib/gcc/arm-none-eabi/13.2.1/thumb/v8-m.main+fp/hard\libg_nano.a(libc_a-mprec.o)
 .rodata.__multadd.str1.1
                0x00031481       0x11 C:/Program Files (x86)/Arm GNU Toolchain arm-none-eabi/13.2 Rel1/bin/../lib/gcc/arm-none-eabi/13.2.1/thumb/v8-m.main+fp/hard\libg_nano.a(libc_a-mprec.o)
 *fill*         0x00031481        0x3 ff
 .rodata.p05.0  0x00031484        0xc C:/Program Files (x86)/Arm GNU Toolchain arm-none-eabi/13.2 Rel1/bin/../lib/gcc/arm-none-eabi/13.2.1/thumb/v8-m.main+fp/hard\libg_nano.a(libc_a-mprec.o)
 .rodata.__mprec_bigtens
                0x00031490       0x28 C:/Program Files (x86)/Arm GNU Toolchain arm-none-eabi/13.2 Rel1/bin/../lib/gcc/arm-none-eabi/13.2.1/thumb/v8-m.main+fp/hard\libg_nano.a(libc_a-mprec.o)
                0x00031490                __mprec_bigtens
 .rodata.__mprec_tens
                0x000314b8       0xc8 C:/Program Files (x86)/Arm GNU Toolchain arm-none-eabi/13.2 Rel1/bin/../lib/gcc/arm-none-eabi/13.2.1/thumb/v8-m.main+fp/hard\libg_nano.a(libc_a-mprec.o)
                0x000314b8                __mprec_tens
 .rodata._svfprintf_r.str1.1
                0x00031580       0x11 C:/Program Files (x86)/Arm GNU Toolchain arm-none-eabi/13.2 Rel1/bin/../lib/gcc/arm-none-eabi/13.2.1/thumb/v8-m.main+fp/hard\libg_nano.a(libc_a-nano-svfprintf.o)
                0x00031580                        __usb_dev_descriptor_start_fs = .
 *(.usb_device_desc_fs*)
                0x00031580                        __usb_cfg_descriptor_start_fs = .
 *(.usb_config_desc_fs*)
                0x00031580                        __usb_interface_descriptor_start_fs = .
 *(.usb_interface_desc_fs*)
                0x00031580                        __usb_descriptor_end_fs = .
                0x00031580                        __usb_dev_descriptor_start_hs = .
 *(.usb_device_desc_hs*)
                0x00031580                        __usb_cfg_descriptor_start_hs = .
 *(.usb_config_desc_hs*)
                0x00031580                        __usb_interface_descriptor_start_hs = .
 *(.usb_interface_desc_hs*)
                0x00031580                        __usb_descriptor_end_hs = .
 *(.eh_frame*)
 .eh_frame      0x00031580        0x0 C:/Program Files (x86)/Arm GNU Toolchain arm-none-eabi/13.2 Rel1/bin/../lib/gcc/arm-none-eabi/13.2.1/thumb/v8-m.main+fp/hard/crtbegin.o
 .eh_frame      0x00031580       0x28 C:/Program Files (x86)/Arm GNU Toolchain arm-none-eabi/13.2 Rel1/bin/../lib/gcc/arm-none-eabi/13.2.1/thumb/v8-m.main+fp/hard\libg_nano.a(libc_a-strlen.o)
 .eh_frame      0x000315a8        0x4 C:/Program Files (x86)/Arm GNU Toolchain arm-none-eabi/13.2 Rel1/bin/../lib/gcc/arm-none-eabi/13.2.1/thumb/v8-m.main+fp/hard/crtend.o
                0x000315ac                        __ROM_End = .
                0x000001c0                        __Vectors_Size = (__Vectors_End - __Vectors)

.glue_7         0x000315ac        0x0
 .glue_7        0x000315ac        0x0 linker stubs

.glue_7t        0x000315ac        0x0
 .glue_7t       0x000315ac        0x0 linker stubs

.vfp11_veneer   0x000315ac        0x0
 .vfp11_veneer  0x000315ac        0x0 linker stubs

.v4_bx          0x000315ac        0x0
 .v4_bx         0x000315ac        0x0 linker stubs

.iplt           0x000315ac        0x0
 .iplt          0x000315ac        0x0 C:/Program Files (x86)/Arm GNU Toolchain arm-none-eabi/13.2 Rel1/bin/../lib/gcc/arm-none-eabi/13.2.1/thumb/v8-m.main+fp/hard/crtbegin.o
                0x000315ac                        . = .
                0x000315ac                        __itcm_data_pre_location = .

.itcm_data      0x00000000        0x0 load address 0x000315b0
                0x00000000                        __tz_ITCM_S = ABSOLUTE (ITCM_START)
                0x00000000                        __itcm_data_start = .
 *(.itcm_data*)
                0x00000000                        . = ALIGN (0x8)
                0x00000000                        __itcm_data_end = .
                0x00000000                        __tz_ITCM_N = DEFINED (ITCM_NS_START)?ABSOLUTE (ITCM_NS_START):ALIGN (__itcm_data_end, 0x2000)
                0x000315b0                        __itcm_data_init_start = LOADADDR (.itcm_data)
                0x000315b0                        __itcm_data_init_end = (LOADADDR (.itcm_data) + SIZEOF (.itcm_data))
                0x00000001                        ASSERT (((ORIGIN (ITCM) % 0x8) == 0x0), ITCM memory region origin must be aligned to 8 bytes.)
                0x00000001                        ASSERT (((LENGTH (ITCM) % 0x8) == 0x0), ITCM memory region length must be a multiple of 8 bytes.)
                0x00000001                        ASSERT (((LOADADDR (.itcm_data) % 0x10) == 0x0), .itcm_data section must be aligned to 16 bytes.)
                0x00000001                        ASSERT (((SIZEOF (.itcm_data) % 0x8) == 0x0), .itcm_data section size must be a multiple of 8 bytes.)
                0x000315ac                        . = (SIZEOF (.itcm_data) > 0x0)?__itcm_data_init_end:__itcm_data_pre_location
                0x000315ac                        __exidx_start = .

/DISCARD/
 *(.ARM.extab* .gnu.linkonce.armextab.*)
 *(.ARM.exidx* .gnu.linkonce.armexidx.*)
                0x000315ac                        __exidx_end = .
                0x000315ac                        __etext = .
                0x20000000                        __tz_RAM_S = ORIGIN (RAM)

.fsp_dtc_vector_table
                0x20000000      0x180
                0x20000000                        . = ORIGIN (RAM)
 *(.fsp_dtc_vector_table)
 .fsp_dtc_vector_table
                0x20000000      0x180 ./ra/fsp/src/r_dtc/r_dtc.o

.data           0x20000180      0x218 load address 0x000315ac
                0x20000180                        __data_start__ = .
                0x20000180                        . = ALIGN (0x4)
                0x20000180                        __Code_In_RAM_Start = .
 *(.code_in_ram*)
                0x20000180                        __Code_In_RAM_End = .
 *(vtable)
 *(.data.*)
 .data.Y_SIZE   0x20000180        0x4 ./src/LCD/LCD_Driver.o
 .data.X_SIZE   0x20000184        0x4 ./src/LCD/LCD_Driver.o
 .data.g_transfer1_info
                0x20000188       0x10 ./ra_gen/hal_data.o
                0x20000188                g_transfer1_info
 .data.g_transfer0_info
                0x20000198       0x10 ./ra_gen/hal_data.o
                0x20000198                g_transfer0_info
 .data.g_uart4_ublox_baud_setting
                0x200001a8        0x4 ./ra_gen/hal_data.o
                0x200001a8                g_uart4_ublox_baud_setting
 .data.g_uart9_simcom_baud_setting
                0x200001ac        0x4 ./ra_gen/hal_data.o
                0x200001ac                g_uart9_simcom_baud_setting
 .data.g_transfer3_info
                0x200001b0       0x10 ./ra_gen/hal_data.o
                0x200001b0                g_transfer3_info
 .data.g_transfer2_info
                0x200001c0       0x10 ./ra_gen/hal_data.o
                0x200001c0                g_transfer2_info
 .data.xFreeBytesRemaining
                0x200001d0        0x4 ./ra/aws/FreeRTOS/FreeRTOS/Source/portable/MemMang/heap_2.o
 .data.__global_locale
                0x200001d4      0x16c C:/Program Files (x86)/Arm GNU Toolchain arm-none-eabi/13.2 Rel1/bin/../lib/gcc/arm-none-eabi/13.2.1/thumb/v8-m.main+fp/hard\libg_nano.a(libc_a-locale.o)
                0x200001d4                __global_locale
 .data._impure_ptr
                0x20000340        0x4 C:/Program Files (x86)/Arm GNU Toolchain arm-none-eabi/13.2 Rel1/bin/../lib/gcc/arm-none-eabi/13.2.1/thumb/v8-m.main+fp/hard\libg_nano.a(libc_a-impure.o)
                0x20000340                _impure_ptr
 .data._impure_data
                0x20000344       0x4c C:/Program Files (x86)/Arm GNU Toolchain arm-none-eabi/13.2 Rel1/bin/../lib/gcc/arm-none-eabi/13.2.1/thumb/v8-m.main+fp/hard\libg_nano.a(libc_a-impure.o)
                0x20000344                _impure_data
 *(.data)
                0x20000390                        . = ALIGN (0x4)
                0x20000390                        PROVIDE (__preinit_array_start = .)
 *(.preinit_array)
                0x20000390                        PROVIDE (__preinit_array_end = .)
                0x20000390                        . = ALIGN (0x4)
                0x20000390                        PROVIDE (__init_array_start = .)
 *(SORT_BY_NAME(.init_array.*))
 *(.init_array)
 .init_array    0x20000390        0x4 C:/Program Files (x86)/Arm GNU Toolchain arm-none-eabi/13.2 Rel1/bin/../lib/gcc/arm-none-eabi/13.2.1/thumb/v8-m.main+fp/hard/crtbegin.o
                0x20000394                        PROVIDE (__init_array_end = .)
                0x20000394                        . = ALIGN (0x4)
                [!provide]                        PROVIDE (__fini_array_start = .)
 *(SORT_BY_NAME(.fini_array.*))
 *(.fini_array)
 .fini_array    0x20000394        0x4 C:/Program Files (x86)/Arm GNU Toolchain arm-none-eabi/13.2 Rel1/bin/../lib/gcc/arm-none-eabi/13.2.1/thumb/v8-m.main+fp/hard/crtbegin.o
                [!provide]                        PROVIDE (__fini_array_end = .)
 *(.jcr*)
                0x20000398                        . = ALIGN (0x4)
                0x20000398                        __data_end__ = .

.tm_clone_table
                0x20000398        0x0 load address 0x000317c4
 .tm_clone_table
                0x20000398        0x0 C:/Program Files (x86)/Arm GNU Toolchain arm-none-eabi/13.2 Rel1/bin/../lib/gcc/arm-none-eabi/13.2.1/thumb/v8-m.main+fp/hard/crtbegin.o
 .tm_clone_table
                0x20000398        0x0 C:/Program Files (x86)/Arm GNU Toolchain arm-none-eabi/13.2 Rel1/bin/../lib/gcc/arm-none-eabi/13.2.1/thumb/v8-m.main+fp/hard/crtend.o

.igot.plt       0x20000398        0x0 load address 0x000317c4
 .igot.plt      0x20000398        0x0 C:/Program Files (x86)/Arm GNU Toolchain arm-none-eabi/13.2 Rel1/bin/../lib/gcc/arm-none-eabi/13.2.1/thumb/v8-m.main+fp/hard/crtbegin.o
                0x20000398                        . = .
                0x000317c4                        __dtcm_data_pre_location = (LOADADDR (.data) + SIZEOF (.data))

.dtcm_data      0x00000000        0x0 load address 0x000317d0
                0x00000000                        __tz_DTCM_S = ABSOLUTE (DTCM_START)
                0x00000000                        __dtcm_data_start = .
 *(.dtcm_data*)
                0x00000000                        . = ALIGN (0x8)
                0x00000000                        __dtcm_data_end = .
                0x00000000                        . = __dtcm_data_end

.dtcm_bss       0x00000000        0x0
                0x00000000                        __dtcm_bss_start = .
 *(.dtcm_bss*)
                0x00000000                        . = ALIGN (0x8)
                0x00000000                        __dtcm_bss_end = .
                0x00000000                        __tz_DTCM_N = DEFINED (DTCM_NS_START)?ABSOLUTE (DTCM_NS_START):ALIGN (__dtcm_bss_end, 0x2000)
                0x000317d0                        __dtcm_data_init_start = LOADADDR (.dtcm_data)
                0x000317d0                        __dtcm_data_init_end = (LOADADDR (.dtcm_data) + SIZEOF (.dtcm_data))