Archive member included to satisfy reference by file (symbol)

C:/Program Files (x86)/Arm GNU Toolchain arm-none-eabi/13.2 Rel1/bin/../lib/gcc/arm-none-eabi/13.2.1/thumb/v8-m.main+fp/hard\libgcc.a(_arm_addsubdf3.o)
                              ./src/nmea_p/nmea_parse.o (__aeabi_f2d)
C:/Program Files (x86)/Arm GNU Toolchain arm-none-eabi/13.2 Rel1/bin/../lib/gcc/arm-none-eabi/13.2.1/thumb/v8-m.main+fp/hard\libgcc.a(_arm_truncdfsf2.o)
                              ./src/nmea_p/nmea_parse.o (__aeabi_d2f)
C:/Program Files (x86)/Arm GNU Toolchain arm-none-eabi/13.2 Rel1/bin/../lib/gcc/arm-none-eabi/13.2.1/thumb/v8-m.main+fp/hard\libgcc.a(_aeabi_ldivmod.o)
                              ./ra/fsp/src/r_sci_uart/r_sci_uart.o (__aeabi_ldivmod)
C:/Program Files (x86)/Arm GNU Toolchain arm-none-eabi/13.2 Rel1/bin/../lib/gcc/arm-none-eabi/13.2.1/thumb/v8-m.main+fp/hard\libgcc.a(_udivmoddi4.o)
                              C:/Program Files (x86)/Arm GNU Toolchain arm-none-eabi/13.2 Rel1/bin/../lib/gcc/arm-none-eabi/13.2.1/thumb/v8-m.main+fp/hard\libgcc.a(_aeabi_ldivmod.o) (__udivmoddi4)
C:/Program Files (x86)/Arm GNU Toolchain arm-none-eabi/13.2 Rel1/bin/../lib/gcc/arm-none-eabi/13.2.1/thumb/v8-m.main+fp/hard\libgcc.a(_dvmd_tls.o)
                              C:/Program Files (x86)/Arm GNU Toolchain arm-none-eabi/13.2 Rel1/bin/../lib/gcc/arm-none-eabi/13.2.1/thumb/v8-m.main+fp/hard\libgcc.a(_aeabi_ldivmod.o) (__aeabi_ldiv0)
C:/Program Files (x86)/Arm GNU Toolchain arm-none-eabi/13.2 Rel1/bin/../lib/gcc/arm-none-eabi/13.2.1/thumb/v8-m.main+fp/hard\libg_nano.a(libc_a-atof.o)
                              ./src/nmea_p/nmea_parse.o (atof)
C:/Program Files (x86)/Arm GNU Toolchain arm-none-eabi/13.2 Rel1/bin/../lib/gcc/arm-none-eabi/13.2.1/thumb/v8-m.main+fp/hard\libg_nano.a(libc_a-exit.o)
                              C:/Program Files (x86)/Arm GNU Toolchain arm-none-eabi/13.2 Rel1/bin/../lib/gcc/arm-none-eabi/13.2.1/thumb/v8-m.main+fp/hard/crt0.o (exit)
C:/Program Files (x86)/Arm GNU Toolchain arm-none-eabi/13.2 Rel1/bin/../lib/gcc/arm-none-eabi/13.2.1/thumb/v8-m.main+fp/hard\libg_nano.a(libc_a-malloc.o)
                              ./src/nmea_p/nmea_parse.o (malloc)
C:/Program Files (x86)/Arm GNU Toolchain arm-none-eabi/13.2 Rel1/bin/../lib/gcc/arm-none-eabi/13.2.1/thumb/v8-m.main+fp/hard\libg_nano.a(libc_a-mallocr.o)
                              C:/Program Files (x86)/Arm GNU Toolchain arm-none-eabi/13.2 Rel1/bin/../lib/gcc/arm-none-eabi/13.2.1/thumb/v8-m.main+fp/hard\libg_nano.a(libc_a-malloc.o) (_malloc_r)
C:/Program Files (x86)/Arm GNU Toolchain arm-none-eabi/13.2 Rel1/bin/../lib/gcc/arm-none-eabi/13.2.1/thumb/v8-m.main+fp/hard\libg_nano.a(libc_a-mlock.o)
                              C:/Program Files (x86)/Arm GNU Toolchain arm-none-eabi/13.2 Rel1/bin/../lib/gcc/arm-none-eabi/13.2.1/thumb/v8-m.main+fp/hard\libg_nano.a(libc_a-mallocr.o) (__malloc_lock)
C:/Program Files (x86)/Arm GNU Toolchain arm-none-eabi/13.2 Rel1/bin/../lib/gcc/arm-none-eabi/13.2.1/thumb/v8-m.main+fp/hard\libg_nano.a(libc_a-strtod.o)
                              C:/Program Files (x86)/Arm GNU Toolchain arm-none-eabi/13.2 Rel1/bin/../lib/gcc/arm-none-eabi/13.2.1/thumb/v8-m.main+fp/hard\libg_nano.a(libc_a-atof.o) (strtod)
C:/Program Files (x86)/Arm GNU Toolchain arm-none-eabi/13.2 Rel1/bin/../lib/gcc/arm-none-eabi/13.2.1/thumb/v8-m.main+fp/hard\libg_nano.a(libc_a-strtol.o)
                              ./src/nmea_p/nmea_parse.o (strtol)
C:/Program Files (x86)/Arm GNU Toolchain arm-none-eabi/13.2 Rel1/bin/../lib/gcc/arm-none-eabi/13.2.1/thumb/v8-m.main+fp/hard\libg_nano.a(libc_a-ctype_.o)
                              C:/Program Files (x86)/Arm GNU Toolchain arm-none-eabi/13.2 Rel1/bin/../lib/gcc/arm-none-eabi/13.2.1/thumb/v8-m.main+fp/hard\libg_nano.a(libc_a-strtol.o) (_ctype_)
C:/Program Files (x86)/Arm GNU Toolchain arm-none-eabi/13.2 Rel1/bin/../lib/gcc/arm-none-eabi/13.2.1/thumb/v8-m.main+fp/hard\libg_nano.a(libc_a-findfp.o)
                              C:/Program Files (x86)/Arm GNU Toolchain arm-none-eabi/13.2 Rel1/bin/../lib/gcc/arm-none-eabi/13.2.1/thumb/v8-m.main+fp/hard\libg_nano.a(libc_a-exit.o) (__stdio_exit_handler)
C:/Program Files (x86)/Arm GNU Toolchain arm-none-eabi/13.2 Rel1/bin/../lib/gcc/arm-none-eabi/13.2.1/thumb/v8-m.main+fp/hard\libg_nano.a(libc_a-fwalk.o)
                              C:/Program Files (x86)/Arm GNU Toolchain arm-none-eabi/13.2 Rel1/bin/../lib/gcc/arm-none-eabi/13.2.1/thumb/v8-m.main+fp/hard\libg_nano.a(libc_a-findfp.o) (_fwalk_sglue)
C:/Program Files (x86)/Arm GNU Toolchain arm-none-eabi/13.2 Rel1/bin/../lib/gcc/arm-none-eabi/13.2.1/thumb/v8-m.main+fp/hard\libg_nano.a(libc_a-snprintf.o)
                              ./src/nmea_p/uart_mqtt.o (snprintf)
C:/Program Files (x86)/Arm GNU Toolchain arm-none-eabi/13.2 Rel1/bin/../lib/gcc/arm-none-eabi/13.2.1/thumb/v8-m.main+fp/hard\libg_nano.a(libc_a-sprintf.o)
                              ./src/OBU_GNSS_entry.o (sprintf)
[...]
Memory Configuration

Name             Origin             Length             Attributes
ITCM             0x00000000         0x00000000         xr
DTCM             0x00000000         0x00000000         xrw
FLASH            0x00000000         0x00080000         xr
RAM              0x20000000         0x00020000         xrw
DATA_FLASH       0x08000000         0x00002000         xr
QSPI_FLASH       0x60000000         0x04000000         xr
OSPI_DEVICE_0    0x80020000         0x00000000         xr
OSPI_DEVICE_1    0x80030000         0x00000000         xr
OSPI_DEVICE_0_RAM 0x80020000         0x00000000         xrw
OSPI_DEVICE_1_RAM 0x80030000         0x00000000         xrw
SDRAM            0x80010000         0x00000000         xrw
OPTION_SETTING   0x0100a100         0x00000100         r
OPTION_SETTING_OFS 0x0100a100         0x00000018         r
OPTION_SETTING_SAS 0x0100a134         0x000000cc         r
OPTION_SETTING_S 0x0100a200         0x00000100         r
ID_CODE          0x00000000         0x00000000         xr
*default*        0x00000000         0xffffffff

Linker script and memory map

LOAD C:/Program Files (x86)/Arm GNU Toolchain arm-none-eabi/13.2 Rel1/bin/../lib/gcc/arm-none-eabi/13.2.1/thumb/v8-m.main+fp/hard/crti.o
LOAD C:/Program Files (x86)/Arm GNU Toolchain arm-none-eabi/13.2 Rel1/bin/../lib/gcc/arm-none-eabi/13.2.1/thumb/v8-m.main+fp/hard/crtbegin.o
LOAD C:/Program Files (x86)/Arm GNU Toolchain arm-none-eabi/13.2 Rel1/bin/../lib/gcc/arm-none-eabi/13.2.1/thumb/v8-m.main+fp/hard/crt0.o
START GROUP
LOAD ./src/nmea_p/nmea_parse.o
LOAD ./src/nmea_p/uart_mqtt.o
LOAD ./src/RTT/SEGGER_RTT.o
LOAD ./src/RTT/SEGGER_RTT_printf.o
LOAD ./src/LCD/LCD_Driver.o
LOAD ./src/OBU_GNSS_entry.o
LOAD ./src/OBU_INIT_entry.o
LOAD ./src/OBU_LCD_entry.o
LOAD ./src/OBU_MQTT_entry.o
LOAD ./src/OBU_RECONNECT_entry.o
LOAD ./src/hal_entry.o
LOAD ./ra_gen/OBU_GNSS.o
LOAD ./ra_gen/OBU_INIT.o
LOAD ./ra_gen/OBU_LCD.o
LOAD ./ra_gen/OBU_MQTT.o
LOAD ./ra_gen/OBU_RECONNECT.o
LOAD ./ra_gen/common_data.o
LOAD ./ra_gen/hal_data.o
LOAD ./ra_gen/main.o
LOAD ./ra_gen/pin_data.o
LOAD ./ra_gen/vector_data.o
LOAD ./ra/fsp/src/rm_freertos_port/port.o
LOAD ./ra/fsp/src/r_sci_uart/r_sci_uart.o
LOAD ./ra/fsp/src/r_sci_spi/r_sci_spi.o
LOAD ./ra/fsp/src/r_ioport/r_ioport.o
LOAD ./ra/fsp/src/r_dtc/r_dtc.o
LOAD ./ra/fsp/src/r_dmac/r_dmac.o
LOAD ./ra/fsp/src/bsp/mcu/all/bsp_clocks.o
LOAD ./ra/fsp/src/bsp/mcu/all/bsp_common.o
LOAD ./ra/fsp/src/bsp/mcu/all/bsp_delay.o
LOAD ./ra/fsp/src/bsp/mcu/all/bsp_group_irq.o
LOAD ./ra/fsp/src/bsp/mcu/all/bsp_guard.o
LOAD ./ra/fsp/src/bsp/mcu/all/bsp_io.o
LOAD ./ra/fsp/src/bsp/mcu/all/bsp_irq.o
LOAD ./ra/fsp/src/bsp/mcu/all/bsp_macl.o
LOAD ./ra/fsp/src/bsp/mcu/all/bsp_register_protection.o
LOAD ./ra/fsp/src/bsp/mcu/all/bsp_rom_registers.o
LOAD ./ra/fsp/src/bsp/mcu/all/bsp_sbrk.o
LOAD ./ra/fsp/src/bsp/mcu/all/bsp_sdram.o
LOAD ./ra/fsp/src/bsp/mcu/all/bsp_security.o
LOAD ./ra/fsp/src/bsp/cmsis/Device/RENESAS/Source/startup.o
LOAD ./ra/fsp/src/bsp/cmsis/Device/RENESAS/Source/system.o
LOAD ./ra/board/ra4e1_fpb/board_init.o
LOAD ./ra/board/ra4e1_fpb/board_leds.o
LOAD ./ra/aws/FreeRTOS/FreeRTOS/Source/portable/MemMang/heap_2.o
LOAD ./ra/aws/FreeRTOS/FreeRTOS/Source/event_groups.o
LOAD ./ra/aws/FreeRTOS/FreeRTOS/Source/list.o
LOAD ./ra/aws/FreeRTOS/FreeRTOS/Source/queue.o
LOAD ./ra/aws/FreeRTOS/FreeRTOS/Source/stream_buffer.o
LOAD ./ra/aws/FreeRTOS/FreeRTOS/Source/tasks.o
LOAD ./ra/aws/FreeRTOS/FreeRTOS/Source/timers.o
END GROUP
START GROUP
LOAD C:/Program Files (x86)/Arm GNU Toolchain arm-none-eabi/13.2 Rel1/bin/../lib/gcc/arm-none-eabi/13.2.1/thumb/v8-m.main+fp/hard\libgcc.a
LOAD C:/Program Files (x86)/Arm GNU Toolchain arm-none-eabi/13.2 Rel1/bin/../lib/gcc/arm-none-eabi/13.2.1/thumb/v8-m.main+fp/hard\libg_nano.a
LOAD C:/Program Files (x86)/Arm GNU Toolchain arm-none-eabi/13.2 Rel1/bin/../lib/gcc/arm-none-eabi/13.2.1/thumb/v8-m.main+fp/hard\libc_nano.a
END GROUP
START GROUP
LOAD C:/Program Files (x86)/Arm GNU Toolchain arm-none-eabi/13.2 Rel1/bin/../lib/gcc/arm-none-eabi/13.2.1/thumb/v8-m.main+fp/hard\libgcc.a
LOAD C:/Program Files (x86)/Arm GNU Toolchain arm-none-eabi/13.2 Rel1/bin/../lib/gcc/arm-none-eabi/13.2.1/thumb/v8-m.main+fp/hard\libc_nano.a
END GROUP
LOAD C:/Program Files (x86)/Arm GNU Toolchain arm-none-eabi/13.2 Rel1/bin/../lib/gcc/arm-none-eabi/13.2.1/thumb/v8-m.main+fp/hard/crtend.o
LOAD C:/Program Files (x86)/Arm GNU Toolchain arm-none-eabi/13.2 Rel1/bin/../lib/gcc/arm-none-eabi/13.2.1/thumb/v8-m.main+fp/hard/crtn.o
                0x20000000                        RAM_START = 0x20000000
                0x00020000                        RAM_LENGTH = 0x20000
                0x00000000                        FLASH_START = 0x0
                0x00080000                        FLASH_LENGTH = 0x80000
                0x08000000                        DATA_FLASH_START = 0x8000000
                0x00002000                        DATA_FLASH_LENGTH = 0x2000
                0x0100a100                        OPTION_SETTING_START = 0x100a100
                0x00000100                        OPTION_SETTING_LENGTH = 0x100
                0x0100a200                        OPTION_SETTING_S_START = 0x100a200
                0x00000100                        OPTION_SETTING_S_LENGTH = 0x100
                0x00000000                        ID_CODE_START = 0x0
                0x00000000                        ID_CODE_LENGTH = 0x0
                0x80010000                        SDRAM_START = 0x80010000
                0x00000000                        SDRAM_LENGTH = 0x0
                0x60000000                        QSPI_FLASH_START = 0x60000000
                0x04000000                        QSPI_FLASH_LENGTH = 0x4000000
                0x80020000                        OSPI_DEVICE_0_START = 0x80020000
                0x00000000                        OSPI_DEVICE_0_LENGTH = 0x0
                0x80030000                        OSPI_DEVICE_1_START = 0x80030000
                0x00000000                        OSPI_DEVICE_1_LENGTH = 0x0
                0x04000000                        QSPI_FLASH_PRV_LENGTH = DEFINED (QSPI_FLASH_SIZE)?ABSOLUTE (QSPI_FLASH_SIZE):ABSOLUTE (QSPI_FLASH_LENGTH)
                0x00000000                        OSPI_DEVICE_0_PRV_LENGTH = DEFINED (OSPI_DEVICE_0_SIZE)?ABSOLUTE (OSPI_DEVICE_0_SIZE):ABSOLUTE (OSPI_DEVICE_0_LENGTH)
                0x00000000                        OSPI_DEVICE_1_PRV_LENGTH = DEFINED (OSPI_DEVICE_1_SIZE)?ABSOLUTE (OSPI_DEVICE_1_SIZE):ABSOLUTE (OSPI_DEVICE_1_LENGTH)
                0x00000000                        __RESERVE_NS_RAM = ((! (DEFINED (PROJECT_NONSECURE)) && DEFINED (RAM_NS_BUFFER_LENGTH)) && (OPTION_SETTING_S_LENGTH != 0x0))
                0x00000000                        ITCM_START = DEFINED (ITCM_START)?ITCM_START:0x0
                0x00000000                        ITCM_LENGTH = DEFINED (ITCM_LENGTH)?ITCM_LENGTH:0x0
                0x00000000                        DTCM_START = DEFINED (DTCM_START)?DTCM_START:0x0
                0x00000000                        DTCM_LENGTH = DEFINED (DTCM_LENGTH)?DTCM_LENGTH:0x0
                0x00000000                        RAM_NS_BUFFER_BLOCK_LENGTH = DEFINED (RAM_NS_BUFFER_LENGTH)?ALIGN (RAM_NS_BUFFER_LENGTH, 0x2000):0x0
                0x00000000                        RAM_NS_BUFFER_LENGTH = DEFINED (RAM_NS_BUFFER_LENGTH)?RAM_NS_BUFFER_LENGTH:0x0
                0x20020000                        RAM_NS_BUFFER_START = ((RAM_START + RAM_LENGTH) - RAM_NS_BUFFER_LENGTH)
                0x20020000                        RAM_NS_BUFFER_BLOCK_START = ((RAM_START + RAM_LENGTH) - RAM_NS_BUFFER_BLOCK_LENGTH)
                0x0100a180                        OPTION_SETTING_START_NS = DEFINED (PROJECT_NONSECURE)?OPTION_SETTING_START:(OPTION_SETTING_START + 0x80)
                0x00000001                        __bl_FSP_BOOTABLE_IMAGE = 0x1
                0x00000001                        __bln_FSP_BOOTABLE_IMAGE = 0x1
                0x00000001                        PROJECT_SECURE_OR_FLAT = (((! (DEFINED (PROJECT_NONSECURE)) || DEFINED (PROJECT_SECURE)) && OPTION_SETTING_LENGTH) && ! (DEFINED (FSP_BOOTABLE_IMAGE)))
                0x00000000                        USE_OPTION_SETTING_NS = (DEFINED (PROJECT_NONSECURE) && ! (DEFINED (FSP_BOOTABLE_IMAGE)))
                0x00000000                        __bl_FLASH_IMAGE_START = ! (DEFINED (FLASH_BOOTLOADER_LENGTH))?0x0:(FLASH_APPLICATION_IMAGE_NUMBER == 0x1)?((FLASH_START + FLASH_BOOTLOADER_LENGTH) + FLASH_BOOTLOADER_HEADER_LENGTH):(DEFINED (BOOTLOADER_SECONDARY_USE_QSPI) || DEFINED (BOOTLOADER_SECONDARY_USE_OSPI_B))?(((FLASH_START + FLASH_BOOTLOADER_LENGTH) + FLASH_BOOTLOADER_SCRATCH_LENGTH) + FLASH_BOOTLOADER_HEADER_LENGTH):((((FLASH_START + FLASH_BOOTLOADER_LENGTH) + FLASH_BOOTLOADER_SCRATCH_LENGTH) + FLASH_APPLICATION_S_LENGTH) + FLASH_BOOTLOADER_HEADER_LENGTH)
                0x00000000                        __bl_FLASH_IMAGE_LENGTH = ! (DEFINED (FLASH_BOOTLOADER_LENGTH))?0x0:(FLASH_APPLICATION_S_LENGTH - FLASH_BOOTLOADER_HEADER_LENGTH)
                0x00000000                        __bl_FLASH_IMAGE_END = (__bl_FLASH_IMAGE_START + __bl_FLASH_IMAGE_LENGTH)
                0x00000000                        __bl_XIP_SECONDARY_FLASH_IMAGE_START = ! (DEFINED (FLASH_BOOTLOADER_LENGTH))?0x0:(((FLASH_START + FLASH_BOOTLOADER_LENGTH) + FLASH_APPLICATION_S_LENGTH) + FLASH_BOOTLOADER_HEADER_LENGTH)
                0x00000000                        __bl_XIP_SECONDARY_FLASH_IMAGE_END = (__bl_XIP_SECONDARY_FLASH_IMAGE_START + __bl_FLASH_IMAGE_LENGTH)
                0x00000000                        __bl_FLASH_NS_START = ! (DEFINED (FLASH_BOOTLOADER_LENGTH))?0x0:(FLASH_APPLICATION_NS_LENGTH == 0x0)?__bl_FLASH_IMAGE_END:((__bl_FLASH_IMAGE_START - FLASH_BOOTLOADER_HEADER_LENGTH) + FLASH_APPLICATION_S_LENGTH)
                0x00000000                        __bl_FLASH_NSC_START = ! (DEFINED (FLASH_BOOTLOADER_LENGTH))?0x0:(FLASH_APPLICATION_NS_LENGTH == 0x0)?__bl_FLASH_IMAGE_END:(__bl_FLASH_IMAGE_END - FLASH_APPLICATION_NSC_LENGTH)
                0x00000000                        __bl_RAM_NS_START = ! (DEFINED (FLASH_BOOTLOADER_LENGTH))?0x0:(FLASH_APPLICATION_NS_LENGTH == 0x0)?(RAM_START + RAM_LENGTH):((RAM_START + RAM_LENGTH) - RAM_APPLICATION_NS_LENGTH)
                0x00000000                        __bl_RAM_NSC_START = ! (DEFINED (FLASH_BOOTLOADER_LENGTH))?0x0:(FLASH_APPLICATION_NS_LENGTH == 0x0)?(RAM_START + RAM_LENGTH):(__bl_RAM_NS_START - RAM_APPLICATION_NSC_LENGTH)
                0x00000000                        __bl_FLASH_NS_IMAGE_START = ! (DEFINED (FLASH_BOOTLOADER_LENGTH))?0x0:(FLASH_APPLICATION_NS_LENGTH == 0x0)?__bl_FLASH_IMAGE_END:(__bl_FLASH_NS_START + FLASH_BOOTLOADER_HEADER_LENGTH_2)
                0x00000000                        __bln_FLASH_IMAGE_START = (__bl_FLASH_NS_IMAGE_START | ! (DEFINED (NS_OFFSET_START))?0x0:NS_OFFSET_START)
                0x00000000                        __bln_FLASH_IMAGE_LENGTH = ! (DEFINED (FLASH_BOOTLOADER_LENGTH))?0x0:(FLASH_APPLICATION_NS_LENGTH == 0x0)?__bl_FLASH_IMAGE_END:(FLASH_APPLICATION_NS_LENGTH - FLASH_BOOTLOADER_HEADER_LENGTH_2)
                0x00000000                        XIP_SECONDARY_SLOT_IMAGE = DEFINED (XIP_SECONDARY_SLOT_IMAGE)?XIP_SECONDARY_SLOT_IMAGE:0x0
                0x00000000                        FLASH_ORIGIN = ! (DEFINED (FLASH_IMAGE_START))?FLASH_START:(XIP_SECONDARY_SLOT_IMAGE == 0x1)?XIP_SECONDARY_FLASH_IMAGE_START:FLASH_IMAGE_START
                0x00080000                        LIMITED_FLASH_LENGTH = DEFINED (FLASH_IMAGE_LENGTH)?FLASH_IMAGE_LENGTH:DEFINED (FLASH_BOOTLOADER_LENGTH)?FLASH_BOOTLOADER_LENGTH:FLASH_LENGTH
                0x00000034                        OPTION_SETTING_SAS_SIZE = 0x34
                0x000000cc                        OPTION_SETTING_SAS_LENGTH = ! (DEFINED (OPTION_SETTING_LENGTH))?0x0:(OPTION_SETTING_LENGTH == 0x0)?0x0:(OPTION_SETTING_LENGTH - OPTION_SETTING_SAS_SIZE)
START GROUP
LOAD C:/Program Files (x86)/Arm GNU Toolchain arm-none-eabi/13.2 Rel1/bin/../lib/gcc/arm-none-eabi/13.2.1/thumb/v8-m.main+fp/hard\libgcc.a
LOAD C:/Program Files (x86)/Arm GNU Toolchain arm-none-eabi/13.2 Rel1/bin/../lib/gcc/arm-none-eabi/13.2.1/thumb/v8-m.main+fp/hard\libc.a
LOAD C:/Program Files (x86)/Arm GNU Toolchain arm-none-eabi/13.2 Rel1/bin/../lib/gcc/arm-none-eabi/13.2.1/thumb/v8-m.main+fp/hard\libm.a
END GROUP

.text           0x00000000    0x2fed4
                0x00000000                        __tz_FLASH_S = ABSOLUTE (FLASH_START)
                0x00000000                        __ROM_Start = .
 *(.fixed_vectors*)
 .fixed_vectors
                0x00000000       0x40 ./ra/fsp/src/bsp/cmsis/Device/RENESAS/Source/startup.o
                0x00000000                __Vectors
 *(.application_vectors*)
 .application_vectors
                0x00000040      0x180 ./ra_gen/vector_data.o
                0x00000040                g_vector_table
                0x000001c0                        __Vectors_End = .
 *(.flash_gap*)
                0x000001c0                        . = (OPTION_SETTING_LENGTH > 0x0)?.:(__ROM_Start + 0x400)
 *(.rom_registers*)
 *(.mcuboot_sce9_key*)
 *(.text*)
 .text.deregister_tm_clones
                0x000001c0       0x1c C:/Program Files (x86)/Arm GNU Toolchain arm-none-eabi/13.2 Rel1/bin/../lib/gcc/arm-none-eabi/13.2.1/thumb/v8-m.main+fp/hard/crtbegin.o
 .text.register_tm_clones
                0x000001dc       0x28 C:/Program Files (x86)/Arm GNU Toolchain arm-none-eabi/13.2 Rel1/bin/../lib/gcc/arm-none-eabi/13.2.1/thumb/v8-m.main+fp/hard/crtbegin.o
 .text.__do_global_dtors_aux
                0x00000204       0x28 C:/Program Files (x86)/Arm GNU Toolchain arm-none-eabi/13.2 Rel1/bin/../lib/gcc/arm-none-eabi/13.2.1/thumb/v8-m.main+fp/hard/crtbegin.o
 .text.frame_dummy
                0x0000022c       0x24 C:/Program Files (x86)/Arm GNU Toolchain arm-none-eabi/13.2 Rel1/bin/../lib/gcc/arm-none-eabi/13.2.1/thumb/v8-m.main+fp/hard/crtbegin.o
 .text.gps_checksum
                0x00000250       0x68 ./src/nmea_p/nmea_parse.o
                0x00000250                gps_checksum
 .text.nmea_GNGGA
                0x000002b8      0x224 ./src/nmea_p/nmea_parse.o
                0x000002b8                nmea_GNGGA
 .text.nmea_GNGSA
                0x000004dc       0xac ./src/nmea_p/nmea_parse.o
                0x000004dc                nmea_GNGSA
 .text.nmea_GNGLL
                0x00000588      0x174 ./src/nmea_p/nmea_parse.o
                0x00000588                nmea_GNGLL
 .text.nmea_parse
                0x000006fc      0x178 ./src/nmea_p/nmea_parse.o
                0x000006fc                nmea_parse
 .text.message_from_MQTT
                0x00000874       0x24 ./src/nmea_p/uart_mqtt.o
                0x00000874                message_from_MQTT
 .text.csq_from_sim
                0x00000898       0x24 ./src/nmea_p/uart_mqtt.o
                0x00000898                csq_from_sim
 .text.error_from_sim
                0x000008bc       0x24 ./src/nmea_p/uart_mqtt.o
                0x000008bc                error_from_sim
 .text.send_uart_command
                0x000008e0       0x5c ./src/nmea_p/uart_mqtt.o
                0x000008e0                send_uart_command
 .text.setupMQTT
                0x0000093c       0xa0 ./src/nmea_p/uart_mqtt.o
                0x0000093c                setupMQTT
 .text.pub_mess
                0x000009dc       0x68 ./src/nmea_p/uart_mqtt.o
                0x000009dc                pub_mess
 .text._WriteNoCheck
                0x00000a44       0x38 ./src/RTT/SEGGER_RTT.o
 .text._WriteBlocking
                0x00000a7c       0x60 ./src/RTT/SEGGER_RTT.o
 .text._DoInit  0x00000adc       0x70 ./src/RTT/SEGGER_RTT.o
 .text.SEGGER_RTT_WriteNoLock
                0x00000b4c       0x8c ./src/RTT/SEGGER_RTT.o
                0x00000b4c                SEGGER_RTT_WriteNoLock
 .text.SEGGER_RTT_Write
                0x00000bd8       0x34 ./src/RTT/SEGGER_RTT.o
                0x00000bd8                SEGGER_RTT_Write
 .text._StoreChar
                0x00000c0c       0x40 ./src/RTT/SEGGER_RTT_printf.o
 .text._PrintUnsigned
                0x00000c4c       0xf0 ./src/RTT/SEGGER_RTT_printf.o
 .text.SEGGER_RTT_vprintf
                0x00000d3c      0x39c ./src/RTT/SEGGER_RTT_printf.o
                0x00000d3c                SEGGER_RTT_vprintf
 .text.SEGGER_RTT_printf
                0x000010d8       0x20 ./src/RTT/SEGGER_RTT_printf.o
                0x000010d8                SEGGER_RTT_printf
 .text.LCD_Send_Burst
                0x000010f8      0x264 ./src/LCD/LCD_Driver.o
 .text.LCD_SPI_Send_32
                0x0000135c       0x9c ./src/LCD/LCD_Driver.o
                0x0000135c                LCD_SPI_Send_32
 .text.LCD_Reset
                0x000013f8       0x84 ./src/LCD/LCD_Driver.o
                0x000013f8                LCD_Reset
 .text.LCD_Init
                0x0000147c      0xed0 ./src/LCD/LCD_Driver.o
                0x0000147c                LCD_Init
 .text.LCD_Set_Rotation
                0x0000234c      0x104 ./src/LCD/LCD_Driver.o
                0x0000234c                LCD_Set_Rotation
 .text.LCD_Fill_Screen
                0x00002450       0x38 ./src/LCD/LCD_Driver.o
                0x00002450                LCD_Fill_Screen
 .text.LCD_Draw_Pixel
                0x00002488       0xa4 ./src/LCD/LCD_Driver.o
                0x00002488                LCD_Draw_Pixel
 .text.LCD_Draw_Filled_Rectangle
                0x0000252c       0x38 ./src/LCD/LCD_Driver.o
                0x0000252c                LCD_Draw_Filled_Rectangle
 .text.LCD_Draw_String
                0x00002564      0x4c0 ./src/LCD/LCD_Driver.o
                0x00002564                LCD_Draw_String
 .text.LCD_Draw_Icon
                0x00002a24       0x5c ./src/LCD/LCD_Driver.o
                0x00002a24                LCD_Draw_Icon
 .text.uart_ublox_callback
                0x00002a80        0x4 ./src/OBU_GNSS_entry.o
                0x00002a80                uart_ublox_callback
 .text.OBU_GNSS_entry
                0x00002a84       0xf4 ./src/OBU_GNSS_entry.o
                0x00002a84                OBU_GNSS_entry
 .text.spi_lcd_callback
                0x00002b78        0x4 ./src/OBU_INIT_entry.o
                0x00002b78                spi_lcd_callback
 .text.OBU_INIT_entry
                0x00002b7c      0x160 ./src/OBU_INIT_entry.o
                0x00002b7c                OBU_INIT_entry
 .text.OBU_LCD_entry
                0x00002cdc      0x130 ./src/OBU_LCD_entry.o
                0x00002cdc                OBU_LCD_entry
 .text.uart_simcom_callback
                0x00002e0c       0xcc ./src/OBU_MQTT_entry.o
                0x00002e0c                uart_simcom_callback
 .text.OBU_MQTT_entry
                0x00002ed8       0xb4 ./src/OBU_MQTT_entry.o
                0x00002ed8                OBU_MQTT_entry
 .text.OBU_RECONNECT_entry
                0x00002f8c       0x90 ./src/OBU_RECONNECT_entry.o
                0x00002f8c                OBU_RECONNECT_entry
 .text.R_BSP_WarmStart
                0x0000301c       0x18 ./src/hal_entry.o
                0x0000301c                R_BSP_WarmStart
 .text.OBU_GNSS_func
                0x00003034       0x14 ./ra_gen/OBU_GNSS.o
 .text.OBU_GNSS_create
                0x00003048       0x58 ./ra_gen/OBU_GNSS.o
                0x00003048                OBU_GNSS_create
 .text.OBU_INIT_func
                0x000030a0       0x14 ./ra_gen/OBU_INIT.o
 .text.OBU_INIT_create
                0x000030b4       0x58 ./ra_gen/OBU_INIT.o
                0x000030b4                OBU_INIT_create
 .text.OBU_LCD_func
                0x0000310c       0x14 ./ra_gen/OBU_LCD.o
 .text.OBU_LCD_create
                0x00003120       0x58 ./ra_gen/OBU_LCD.o
                0x00003120                OBU_LCD_create
 .text.OBU_MQTT_func
                0x00003178       0x14 ./ra_gen/OBU_MQTT.o
 .text.OBU_MQTT_create
                0x0000318c       0x4c ./ra_gen/OBU_MQTT.o
                0x0000318c                OBU_MQTT_create
 .text.OBU_RECONNECT_func
                0x000031d8       0x14 ./ra_gen/OBU_RECONNECT.o
 .text.OBU_RECONNECT_create
                0x000031ec       0x58 ./ra_gen/OBU_RECONNECT.o
                0x000031ec                OBU_RECONNECT_create
 .text.g_common_init
                0x00003244       0x20 ./ra_gen/common_data.o
                0x00003244                g_common_init
 .text.g_hal_init
                0x00003264        0x4 ./ra_gen/hal_data.o
                0x00003264                g_hal_init
 .text.rtos_startup_err_callback_internal
                0x00003268        0x4 ./ra_gen/main.o
                0x00003268                rtos_startup_err_callback
                0x00003268                rtos_startup_err_callback_internal
 .text.rtos_startup_common_init
                0x0000326c       0x68 ./ra_gen/main.o
                0x0000326c                rtos_startup_common_init
 .text.startup.main
                0x000032d4       0x54 ./ra_gen/main.o
                0x000032d4                main
 .text.vApplicationGetIdleTaskMemory
                0x00003328       0x1c ./ra_gen/main.o
                0x00003328                vApplicationGetIdleTaskMemory
 .text.vApplicationGetTimerTaskMemory
                0x00003344       0x1c ./ra_gen/main.o
                0x00003344                vApplicationGetTimerTaskMemory
 .text.prvTaskExitError
                0x00003360        0x4 ./ra/fsp/src/rm_freertos_port/port.o
 .text.SVC_Handler
                0x00003364       0x18 ./ra/fsp/src/rm_freertos_port/port.o
                0x00003364                SVC_Handler
 .text.PendSV_Handler
                0x0000337c       0x44 ./ra/fsp/src/rm_freertos_port/port.o
                0x0000337c                PendSV_Handler
 .text.rm_freertos_port_restore_task_stackless
                0x000033c0       0x24 ./ra/fsp/src/rm_freertos_port/port.o
                0x000033c0                rm_freertos_port_restore_task_stackless
 .text.SysTick_Handler
                0x000033e4       0x24 ./ra/fsp/src/rm_freertos_port/port.o
                0x000033e4                SysTick_Handler
 .text.vPortSVCHandler_C
                0x00003408       0x34 ./ra/fsp/src/rm_freertos_port/port.o
                0x00003408                vPortSVCHandler_C
 .text.pxPortInitialiseStack
                0x0000343c       0x34 ./ra/fsp/src/rm_freertos_port/port.o
                0x0000343c                pxPortInitialiseStack
 .text.vPortEnterCritical
                0x00003470       0x50 ./ra/fsp/src/rm_freertos_port/port.o
                0x00003470                vPortEnterCritical
 .text.vPortExitCritical
                0x000034c0       0x3c ./ra/fsp/src/rm_freertos_port/port.o
                0x000034c0                vPortExitCritical
 .text.rm_freertos_port_sleep_preserving_lpm
                0x000034fc       0x6c ./ra/fsp/src/rm_freertos_port/port.o
                0x000034fc                rm_freertos_port_sleep_preserving_lpm
 .text.vApplicationIdleHook
                0x00003568       0x18 ./ra/fsp/src/rm_freertos_port/port.o
                0x00003568                vApplicationIdleHook
 .text.vPortSetupTimerInterrupt
                0x00003580       0x44 ./ra/fsp/src/rm_freertos_port/port.o
                0x00003580                vPortSetupTimerInterrupt
 .text.xPortStartScheduler
                0x000035c4       0x3c ./ra/fsp/src/rm_freertos_port/port.o
                0x000035c4                xPortStartScheduler
 .text.R_SCI_UART_Write
                0x00003600       0x6c ./ra/fsp/src/r_sci_uart/r_sci_uart.o
                0x00003600                R_SCI_UART_Write
 .text.r_sci_uart_call_callback
                0x0000366c       0x44 ./ra/fsp/src/r_sci_uart/r_sci_uart.o
 .text.R_SCI_UART_Open
                0x000036b0      0x454 ./ra/fsp/src/r_sci_uart/r_sci_uart.o
                0x000036b0                R_SCI_UART_Open
 .text.sci_uart_txi_isr
                0x00003b04       0x8c ./ra/fsp/src/r_sci_uart/r_sci_uart.o
                0x00003b04                sci_uart_txi_isr
 .text.sci_uart_rxi_isr
                0x00003b90       0xb0 ./ra/fsp/src/r_sci_uart/r_sci_uart.o
                0x00003b90                sci_uart_rxi_isr
 .text.sci_uart_tei_isr
                0x00003c40       0x48 ./ra/fsp/src/r_sci_uart/r_sci_uart.o
                0x00003c40                sci_uart_tei_isr
 .text.sci_uart_eri_isr
                0x00003c88       0x78 ./ra/fsp/src/r_sci_uart/r_sci_uart.o
                0x00003c88                sci_uart_eri_isr
 .text.r_sci_spi_call_callback
                0x00003d00       0x40 ./ra/fsp/src/r_sci_spi/r_sci_spi.o
 .text.R_SCI_SPI_Open
                0x00003d40      0x280 ./ra/fsp/src/r_sci_spi/r_sci_spi.o
                0x00003d40                R_SCI_SPI_Open
 .text.r_sci_spi_start_transfer.constprop.0
                0x00003fc0       0xc0 ./ra/fsp/src/r_sci_spi/r_sci_spi.o
 .text.R_SCI_SPI_Write
                0x00004080       0x24 ./ra/fsp/src/r_sci_spi/r_sci_spi.o
                0x00004080                R_SCI_SPI_Write
 .text.sci_spi_txi_isr
                0x000040a4       0x68 ./ra/fsp/src/r_sci_spi/r_sci_spi.o
                0x000040a4                sci_spi_txi_isr
 .text.sci_spi_rxi_isr
                0x0000410c       0x74 ./ra/fsp/src/r_sci_spi/r_sci_spi.o
                0x0000410c                sci_spi_rxi_isr
 .text.sci_spi_tei_isr
                0x00004180       0x40 ./ra/fsp/src/r_sci_spi/r_sci_spi.o
                0x00004180                sci_spi_tei_isr
 .text.sci_spi_eri_isr
                0x000041c0       0x4c ./ra/fsp/src/r_sci_spi/r_sci_spi.o
                0x000041c0                sci_spi_eri_isr
 .text.R_IOPORT_PinWrite
                0x0000420c       0x20 ./ra/fsp/src/r_ioport/r_ioport.o
                0x0000420c                R_IOPORT_PinWrite
 .text.bsp_vbatt_init
                0x0000422c       0xe8 ./ra/fsp/src/r_ioport/r_ioport.o
 .text.r_ioport_pins_config
                0x00004314       0xac ./ra/fsp/src/r_ioport/r_ioport.o
 .text.R_IOPORT_Open
                0x000043c0       0x14 ./ra/fsp/src/r_ioport/r_ioport.o
                0x000043c0                R_IOPORT_Open
 .text.R_DTC_Reset
                0x000043d4       0x8c ./ra/fsp/src/r_dtc/r_dtc.o
                0x000043d4                R_DTC_Reset
 .text.R_DTC_SoftwareStart
                0x00004460        0x4 ./ra/fsp/src/r_dtc/r_dtc.o
                0x00004460                R_DTC_SoftwareStart
 .text.R_DTC_SoftwareStop
                0x00004464        0x4 ./ra/fsp/src/r_dtc/r_dtc.o
                0x00004464                R_DTC_SoftwareStop
 .text.R_DTC_Enable
                0x00004468       0x20 ./ra/fsp/src/r_dtc/r_dtc.o
                0x00004468                R_DTC_Enable
 .text.R_DTC_Disable
                0x00004488       0x20 ./ra/fsp/src/r_dtc/r_dtc.o
                0x00004488                R_DTC_Disable
 .text.R_DTC_InfoGet
                0x000044a8       0x54 ./ra/fsp/src/r_dtc/r_dtc.o
                0x000044a8                R_DTC_InfoGet
 .text.R_DTC_Reload
                0x000044fc        0x4 ./ra/fsp/src/r_dtc/r_dtc.o
                0x000044fc                R_DTC_Reload
 .text.R_DTC_CallbackSet
                0x00004500        0x4 ./ra/fsp/src/r_dtc/r_dtc.o
                0x00004500                R_DTC_CallbackSet
 .text.R_DTC_Close
                0x00004504       0x30 ./ra/fsp/src/r_dtc/r_dtc.o
                0x00004504                R_DTC_Close
 .text.R_DTC_Reconfigure
                0x00004534       0x88 ./ra/fsp/src/r_dtc/r_dtc.o
                0x00004534                R_DTC_Reconfigure
 .text.R_DTC_Open
                0x000045bc       0xb4 ./ra/fsp/src/r_dtc/r_dtc.o
                0x000045bc                R_DTC_Open
 .text.R_DMAC_Enable
                0x00004670        0xc ./ra/fsp/src/r_dmac/r_dmac.o
                0x00004670                R_DMAC_Enable
 .text.r_dmac_config_transfer_info
                0x0000467c      0x1c0 ./ra/fsp/src/r_dmac/r_dmac.o
 .text.R_DMAC_Open
                0x0000483c       0x64 ./ra/fsp/src/r_dmac/r_dmac.o
                0x0000483c                R_DMAC_Open
 .text.SystemCoreClockUpdate
                0x000048a0       0x28 ./ra/fsp/src/bsp/mcu/all/bsp_clocks.o
                0x000048a0                SystemCoreClockUpdate
 .text.bsp_clock_init
                0x000048c8       0xdc ./ra/fsp/src/bsp/mcu/all/bsp_clocks.o
                0x000048c8                bsp_clock_init
 .text.R_BSP_Init_RTC
                0x000049a4       0x28 ./ra/fsp/src/bsp/mcu/all/bsp_clocks.o
                0x000049a4                R_BSP_Init_RTC
 .text.__assert_func
                0x000049cc        0x4 ./ra/fsp/src/bsp/mcu/all/bsp_common.o
                0x000049cc                __assert_func
 .text.bsp_prv_software_delay_loop
                0x000049d0        0xc ./ra/fsp/src/bsp/mcu/all/bsp_delay.o
                0x000049d0                bsp_prv_software_delay_loop
 .text.R_BSP_SoftwareDelay
                0x000049dc       0x58 ./ra/fsp/src/bsp/mcu/all/bsp_delay.o
                0x000049dc                R_BSP_SoftwareDelay
 .text.NMI_Handler
                0x00004a34       0x3c ./ra/fsp/src/bsp/mcu/all/bsp_group_irq.o
                0x00004a34                NMI_Handler
 .text.bsp_irq_cfg
                0x00004a70       0xa4 ./ra/fsp/src/bsp/mcu/all/bsp_irq.o
                0x00004a70                bsp_irq_cfg
 .text.R_BSP_RegisterProtectEnable
                0x00004b14       0x60 ./ra/fsp/src/bsp/mcu/all/bsp_register_protection.o
                0x00004b14                R_BSP_RegisterProtectEnable
 .text.R_BSP_RegisterProtectDisable
                0x00004b74       0x54 ./ra/fsp/src/bsp/mcu/all/bsp_register_protection.o
                0x00004b74                R_BSP_RegisterProtectDisable
 .text._sbrk    0x00004bc8       0x40 ./ra/fsp/src/bsp/mcu/all/bsp_sbrk.o
                0x00004bc8                _sbrk
 .text.Default_Handler
                0x00004c08        0x4 ./ra/fsp/src/bsp/cmsis/Device/RENESAS/Source/startup.o
                0x00004c08                HardFault_Handler
                0x00004c08                UsageFault_Handler
                0x00004c08                SecureFault_Handler
                0x00004c08                Default_Handler
                0x00004c08                MemManage_Handler
                0x00004c08                BusFault_Handler
                0x00004c08                DebugMon_Handler
 .text.Reset_Handler
                0x00004c0c        0xc ./ra/fsp/src/bsp/cmsis/Device/RENESAS/Source/startup.o
                0x00004c0c                Reset_Handler
 .text.SystemInit
                0x00004c18       0xdc ./ra/fsp/src/bsp/cmsis/Device/RENESAS/Source/system.o
                0x00004c18                SystemInit
 .text.bsp_init
                0x00004cf4        0x4 ./ra/board/ra4e1_fpb/board_init.o
                0x00004cf4                bsp_init
 .text.pvPortMalloc
                0x00004cf8       0xd4 ./ra/aws/FreeRTOS/FreeRTOS/Source/portable/MemMang/heap_2.o
                0x00004cf8                pvPortMalloc
 .text.vPortFree
                0x00004dcc       0x84 ./ra/aws/FreeRTOS/FreeRTOS/Source/portable/MemMang/heap_2.o
                0x00004dcc                vPortFree
 .text.vListInitialise
                0x00004e50       0x18 ./ra/aws/FreeRTOS/FreeRTOS/Source/list.o
                0x00004e50                vListInitialise
 .text.vListInitialiseItem
                0x00004e68        0x8 ./ra/aws/FreeRTOS/FreeRTOS/Source/list.o
                0x00004e68                vListInitialiseItem
 .text.vListInsertEnd
                0x00004e70       0x18 ./ra/aws/FreeRTOS/FreeRTOS/Source/list.o
                0x00004e70                vListInsertEnd
 .text.vListInsert
                0x00004e88       0x30 ./ra/aws/FreeRTOS/FreeRTOS/Source/list.o
                0x00004e88                vListInsert
 .text.uxListRemove
                0x00004eb8       0x24 ./ra/aws/FreeRTOS/FreeRTOS/Source/list.o
                0x00004eb8                uxListRemove
 .text.prvCopyDataToQueue
                0x00004edc       0x78 ./ra/aws/FreeRTOS/FreeRTOS/Source/queue.o
 .text.prvUnlockQueue
                0x00004f54       0x8c ./ra/aws/FreeRTOS/FreeRTOS/Source/queue.o
 .text.xQueueGenericReset
                0x00004fe0       0xbc ./ra/aws/FreeRTOS/FreeRTOS/Source/queue.o
                0x00004fe0                xQueueGenericReset
 .text.xQueueGenericCreateStatic
                0x0000509c       0x84 ./ra/aws/FreeRTOS/FreeRTOS/Source/queue.o
                0x0000509c                xQueueGenericCreateStatic
 .text.xQueueCreateCountingSemaphoreStatic
                0x00005120       0x7c ./ra/aws/FreeRTOS/FreeRTOS/Source/queue.o
                0x00005120                xQueueCreateCountingSemaphoreStatic
 .text.xQueueGenericSend
                0x0000519c      0x198 ./ra/aws/FreeRTOS/FreeRTOS/Source/queue.o
                0x0000519c                xQueueGenericSend
 .text.xQueueCreateMutex
                0x00005334       0x34 ./ra/aws/FreeRTOS/FreeRTOS/Source/queue.o
                0x00005334                xQueueCreateMutex
 .text.xQueueReceive
                0x00005368      0x178 ./ra/aws/FreeRTOS/FreeRTOS/Source/queue.o
                0x00005368                xQueueReceive
 .text.xQueueSemaphoreTake
                0x000054e0      0x1a8 ./ra/aws/FreeRTOS/FreeRTOS/Source/queue.o
                0x000054e0                xQueueSemaphoreTake
 .text.vQueueAddToRegistry
                0x00005688       0x64 ./ra/aws/FreeRTOS/FreeRTOS/Source/queue.o
                0x00005688                vQueueAddToRegistry
 .text.vQueueWaitForMessageRestricted
                0x000056ec       0x50 ./ra/aws/FreeRTOS/FreeRTOS/Source/queue.o
                0x000056ec                vQueueWaitForMessageRestricted
 .text.prvAddNewTaskToReadyList
                0x0000573c      0x128 ./ra/aws/FreeRTOS/FreeRTOS/Source/tasks.o
 .text.prvAddCurrentTaskToDelayedList
                0x00005864       0xa4 ./ra/aws/FreeRTOS/FreeRTOS/Source/tasks.o
 .text.prvInitialiseNewTask.constprop.0
                0x00005908       0xa0 ./ra/aws/FreeRTOS/FreeRTOS/Source/tasks.o
 .text.prvIdleTask
                0x000059a8       0xa8 ./ra/aws/FreeRTOS/FreeRTOS/Source/tasks.o
 .text.xTaskIncrementTick.part.0
                0x00005a50      0x1b8 ./ra/aws/FreeRTOS/FreeRTOS/Source/tasks.o
 .text.xTaskCreateStatic
                0x00005c08       0x9c ./ra/aws/FreeRTOS/FreeRTOS/Source/tasks.o
                0x00005c08                xTaskCreateStatic
 .text.xTaskCreate
                0x00005ca4       0x64 ./ra/aws/FreeRTOS/FreeRTOS/Source/tasks.o
                0x00005ca4                xTaskCreate
 .text.vTaskDelete
                0x00005d08      0x118 ./ra/aws/FreeRTOS/FreeRTOS/Source/tasks.o
                0x00005d08                vTaskDelete
 .text.vTaskResume
                0x00005e20       0xc0 ./ra/aws/FreeRTOS/FreeRTOS/Source/tasks.o
                0x00005e20                vTaskResume
 .text.vTaskStartScheduler
                0x00005ee0       0x94 ./ra/aws/FreeRTOS/FreeRTOS/Source/tasks.o
                0x00005ee0                vTaskStartScheduler
 .text.vTaskSuspendAll
                0x00005f74       0x10 ./ra/aws/FreeRTOS/FreeRTOS/Source/tasks.o
                0x00005f74                vTaskSuspendAll
 .text.xTaskResumeAll
                0x00005f84      0x1d0 ./ra/aws/FreeRTOS/FreeRTOS/Source/tasks.o
                0x00005f84                xTaskResumeAll
 .text.vTaskDelay
                0x00006154       0x50 ./ra/aws/FreeRTOS/FreeRTOS/Source/tasks.o
                0x00006154                vTaskDelay
 .text.xTaskGetTickCount
                0x000061a4        0xc ./ra/aws/FreeRTOS/FreeRTOS/Source/tasks.o
                0x000061a4                xTaskGetTickCount
 .text.xTaskIncrementTick
                0x000061b0       0x20 ./ra/aws/FreeRTOS/FreeRTOS/Source/tasks.o
                0x000061b0                xTaskIncrementTick
 .text.vTaskSwitchContext
                0x000061d0       0x90 ./ra/aws/FreeRTOS/FreeRTOS/Source/tasks.o
                0x000061d0                vTaskSwitchContext
 .text.vTaskSuspend
                0x00006260       0xe4 ./ra/aws/FreeRTOS/FreeRTOS/Source/tasks.o
                0x00006260                vTaskSuspend
 .text.vTaskPlaceOnEventList
                0x00006344       0x3c ./ra/aws/FreeRTOS/FreeRTOS/Source/tasks.o
                0x00006344                vTaskPlaceOnEventList
 .text.vTaskPlaceOnEventListRestricted
                0x00006380       0x64 ./ra/aws/FreeRTOS/FreeRTOS/Source/tasks.o
                0x00006380                vTaskPlaceOnEventListRestricted
 .text.xTaskRemoveFromEventList
                0x000063e4       0xf0 ./ra/aws/FreeRTOS/FreeRTOS/Source/tasks.o
                0x000063e4                xTaskRemoveFromEventList
 .text.vTaskInternalSetTimeOutState
                0x000064d4       0x18 ./ra/aws/FreeRTOS/FreeRTOS/Source/tasks.o
                0x000064d4                vTaskInternalSetTimeOutState
 .text.xTaskCheckForTimeOut
                0x000064ec       0x90 ./ra/aws/FreeRTOS/FreeRTOS/Source/tasks.o
                0x000064ec                xTaskCheckForTimeOut
 .text.vTaskMissedYield
                0x0000657c        0xc ./ra/aws/FreeRTOS/FreeRTOS/Source/tasks.o
                0x0000657c                vTaskMissedYield
 .text.xTaskGetSchedulerState
                0x00006588       0x20 ./ra/aws/FreeRTOS/FreeRTOS/Source/tasks.o
                0x00006588                xTaskGetSchedulerState
 .text.xTaskPriorityInherit
                0x000065a8       0x9c ./ra/aws/FreeRTOS/FreeRTOS/Source/tasks.o
                0x000065a8                xTaskPriorityInherit
 .text.xTaskPriorityDisinherit
                0x00006644       0xac ./ra/aws/FreeRTOS/FreeRTOS/Source/tasks.o
                0x00006644                xTaskPriorityDisinherit
 .text.vTaskPriorityDisinheritAfterTimeout
                0x000066f0       0xc0 ./ra/aws/FreeRTOS/FreeRTOS/Source/tasks.o
                0x000066f0                vTaskPriorityDisinheritAfterTimeout
 .text.pvTaskIncrementMutexHeldCount
                0x000067b0       0x18 ./ra/aws/FreeRTOS/FreeRTOS/Source/tasks.o
                0x000067b0                pvTaskIncrementMutexHeldCount
 .text.prvCheckForValidListAndQueue
                0x000067c8       0x6c ./ra/aws/FreeRTOS/FreeRTOS/Source/timers.o
 .text.prvProcessExpiredTimer
                0x00006834       0x90 ./ra/aws/FreeRTOS/FreeRTOS/Source/timers.o
 .text.prvTimerTask
                0x000068c4      0x250 ./ra/aws/FreeRTOS/FreeRTOS/Source/timers.o
 .text.xTimerCreateTimerTask
                0x00006b14       0x6c ./ra/aws/FreeRTOS/FreeRTOS/Source/timers.o
                0x00006b14                xTimerCreateTimerTask
 .text          0x00006b80      0x378 C:/Program Files (x86)/Arm GNU Toolchain arm-none-eabi/13.2 Rel1/bin/../lib/gcc/arm-none-eabi/13.2.1/thumb/v8-m.main+fp/hard\libgcc.a(_arm_addsubdf3.o)
                0x00006b80                __aeabi_drsub
                0x00006b88                __aeabi_dsub
                0x00006b88                __subdf3
                0x00006b8c                __aeabi_dadd
                0x00006b8c                __adddf3
                0x00006e04                __floatunsidf
                0x00006e04                __aeabi_ui2d
                0x00006e24                __floatsidf
                0x00006e24                __aeabi_i2d
                0x00006e48                __aeabi_f2d
                0x00006e48                __extendsfdf2
                0x00006e8c                __floatundidf
                0x00006e8c                __aeabi_ul2d
                0x00006e9c                __floatdidf
                0x00006e9c                __aeabi_l2d
 .text          0x00006ef8       0xa0 C:/Program Files (x86)/Arm GNU Toolchain arm-none-eabi/13.2 Rel1/bin/../lib/gcc/arm-none-eabi/13.2.1/thumb/v8-m.main+fp/hard\libgcc.a(_arm_truncdfsf2.o)
                0x00006ef8                __truncdfsf2
                0x00006ef8                __aeabi_d2f
 .text.atof     0x00006f98        0x6 C:/Program Files (x86)/Arm GNU Toolchain arm-none-eabi/13.2 Rel1/bin/../lib/gcc/arm-none-eabi/13.2.1/thumb/v8-m.main+fp/hard\libg_nano.a(libc_a-atof.o)
                0x00006f98                atof
 *fill*         0x00006f9e        0x2 ff
 .text.malloc   0x00006fa0       0x10 C:/Program Files (x86)/Arm GNU Toolchain arm-none-eabi/13.2 Rel1/bin/../lib/gcc/arm-none-eabi/13.2.1/thumb/v8-m.main+fp/hard\libg_nano.a(libc_a-malloc.o)
                0x00006fa0                malloc
 .text.free     0x00006fb0       0x10 C:/Program Files (x86)/Arm GNU Toolchain arm-none-eabi/13.2 Rel1/bin/../lib/gcc/arm-none-eabi/13.2.1/thumb/v8-m.main+fp/hard\libg_nano.a(libc_a-malloc.o)
                0x00006fb0                free
 .text.sbrk_aligned
                0x00006fc0       0x44 C:/Program Files (x86)/Arm GNU Toolchain arm-none-eabi/13.2 Rel1/bin/../lib/gcc/arm-none-eabi/13.2.1/thumb/v8-m.main+fp/hard\libg_nano.a(libc_a-mallocr.o)
 .text._malloc_r
                0x00007004      0x100 C:/Program Files (x86)/Arm GNU Toolchain arm-none-eabi/13.2 Rel1/bin/../lib/gcc/arm-none-eabi/13.2.1/thumb/v8-m.main+fp/hard\libg_nano.a(libc_a-mallocr.o)
                0x00007004                _malloc_r
 .text.__malloc_lock
                0x00007104        0xc C:/Program Files (x86)/Arm GNU Toolchain arm-none-eabi/13.2 Rel1/bin/../lib/gcc/arm-none-eabi/13.2.1/thumb/v8-m.main+fp/hard\libg_nano.a(libc_a-mlock.o)
                0x00007104                __malloc_lock
 .text.__malloc_unlock
                0x00007110        0xc C:/Program Files (x86)/Arm GNU Toolchain arm-none-eabi/13.2 Rel1/bin/../lib/gcc/arm-none-eabi/13.2.1/thumb/v8-m.main+fp/hard\libg_nano.a(libc_a-mlock.o)
                0x00007110                __malloc_unlock
 .text.sulp     0x0000711c       0x3c C:/Program Files (x86)/Arm GNU Toolchain arm-none-eabi/13.2 Rel1/bin/../lib/gcc/arm-none-eabi/13.2.1/thumb/v8-m.main+fp/hard\libg_nano.a(libc_a-strtod.o)
 .text._strtod_l
                0x00007158      0xbc8 C:/Program Files (x86)/Arm GNU Toolchain arm-none-eabi/13.2 Rel1/bin/../lib/gcc/arm-none-eabi/13.2.1/thumb/v8-m.main+fp/hard\libg_nano.a(libc_a-strtod.o)
                0x00007158                _strtod_l
 .text.strtod   0x00007d20       0x18 C:/Program Files (x86)/Arm GNU Toolchain arm-none-eabi/13.2 Rel1/bin/../lib/gcc/arm-none-eabi/13.2.1/thumb/v8-m.main+fp/hard\libg_nano.a(libc_a-strtod.o)
                0x00007d20                strtod
 .text.strtof   0x00007d38       0xc8 C:/Program Files (x86)/Arm GNU Toolchain arm-none-eabi/13.2 Rel1/bin/../lib/gcc/arm-none-eabi/13.2.1/thumb/v8-m.main+fp/hard\libg_nano.a(libc_a-strtod.o)
                0x00007d38                strtof
 .text._strtol_l.isra.0
                0x00007e00       0xf4 C:/Program Files (x86)/Arm GNU Toolchain arm-none-eabi/13.2 Rel1/bin/../lib/gcc/arm-none-eabi/13.2.1/thumb/v8-m.main+fp/hard\libg_nano.a(libc_a-strtol.o)
 .text.strtol   0x00007ef4       0x14 C:/Program Files (x86)/Arm GNU Toolchain arm-none-eabi/13.2 Rel1/bin/../lib/gcc/arm-none-eabi/13.2.1/thumb/v8-m.main+fp/hard\libg_nano.a(libc_a-strtol.o)
                0x00007ef4                strtol
 .text.snprintf
                0x00007f08       0x68 C:/Program Files (x86)/Arm GNU Toolchain arm-none-eabi/13.2 Rel1/bin/../lib/gcc/arm-none-eabi/13.2.1/thumb/v8-m.main+fp/hard\libg_nano.a(libc_a-snprintf.o)
                0x00007f08                sniprintf
                0x00007f08                snprintf
 .text.sprintf  0x00007f70       0x40 C:/Program Files (x86)/Arm GNU Toolchain arm-none-eabi/13.2 Rel1/bin/../lib/gcc/arm-none-eabi/13.2.1/thumb/v8-m.main+fp/hard\libg_nano.a(libc_a-sprintf.o)
                0x00007f70                siprintf
                0x00007f70                sprintf
 .text.memset   0x00007fb0       0x10 C:/Program Files (x86)/Arm GNU Toolchain arm-none-eabi/13.2 Rel1/bin/../lib/gcc/arm-none-eabi/13.2.1/thumb/v8-m.main+fp/hard\libg_nano.a(libc_a-memset.o)
                0x00007fb0                memset
 .text.strdup   0x00007fc0       0x10 C:/Program Files (x86)/Arm GNU Toolchain arm-none-eabi/13.2 Rel1/bin/../lib/gcc/arm-none-eabi/13.2.1/thumb/v8-m.main+fp/hard\libg_nano.a(libc_a-strdup.o)
                0x00007fc0                strdup
 .text._strdup_r
                0x00007fd0       0x26 C:/Program Files (x86)/Arm GNU Toolchain arm-none-eabi/13.2 Rel1/bin/../lib/gcc/arm-none-eabi/13.2.1/thumb/v8-m.main+fp/hard\libg_nano.a(libc_a-strdup_r.o)
                0x00007fd0                _strdup_r
 .text.strncmp  0x00007ff6       0x24 C:/Program Files (x86)/Arm GNU Toolchain arm-none-eabi/13.2 Rel1/bin/../lib/gcc/arm-none-eabi/13.2.1/thumb/v8-m.main+fp/hard\libg_nano.a(libc_a-strncmp.o)
                0x00007ff6                strncmp
 .text.strncpy  0x0000801a       0x26 C:/Program Files (x86)/Arm GNU Toolchain arm-none-eabi/13.2 Rel1/bin/../lib/gcc/arm-none-eabi/13.2.1/thumb/v8-m.main+fp/hard\libg_nano.a(libc_a-strncpy.o)
                0x0000801a                strncpy
 .text.strrchr  0x00008040       0x2c C:/Program Files (x86)/Arm GNU Toolchain arm-none-eabi/13.2 Rel1/bin/../lib/gcc/arm-none-eabi/13.2.1/thumb/v8-m.main+fp/hard\libg_nano.a(libc_a-strrchr.o)
                0x00008040                strrchr
 .text.strtok   0x0000806c       0x68 C:/Program Files (x86)/Arm GNU Toolchain arm-none-eabi/13.2 Rel1/bin/../lib/gcc/arm-none-eabi/13.2.1/thumb/v8-m.main+fp/hard\libg_nano.a(libc_a-strtok.o)
                0x0000806c                strtok
 .text.__strtok_r
                0x000080d4       0x50 C:/Program Files (x86)/Arm GNU Toolchain arm-none-eabi/13.2 Rel1/bin/../lib/gcc/arm-none-eabi/13.2.1/thumb/v8-m.main+fp/hard\libg_nano.a(libc_a-strtok_r.o)
                0x000080d4                __strtok_r
 .text.strstr   0x00008124       0x2c C:/Program Files (x86)/Arm GNU Toolchain arm-none-eabi/13.2 Rel1/bin/../lib/gcc/arm-none-eabi/13.2.1/thumb/v8-m.main+fp/hard\libg_nano.a(libc_a-strstr.o)
                0x00008124                strstr
 .text._sbrk_r  0x00008150       0x20 C:/Program Files (x86)/Arm GNU Toolchain arm-none-eabi/13.2 Rel1/bin/../lib/gcc/arm-none-eabi/13.2.1/thumb/v8-m.main+fp/hard\libg_nano.a(libc_a-sbrkr.o)
                0x00008150                _sbrk_r
 .text.__errno  0x00008170        0xc C:/Program Files (x86)/Arm GNU Toolchain arm-none-eabi/13.2 Rel1/bin/../lib/gcc/arm-none-eabi/13.2.1/thumb/v8-m.main+fp/hard\libg_nano.a(libc_a-errno.o)
                0x00008170                __errno
 .text.__retarget_lock_acquire_recursive
                0x0000817c        0x2 C:/Program Files (x86)/Arm GNU Toolchain arm-none-eabi/13.2 Rel1/bin/../lib/gcc/arm-none-eabi/13.2.1/thumb/v8-m.main+fp/hard\libg_nano.a(libc_a-lock.o)
                0x0000817c                __retarget_lock_acquire_recursive
 .text.__retarget_lock_release_recursive
                0x0000817e        0x2 C:/Program Files (x86)/Arm GNU Toolchain arm-none-eabi/13.2 Rel1/bin/../lib/gcc/arm-none-eabi/13.2.1/thumb/v8-m.main+fp/hard\libg_nano.a(libc_a-lock.o)
                0x0000817e                __retarget_lock_release_recursive
 .text.strcpy   0x00008180       0x10 C:/Program Files (x86)/Arm GNU Toolchain arm-none-eabi/13.2 Rel1/bin/../lib/gcc/arm-none-eabi/13.2.1/thumb/v8-m.main+fp/hard\libg_nano.a(libc_a-strcpy.o)
                0x00008180                strcpy
 .text.memcpy   0x00008190       0x1a C:/Program Files (x86)/Arm GNU Toolchain arm-none-eabi/13.2 Rel1/bin/../lib/gcc/arm-none-eabi/13.2.1/thumb/v8-m.main+fp/hard\libg_nano.a(libc_a-memcpy-stub.o)
                0x00008190                memcpy
 .text          0x000081aa       0x10 C:/Program Files (x86)/Arm GNU Toolchain arm-none-eabi/13.2 Rel1/bin/../lib/gcc/arm-none-eabi/13.2.1/thumb/v8-m.main+fp/hard\libg_nano.a(libc_a-strlen.o)
                0x000081aa                strlen
 *fill*         0x000081ba        0x6 ff
 .text.nan      0x000081c0       0x10 C:/Program Files (x86)/Arm GNU Toolchain arm-none-eabi/13.2 Rel1/bin/../lib/gcc/arm-none-eabi/13.2.1/thumb/v8-m.main+fp/hard\libg_nano.a(libm_a-s_nan.o)
                0x000081c0                nan
 .text.nanf     0x000081d0        0xc C:/Program Files (x86)/Arm GNU Toolchain arm-none-eabi/13.2 Rel1/bin/../lib/gcc/arm-none-eabi/13.2.1/thumb/v8-m.main+fp/hard\libg_nano.a(libm_a-sf_nan.o)
                0x000081d0                nanf
 .text._free_r  0x000081dc       0x94 C:/Program Files (x86)/Arm GNU Toolchain arm-none-eabi/13.2 Rel1/bin/../lib/gcc/arm-none-eabi/13.2.1/thumb/v8-m.main+fp/hard\libg_nano.a(libc_a-freer.o)
                0x000081dc                _free_r
 .text.rshift   0x00008270       0xa2 C:/Program Files (x86)/Arm GNU Toolchain arm-none-eabi/13.2 Rel1/bin/../lib/gcc/arm-none-eabi/13.2.1/thumb/v8-m.main+fp/hard\libg_nano.a(libc_a-gdtoa-gethex.o)
 .text.__hexdig_fun
                0x00008312       0x2a C:/Program Files (x86)/Arm GNU Toolchain arm-none-eabi/13.2 Rel1/bin/../lib/gcc/arm-none-eabi/13.2.1/thumb/v8-m.main+fp/hard\libg_nano.a(libc_a-gdtoa-gethex.o)
                0x00008312                __hexdig_fun
 .text.__gethex
                0x0000833c      0x41c C:/Program Files (x86)/Arm GNU Toolchain arm-none-eabi/13.2 Rel1/bin/../lib/gcc/arm-none-eabi/13.2.1/thumb/v8-m.main+fp/hard\libg_nano.a(libc_a-gdtoa-gethex.o)
                0x0000833c                __gethex
 .text.L_shift  0x00008758       0x24 C:/Program Files (x86)/Arm GNU Toolchain arm-none-eabi/13.2 Rel1/bin/../lib/gcc/arm-none-eabi/13.2.1/thumb/v8-m.main+fp/hard\libg_nano.a(libc_a-gdtoa-hexnan.o)
 .text.__match  0x0000877c       0x28 C:/Program Files (x86)/Arm GNU Toolchain arm-none-eabi/13.2 Rel1/bin/../lib/gcc/arm-none-eabi/13.2.1/thumb/v8-m.main+fp/hard\libg_nano.a(libc_a-gdtoa-hexnan.o)
                0x0000877c                __match
 .text.__hexnan
                0x000087a4      0x136 C:/Program Files (x86)/Arm GNU Toolchain arm-none-eabi/13.2 Rel1/bin/../lib/gcc/arm-none-eabi/13.2.1/thumb/v8-m.main+fp/hard\libg_nano.a(libc_a-gdtoa-hexnan.o)
                0x000087a4                __hexnan
 .text.__ascii_mbtowc
                0x000088da       0x24 C:/Program Files (x86)/Arm GNU Toolchain arm-none-eabi/13.2 Rel1/bin/../lib/gcc/arm-none-eabi/13.2.1/thumb/v8-m.main+fp/hard\libg_nano.a(libc_a-mbtowc_r.o)
                0x000088da                __ascii_mbtowc
 *fill*         0x000088fe        0x2 ff
 .text._Balloc  0x00008900       0x80 C:/Program Files (x86)/Arm GNU Toolchain arm-none-eabi/13.2 Rel1/bin/../lib/gcc/arm-none-eabi/13.2.1/thumb/v8-m.main+fp/hard\libg_nano.a(libc_a-mprec.o)
                0x00008900                _Balloc
 .text._Bfree   0x00008980       0x44 C:/Program Files (x86)/Arm GNU Toolchain arm-none-eabi/13.2 Rel1/bin/../lib/gcc/arm-none-eabi/13.2.1/thumb/v8-m.main+fp/hard\libg_nano.a(libc_a-mprec.o)
                0x00008980                _Bfree
 .text.__multadd
                0x000089c4       0x90 C:/Program Files (x86)/Arm GNU Toolchain arm-none-eabi/13.2 Rel1/bin/../lib/gcc/arm-none-eabi/13.2.1/thumb/v8-m.main+fp/hard\libg_nano.a(libc_a-mprec.o)
                0x000089c4                __multadd
 .text.__s2b    0x00008a54       0x94 C:/Program Files (x86)/Arm GNU Toolchain arm-none-eabi/13.2 Rel1/bin/../lib/gcc/arm-none-eabi/13.2.1/thumb/v8-m.main+fp/hard\libg_nano.a(libc_a-mprec.o)
                0x00008a54                __s2b
 .text.__hi0bits
                0x00008ae8       0x3e C:/Program Files (x86)/Arm GNU Toolchain arm-none-eabi/13.2 Rel1/bin/../lib/gcc/arm-none-eabi/13.2.1/thumb/v8-m.main+fp/hard\libg_nano.a(libc_a-mprec.o)
                0x00008ae8                __hi0bits
 .text.__lo0bits
                0x00008b26       0x5a C:/Program Files (x86)/Arm GNU Toolchain arm-none-eabi/13.2 Rel1/bin/../lib/gcc/arm-none-eabi/13.2.1/thumb/v8-m.main+fp/hard\libg_nano.a(libc_a-mprec.o)
                0x00008b26                __lo0bits
 .text.__i2b    0x00008b80       0x2c C:/Program Files (x86)/Arm GNU Toolchain arm-none-eabi/13.2 Rel1/bin/../lib/gcc/arm-none-eabi/13.2.1/thumb/v8-m.main+fp/hard\libg_nano.a(libc_a-mprec.o)
                0x00008b80                __i2b
 .text.__multiply
                0x00008bac      0x148 C:/Program Files (x86)/Arm GNU Toolchain arm-none-eabi/13.2 Rel1/bin/../lib/gcc/arm-none-eabi/13.2.1/thumb/v8-m.main+fp/hard\libg_nano.a(libc_a-mprec.o)
                0x00008bac                __multiply
 .text.__pow5mult
                0x00008cf4       0xb4 C:/Program Files (x86)/Arm GNU Toolchain arm-none-eabi/13.2 Rel1/bin/../lib/gcc/arm-none-eabi/13.2.1/thumb/v8-m.main+fp/hard\libg_nano.a(libc_a-mprec.o)
                0x00008cf4                __pow5mult
 .text.__lshift
                0x00008da8       0xd8 C:/Program Files (x86)/Arm GNU Toolchain arm-none-eabi/13.2 Rel1/bin/../lib/gcc/arm-none-eabi/13.2.1/thumb/v8-m.main+fp/hard\libg_nano.a(libc_a-mprec.o)
                0x00008da8                __lshift
 .text.__mcmp   0x00008e80       0x36 C:/Program Files (x86)/Arm GNU Toolchain arm-none-eabi/13.2 Rel1/bin/../lib/gcc/arm-none-eabi/13.2.1/thumb/v8-m.main+fp/hard\libg_nano.a(libc_a-mprec.o)
                0x00008e80                __mcmp
 *fill*         0x00008eb6        0x2 ff
 .text.__mdiff  0x00008eb8      0x130 C:/Program Files (x86)/Arm GNU Toolchain arm-none-eabi/13.2 Rel1/bin/../lib/gcc/arm-none-eabi/13.2.1/thumb/v8-m.main+fp/hard\libg_nano.a(libc_a-mprec.o)
                0x00008eb8                __mdiff
 .text.__ulp    0x00008fe8       0x4c C:/Program Files (x86)/Arm GNU Toolchain arm-none-eabi/13.2 Rel1/bin/../lib/gcc/arm-none-eabi/13.2.1/thumb/v8-m.main+fp/hard\libg_nano.a(libc_a-mprec.o)
                0x00008fe8                __ulp
 .text.__b2d    0x00009034       0x9c C:/Program Files (x86)/Arm GNU Toolchain arm-none-eabi/13.2 Rel1/bin/../lib/gcc/arm-none-eabi/13.2.1/thumb/v8-m.main+fp/hard\libg_nano.a(libc_a-mprec.o)
                0x00009034                __b2d
 .text.__d2b    0x000090d0       0xb0 C:/Program Files (x86)/Arm GNU Toolchain arm-none-eabi/13.2 Rel1/bin/../lib/gcc/arm-none-eabi/13.2.1/thumb/v8-m.main+fp/hard\libg_nano.a(libc_a-mprec.o)
                0x000090d0                __d2b
 .text.__ratio  0x00009180       0x64 C:/Program Files (x86)/Arm GNU Toolchain arm-none-eabi/13.2 Rel1/bin/../lib/gcc/arm-none-eabi/13.2.1/thumb/v8-m.main+fp/hard\libg_nano.a(libc_a-mprec.o)
                0x00009180                __ratio
 .text.__copybits
                0x000091e4       0x46 C:/Program Files (x86)/Arm GNU Toolchain arm-none-eabi/13.2 Rel1/bin/../lib/gcc/arm-none-eabi/13.2.1/thumb/v8-m.main+fp/hard\libg_nano.a(libc_a-mprec.o)
                0x000091e4                __copybits
 .text.__any_on
                0x0000922a       0x42 C:/Program Files (x86)/Arm GNU Toolchain arm-none-eabi/13.2 Rel1/bin/../lib/gcc/arm-none-eabi/13.2.1/thumb/v8-m.main+fp/hard\libg_nano.a(libc_a-mprec.o)
                0x0000922a                __any_on
 .text.__ascii_wctomb
                0x0000926c       0x1a C:/Program Files (x86)/Arm GNU Toolchain arm-none-eabi/13.2 Rel1/bin/../lib/gcc/arm-none-eabi/13.2.1/thumb/v8-m.main+fp/hard\libg_nano.a(libc_a-wctomb_r.o)
                0x0000926c                __ascii_wctomb
 .text.__ssputs_r
                0x00009286       0xb6 C:/Program Files (x86)/Arm GNU Toolchain arm-none-eabi/13.2 Rel1/bin/../lib/gcc/arm-none-eabi/13.2.1/thumb/v8-m.main+fp/hard\libg_nano.a(libc_a-nano-svfprintf.o)
                0x00009286                __ssputs_r
 .text._svfprintf_r
                0x0000933c      0x1f8 C:/Program Files (x86)/Arm GNU Toolchain arm-none-eabi/13.2 Rel1/bin/../lib/gcc/arm-none-eabi/13.2.1/thumb/v8-m.main+fp/hard\libg_nano.a(libc_a-nano-svfprintf.o)
                0x0000933c                _svfiprintf_r
                0x0000933c                _svfprintf_r
 .text._printf_common
                0x00009534       0xe4 C:/Program Files (x86)/Arm GNU Toolchain arm-none-eabi/13.2 Rel1/bin/../lib/gcc/arm-none-eabi/13.2.1/thumb/v8-m.main+fp/hard\libg_nano.a(libc_a-nano-vfprintf_i.o)
                0x00009534                _printf_common
 .text._printf_i
                0x00009618      0x23c C:/Program Files (x86)/Arm GNU Toolchain arm-none-eabi/13.2 Rel1/bin/../lib/gcc/arm-none-eabi/13.2.1/thumb/v8-m.main+fp/hard\libg_nano.a(libc_a-nano-vfprintf_i.o)
                0x00009618                _printf_i
 .text.memmove  0x00009854       0x34 C:/Program Files (x86)/Arm GNU Toolchain arm-none-eabi/13.2 Rel1/bin/../lib/gcc/arm-none-eabi/13.2.1/thumb/v8-m.main+fp/hard\libg_nano.a(libc_a-memmove.o)
                0x00009854                memmove
 .text.strchr   0x00009888       0x1a C:/Program Files (x86)/Arm GNU Toolchain arm-none-eabi/13.2 Rel1/bin/../lib/gcc/arm-none-eabi/13.2.1/thumb/v8-m.main+fp/hard\libg_nano.a(libc_a-strchr.o)
                0x00009888                strchr
 .text.memchr   0x000098a2       0x1c C:/Program Files (x86)/Arm GNU Toolchain arm-none-eabi/13.2 Rel1/bin/../lib/gcc/arm-none-eabi/13.2.1/thumb/v8-m.main+fp/hard\libg_nano.a(libc_a-memchr-stub.o)
                0x000098a2                memchr
 .text._calloc_r
                0x000098be       0x28 C:/Program Files (x86)/Arm GNU Toolchain arm-none-eabi/13.2 Rel1/bin/../lib/gcc/arm-none-eabi/13.2.1/thumb/v8-m.main+fp/hard\libg_nano.a(libc_a-callocr.o)
                0x000098be                _calloc_r
 .text._realloc_r
                0x000098e6       0x5c C:/Program Files (x86)/Arm GNU Toolchain arm-none-eabi/13.2 Rel1/bin/../lib/gcc/arm-none-eabi/13.2.1/thumb/v8-m.main+fp/hard\libg_nano.a(libc_a-reallocr.o)
                0x000098e6                _realloc_r
 .text._malloc_usable_size_r
                0x00009942       0x10 C:/Program Files (x86)/Arm GNU Toolchain arm-none-eabi/13.2 Rel1/bin/../lib/gcc/arm-none-eabi/13.2.1/thumb/v8-m.main+fp/hard\libg_nano.a(libc_a-msizer.o)
                0x00009942                _malloc_usable_size_r
 *fill*         0x00009952        0x2 ff
 .text          0x00009954      0x424 C:/Program Files (x86)/Arm GNU Toolchain arm-none-eabi/13.2 Rel1/bin/../lib/gcc/arm-none-eabi/13.2.1/thumb/v8-m.main+fp/hard\libgcc.a(_arm_muldivdf3.o)
                0x00009954                __aeabi_dmul
                0x00009954                __muldf3
                0x00009ba8                __divdf3
                0x00009ba8                __aeabi_ddiv
 .text          0x00009d78      0x110 C:/Program Files (x86)/Arm GNU Toolchain arm-none-eabi/13.2 Rel1/bin/../lib/gcc/arm-none-eabi/13.2.1/thumb/v8-m.main+fp/hard\libgcc.a(_arm_cmpdf2.o)
                0x00009d78                __gtdf2
                0x00009d78                __gedf2
                0x00009d80                __ltdf2
                0x00009d80                __ledf2
                0x00009d88                __nedf2
                0x00009d88                __eqdf2
                0x00009d88                __cmpdf2
                0x00009e04                __aeabi_cdrcmple
                0x00009e14                __aeabi_cdcmpeq
                0x00009e14                __aeabi_cdcmple
                0x00009e24                __aeabi_dcmpeq
                0x00009e38                __aeabi_dcmplt
                0x00009e4c                __aeabi_dcmple
                0x00009e60                __aeabi_dcmpge
                0x00009e74                __aeabi_dcmpgt
 .text          0x00009e88       0x2c C:/Program Files (x86)/Arm GNU Toolchain arm-none-eabi/13.2 Rel1/bin/../lib/gcc/arm-none-eabi/13.2.1/thumb/v8-m.main+fp/hard\libgcc.a(_arm_unorddf2.o)
                0x00009e88                __unorddf2
                0x00009e88                __aeabi_dcmpun
 .text          0x00009eb4       0x40 C:/Program Files (x86)/Arm GNU Toolchain arm-none-eabi/13.2 Rel1/bin/../lib/gcc/arm-none-eabi/13.2.1/thumb/v8-m.main+fp/hard\libgcc.a(_arm_fixunsdfsi.o)
                0x00009eb4                __aeabi_d2uiz
                0x00009eb4                __fixunsdfsi
 .text.__fixdfdi
                0x00009ef4       0x30 C:/Program Files (x86)/Arm GNU Toolchain arm-none-eabi/13.2 Rel1/bin/../lib/gcc/arm-none-eabi/13.2.1/thumb/v8-m.main+fp/hard\libgcc.a(_fixdfdi.o)
                0x00009ef4                __fixdfdi
                0x00009ef4                __aeabi_d2lz
 .text.__fixunsdfdi
                0x00009f24       0x3c C:/Program Files (x86)/Arm GNU Toolchain arm-none-eabi/13.2 Rel1/bin/../lib/gcc/arm-none-eabi/13.2.1/thumb/v8-m.main+fp/hard\libgcc.a(_fixunsdfdi.o)
                0x00009f24                __fixunsdfdi
                0x00009f24                __aeabi_d2ulz
 *(.version)
 .version       0x00009f60       0x50 ./ra/fsp/src/bsp/mcu/all/bsp_common.o
 *(.init)
 .init          0x00009fb0        0x4 C:/Program Files (x86)/Arm GNU Toolchain arm-none-eabi/13.2 Rel1/bin/../lib/gcc/arm-none-eabi/13.2.1/thumb/v8-m.main+fp/hard/crti.o
                0x00009fb0                _init
 .init          0x00009fb4        0x8 C:/Program Files (x86)/Arm GNU Toolchain arm-none-eabi/13.2 Rel1/bin/../lib/gcc/arm-none-eabi/13.2.1/thumb/v8-m.main+fp/hard/crtn.o
 *(.fini)
 .fini          0x00009fbc        0x4 C:/Program Files (x86)/Arm GNU Toolchain arm-none-eabi/13.2 Rel1/bin/../lib/gcc/arm-none-eabi/13.2.1/thumb/v8-m.main+fp/hard/crti.o
                0x00009fbc                _fini
 .fini          0x00009fc0        0x8 C:/Program Files (x86)/Arm GNU Toolchain arm-none-eabi/13.2 Rel1/bin/../lib/gcc/arm-none-eabi/13.2.1/thumb/v8-m.main+fp/hard/crtn.o
 *crtbegin.o(.ctors)
 *crtbegin?.o(.ctors)
 *(EXCLUDE_FILE(*crtend.o *crtend?.o) .ctors)
 *(SORT_BY_NAME(.ctors.*))
 *(.ctors)
 *crtbegin.o(.dtors)
 *crtbegin?.o(.dtors)
 *(EXCLUDE_FILE(*crtend.o *crtend?.o) .dtors)
 *(SORT_BY_NAME(.dtors.*))
 *(.dtors)
 *(.rodata*)
 .rodata.nmea_GNGGA.str1.4
                0x00009fc8      0xb14 ./src/nmea_p/nmea_parse.o
                                  0x2 (size before relaxing)
 .rodata.nmea_parse.str1.4
                0x0000aadc      0x123 ./src/nmea_p/nmea_parse.o
 .rodata.send_uart_command.str1.4
                0x0000aadc       0x1b ./src/nmea_p/uart_mqtt.o
 .rodata.setupMQTT.str1.4
                0x0000aadc       0xae ./src/nmea_p/uart_mqtt.o
 .rodata.pub_mess.str1.4
                0x0000aadc       0x4f ./src/nmea_p/uart_mqtt.o
 .rodata._DoInit.str1.4
                0x0000aadc        0x9 ./src/RTT/SEGGER_RTT.o
 .rodata._aInitStr.0
                0x0000aadc       0x11 ./src/RTT/SEGGER_RTT.o
 .rodata.SEGGER_RTT_vprintf.str1.4
                0x0000aaed        0x7 ./src/RTT/SEGGER_RTT_printf.o
 *fill*         0x0000aaed        0x3 ff
 .rodata._aV2C.0
                0x0000aaf0       0x10 ./src/RTT/SEGGER_RTT_printf.o
 .rodata.LCD_Init.str1.4
                0x0000ab00       0x20 ./src/LCD/LCD_Driver.o
 .rodata.font16x26
                0x0000ab00     0x134c ./src/LCD/LCD_Driver.o
 .rodata.font11x18
                0x0000be4c      0xd5c ./src/LCD/LCD_Driver.o
 .rodata.font8x16
                0x0000cba8      0xbe0 ./src/LCD/LCD_Driver.o
 .rodata.font6x8
                0x0000d788      0x5b0 ./src/LCD/LCD_Driver.o
 .rodata.OBU_GNSS_entry.str1.4
                0x0000dd38       0x36 ./src/OBU_GNSS_entry.o
 .rodata.OBU_INIT_entry.str1.4
                0x0000dd38       0x68 ./src/OBU_INIT_entry.o
 .rodata.icon_Power_On
                0x0000dd38     0x4c90 ./src/OBU_INIT_entry.o
 .rodata.icon_GPS_On
                0x000129c8     0x4c90 ./src/OBU_INIT_entry.o
 .rodata.icon_4G_On
                0x00017658     0x4c90 ./src/OBU_INIT_entry.o
 .rodata.OBU_LCD_entry.str1.4
                0x0001c2e8       0x6d ./src/OBU_LCD_entry.o
 .rodata.icon_GPS_On
                0x0001c2e8     0x4c90 ./src/OBU_LCD_entry.o
 .rodata.icon_GPS_Off
                0x00020f78     0x4c90 ./src/OBU_LCD_entry.o
 .rodata.icon_4G_On
                0x00025c08     0x4c90 ./src/OBU_LCD_entry.o
 .rodata.icon_4G_Off
                0x0002a898     0x4c90 ./src/OBU_LCD_entry.o
 .rodata.uart_simcom_callback.str1.4
                0x0002f528       0x17 ./src/OBU_MQTT_entry.o
 .rodata.OBU_MQTT_entry.str1.4
                0x0002f528       0x22 ./src/OBU_MQTT_entry.o
 .rodata.OBU_RECONNECT_entry.str1.4
                0x0002f528       0x34 ./src/OBU_RECONNECT_entry.o
 .rodata.OBU_GNSS_create.str1.4
                0x0002f528        0x9 ./ra_gen/OBU_GNSS.o
 .rodata.OBU_GNSS_parameters
                0x0002f528        0x4 ./ra_gen/OBU_GNSS.o
                0x0002f528                OBU_GNSS_parameters
 .rodata.OBU_INIT_create.str1.4
                0x0002f52c        0x9 ./ra_gen/OBU_INIT.o
 .rodata.OBU_INIT_parameters
                0x0002f52c        0x4 ./ra_gen/OBU_INIT.o
                0x0002f52c                OBU_INIT_parameters
 .rodata.OBU_LCD_create.str1.4
                0x0002f530        0x8 ./ra_gen/OBU_LCD.o
 .rodata.OBU_LCD_parameters
                0x0002f530        0x4 ./ra_gen/OBU_LCD.o
                0x0002f530                OBU_LCD_parameters
 .rodata.OBU_MQTT_create.str1.4
                0x0002f534        0x9 ./ra_gen/OBU_MQTT.o
 .rodata.OBU_MQTT_parameters
                0x0002f534        0x4 ./ra_gen/OBU_MQTT.o
                0x0002f534                OBU_MQTT_parameters
 .rodata.OBU_RECONNECT_create.str1.4
                0x0002f538        0xe ./ra_gen/OBU_RECONNECT.o
 .rodata.OBU_RECONNECT_parameters
                0x0002f538        0x4 ./ra_gen/OBU_RECONNECT.o
                0x0002f538                OBU_RECONNECT_parameters
 .rodata.g_spi0_cfg
                0x0002f53c       0x24 ./ra_gen/hal_data.o
                0x0002f53c                g_spi0_cfg
 .rodata.g_spi0_cfg_extend
                0x0002f560        0x3 ./ra_gen/hal_data.o
                0x0002f560                g_spi0_cfg_extend
 *fill*         0x0002f563        0x1 ff
 .rodata.g_transfer1
                0x0002f564        0xc ./ra_gen/hal_data.o
                0x0002f564                g_transfer1
 .rodata.g_transfer1_cfg
                0x0002f570        0x8 ./ra_gen/hal_data.o
                0x0002f570                g_transfer1_cfg
 .rodata.g_transfer1_cfg_extend
                0x0002f578        0x1 ./ra_gen/hal_data.o
                0x0002f578                g_transfer1_cfg_extend
 *fill*         0x0002f579        0x3 ff
 .rodata.g_transfer0
                0x0002f57c        0xc ./ra_gen/hal_data.o
                0x0002f57c                g_transfer0
 .rodata.g_transfer0_cfg
                0x0002f588        0x8 ./ra_gen/hal_data.o
                0x0002f588                g_transfer0_cfg
 .rodata.g_transfer0_cfg_extend
                0x0002f590        0x1 ./ra_gen/hal_data.o
                0x0002f590                g_transfer0_cfg_extend
 *fill*         0x0002f591        0x3 ff
 .rodata.g_uart4_ublox_cfg
                0x0002f594       0x20 ./ra_gen/hal_data.o
                0x0002f594                g_uart4_ublox_cfg
 .rodata.g_uart4_ublox_cfg_extend
                0x0002f5b4       0x14 ./ra_gen/hal_data.o
                0x0002f5b4                g_uart4_ublox_cfg_extend
 .rodata.g_uart9_simcom_cfg
                0x0002f5c8       0x20 ./ra_gen/hal_data.o
                0x0002f5c8                g_uart9_simcom_cfg
 .rodata.g_uart9_simcom_cfg_extend
                0x0002f5e8       0x14 ./ra_gen/hal_data.o
                0x0002f5e8                g_uart9_simcom_cfg_extend
 .rodata.g_transfer3
                0x0002f5fc        0xc ./ra_gen/hal_data.o
                0x0002f5fc                g_transfer3
 .rodata.g_transfer3_cfg
                0x0002f608        0x8 ./ra_gen/hal_data.o
                0x0002f608                g_transfer3_cfg
 .rodata.g_transfer3_cfg_extend
                0x0002f610        0x1 ./ra_gen/hal_data.o
                0x0002f610                g_transfer3_cfg_extend
 *fill*         0x0002f611        0x3 ff
 .rodata.g_transfer2_cfg
                0x0002f614        0x8 ./ra_gen/hal_data.o
                0x0002f614                g_transfer2_cfg
 .rodata.g_transfer2_extend
                0x0002f61c       0x18 ./ra_gen/hal_data.o
                0x0002f61c                g_transfer2_extend
 .rodata.g_bsp_pin_cfg
                0x0002f634        0xc ./ra_gen/pin_data.o
                0x0002f634                g_bsp_pin_cfg
 .rodata.g_bsp_pin_cfg_data
                0x0002f640      0x110 ./ra_gen/pin_data.o
                0x0002f640                g_bsp_pin_cfg_data
 .rodata.g_interrupt_event_link_select
                0x0002f750       0xc0 ./ra_gen/vector_data.o
                0x0002f750                g_interrupt_event_link_select
 .rodata.vPortSVCHandler_C.str1.4
                0x0002f810       0x3a ./ra/fsp/src/rm_freertos_port/port.o
 .rodata.vPortEnterCritical.str1.4
                0x0002f810       0x46 ./ra/fsp/src/rm_freertos_port/port.o
 .rodata.vPortExitCritical.str1.4
                0x0002f810       0x12 ./ra/fsp/src/rm_freertos_port/port.o
 .rodata.__func__.1
                0x0002f810       0x12 ./ra/fsp/src/rm_freertos_port/port.o
 *fill*         0x0002f822        0x2 ff
 .rodata.__func__.2
                0x0002f824       0x13 ./ra/fsp/src/rm_freertos_port/port.o
 *fill*         0x0002f837        0x1 ff
 .rodata.__func__.3
                0x0002f838       0x12 ./ra/fsp/src/rm_freertos_port/port.o
 *fill*         0x0002f84a        0x2 ff
 .rodata.g_vbatt_pins_input
                0x0002f84c        0x6 ./ra/fsp/src/r_ioport/r_ioport.o
 *fill*         0x0002f852        0x2 ff
 .rodata.g_transfer_on_dtc
                0x0002f854       0x2c ./ra/fsp/src/r_dtc/r_dtc.o
                0x0002f854                g_transfer_on_dtc
 .rodata.g_prcr_masks
                0x0002f880        0x8 ./ra/fsp/src/bsp/mcu/all/bsp_register_protection.o
 .rodata.vPortFree.str1.4
                0x0002f888       0xdb ./ra/aws/FreeRTOS/FreeRTOS/Source/portable/MemMang/heap_2.o
 .rodata.__func__.0
                0x0002f888        0xa ./ra/aws/FreeRTOS/FreeRTOS/Source/portable/MemMang/heap_2.o
 .rodata.vQueueUnregisterQueue.part.0.str1.4
                0x0002f892       0x33 ./ra/aws/FreeRTOS/FreeRTOS/Source/queue.o
 .rodata.xQueueGenericReset.str1.4
                0x0002f892       0x2c ./ra/aws/FreeRTOS/FreeRTOS/Source/queue.o
 .rodata.xQueueGenericCreateStatic.str1.4
                0x0002f892       0x37 ./ra/aws/FreeRTOS/FreeRTOS/Source/queue.o
 .rodata.xQueueCreateCountingSemaphoreStatic.str1.4
                0x0002f892        0x8 ./ra/aws/FreeRTOS/FreeRTOS/Source/queue.o
 .rodata.xQueueGenericSend.str1.4
                0x0002f892       0xfb ./ra/aws/FreeRTOS/FreeRTOS/Source/queue.o
 .rodata.xQueueGiveFromISR.str1.4
                0x0002f892       0x7d ./ra/aws/FreeRTOS/FreeRTOS/Source/queue.o
 .rodata.xQueueReceive.str1.4
                0x0002f892       0x66 ./ra/aws/FreeRTOS/FreeRTOS/Source/queue.o
 *fill*         0x0002f892        0x2 ff
 .rodata.__func__.2
                0x0002f894       0x14 ./ra/aws/FreeRTOS/FreeRTOS/Source/queue.o
 .rodata.__func__.12
                0x0002f8a8       0x14 ./ra/aws/FreeRTOS/FreeRTOS/Source/queue.o
 .rodata.__func__.13
                0x0002f8bc        0xe ./ra/aws/FreeRTOS/FreeRTOS/Source/queue.o
 *fill*         0x0002f8ca        0x2 ff
 .rodata.__func__.16
                0x0002f8cc       0x12 ./ra/aws/FreeRTOS/FreeRTOS/Source/queue.o
 *fill*         0x0002f8de        0x2 ff
 .rodata.__func__.18
                0x0002f8e0       0x24 ./ra/aws/FreeRTOS/FreeRTOS/Source/queue.o
 .rodata.__func__.21
                0x0002f904       0x1a ./ra/aws/FreeRTOS/FreeRTOS/Source/queue.o
 *fill*         0x0002f91e        0x2 ff
 .rodata.__func__.22
                0x0002f920       0x13 ./ra/aws/FreeRTOS/FreeRTOS/Source/queue.o
 .rodata.prvTaskIsTaskSuspended.part.0.str1.4
                0x0002f933       0x33 ./ra/aws/FreeRTOS/FreeRTOS/Source/tasks.o
 .rodata.prvInitialiseNewTask.constprop.0.str1.4
                0x0002f933       0x11 ./ra/aws/FreeRTOS/FreeRTOS/Source/tasks.o
 .rodata.prvIdleTask.str1.4
                0x0002f933       0x32 ./ra/aws/FreeRTOS/FreeRTOS/Source/tasks.o
 .rodata.xTaskIncrementTick.part.0.str1.4
                0x0002f933       0x76 ./ra/aws/FreeRTOS/FreeRTOS/Source/tasks.o
 .rodata.xTaskCreateStatic.str1.4
                0x0002f933       0x55 ./ra/aws/FreeRTOS/FreeRTOS/Source/tasks.o
 .rodata.vTaskDelete.str1.4
                0x0002f933       0x2b ./ra/aws/FreeRTOS/FreeRTOS/Source/tasks.o
 .rodata.vTaskResume.str1.4
                0x0002f933        0xe ./ra/aws/FreeRTOS/FreeRTOS/Source/tasks.o
 .rodata.vTaskStartScheduler.str1.4
                0x0002f933       0x1a ./ra/aws/FreeRTOS/FreeRTOS/Source/tasks.o
 .rodata.xTaskResumeAll.str1.4
                0x0002f933       0x2b ./ra/aws/FreeRTOS/FreeRTOS/Source/tasks.o
 .rodata.vTaskSwitchContext.str1.4
                0x0002f933        0xe ./ra/aws/FreeRTOS/FreeRTOS/Source/tasks.o
 .rodata.vTaskPlaceOnEventList.str1.4
                0x0002f933        0xc ./ra/aws/FreeRTOS/FreeRTOS/Source/tasks.o
 .rodata.xTaskRemoveFromEventList.str1.4
                0x0002f933        0xf ./ra/aws/FreeRTOS/FreeRTOS/Source/tasks.o
 .rodata.vTaskSetTimeOutState.str1.4
                0x0002f933        0xa ./ra/aws/FreeRTOS/FreeRTOS/Source/tasks.o
 .rodata.xTaskCheckForTimeOut.str1.4
                0x0002f933        0xe ./ra/aws/FreeRTOS/FreeRTOS/Source/tasks.o
 .rodata.xTaskPriorityDisinherit.str1.4
                0x0002f933       0x2d ./ra/aws/FreeRTOS/FreeRTOS/Source/tasks.o
 .rodata.vTaskPriorityDisinheritAfterTimeout.str1.4
                0x0002f933       0x16 ./ra/aws/FreeRTOS/FreeRTOS/Source/tasks.o
 *fill*         0x0002f933        0x1 ff
 .rodata.__func__.7
                0x0002f934       0x24 ./ra/aws/FreeRTOS/FreeRTOS/Source/tasks.o
 .rodata.__func__.8
                0x0002f958       0x18 ./ra/aws/FreeRTOS/FreeRTOS/Source/tasks.o
 .rodata.__func__.10
                0x0002f970       0x15 ./ra/aws/FreeRTOS/FreeRTOS/Source/tasks.o
 *fill*         0x0002f985        0x3 ff
 .rodata.__func__.13
                0x0002f988       0x19 ./ra/aws/FreeRTOS/FreeRTOS/Source/tasks.o
 *fill*         0x0002f9a1        0x3 ff
 .rodata.__func__.14
                0x0002f9a4       0x20 ./ra/aws/FreeRTOS/FreeRTOS/Source/tasks.o
 .rodata.__func__.16
                0x0002f9c4       0x16 ./ra/aws/FreeRTOS/FreeRTOS/Source/tasks.o
 *fill*         0x0002f9da        0x2 ff
 .rodata.__func__.17
                0x0002f9dc       0x13 ./ra/aws/FreeRTOS/FreeRTOS/Source/tasks.o
 *fill*         0x0002f9ef        0x1 ff
 .rodata.__func__.18
                0x0002f9f0       0x13 ./ra/aws/FreeRTOS/FreeRTOS/Source/tasks.o
 *fill*         0x0002fa03        0x1 ff
 .rodata.__func__.22
                0x0002fa04        0xf ./ra/aws/FreeRTOS/FreeRTOS/Source/tasks.o
 *fill*         0x0002fa13        0x1 ff
 .rodata.__func__.23
                0x0002fa14       0x14 ./ra/aws/FreeRTOS/FreeRTOS/Source/tasks.o
 .rodata.__func__.26
                0x0002fa28        0xc ./ra/aws/FreeRTOS/FreeRTOS/Source/tasks.o
 .rodata.__func__.27
                0x0002fa34        0xd ./ra/aws/FreeRTOS/FreeRTOS/Source/tasks.o
 *fill*         0x0002fa41        0x3 ff
 .rodata.__func__.29
                0x0002fa44        0xb ./ra/aws/FreeRTOS/FreeRTOS/Source/tasks.o
 *fill*         0x0002fa4f        0x1 ff
 .rodata.__func__.31
                0x0002fa50        0xd ./ra/aws/FreeRTOS/FreeRTOS/Source/tasks.o
 *fill*         0x0002fa5d        0x3 ff
 .rodata.__func__.32
                0x0002fa60        0xc ./ra/aws/FreeRTOS/FreeRTOS/Source/tasks.o
 .rodata.__func__.33
                0x0002fa6c       0x15 ./ra/aws/FreeRTOS/FreeRTOS/Source/tasks.o
 *fill*         0x0002fa81        0x3 ff
 .rodata.__func__.34
                0x0002fa84       0x12 ./ra/aws/FreeRTOS/FreeRTOS/Source/tasks.o
 *fill*         0x0002fa96        0x2 ff
 .rodata.uxTopUsedPriority
                0x0002fa98        0x4 ./ra/aws/FreeRTOS/FreeRTOS/Source/tasks.o
                0x0002fa98                uxTopUsedPriority
 .rodata.prvCheckForValidListAndQueue.str1.4
                0x0002fa9c        0x5 ./ra/aws/FreeRTOS/FreeRTOS/Source/timers.o
 .rodata.prvInitialiseNewTimer.part.0.str1.4
                0x0002fa9c       0x48 ./ra/aws/FreeRTOS/FreeRTOS/Source/timers.o
 .rodata.prvTimerTask.str1.4
                0x0002fa9c       0x25 ./ra/aws/FreeRTOS/FreeRTOS/Source/timers.o
 .rodata.xTimerCreateTimerTask.str1.4
                0x0002fa9c       0x10 ./ra/aws/FreeRTOS/FreeRTOS/Source/timers.o
 .rodata.__func__.15
                0x0002fa9c       0x1b ./ra/aws/FreeRTOS/FreeRTOS/Source/timers.o
 *fill*         0x0002fab7        0x1 ff
 .rodata.__func__.17
                0x0002fab8       0x16 ./ra/aws/FreeRTOS/FreeRTOS/Source/timers.o
 .rodata._strtod_l.str1.1
                0x0002face      0x187 C:/Program Files (x86)/Arm GNU Toolchain arm-none-eabi/13.2 Rel1/bin/../lib/gcc/arm-none-eabi/13.2.1/thumb/v8-m.main+fp/hard\libg_nano.a(libc_a-strtod.o)
                                  0xf (size before relaxing)
 *fill*         0x0002fc55        0x3 ff
 .rodata.fpinan.0
                0x0002fc58       0x14 C:/Program Files (x86)/Arm GNU Toolchain arm-none-eabi/13.2 Rel1/bin/../lib/gcc/arm-none-eabi/13.2.1/thumb/v8-m.main+fp/hard\libg_nano.a(libc_a-strtod.o)
 .rodata.fpi.1  0x0002fc6c       0x14 C:/Program Files (x86)/Arm GNU Toolchain arm-none-eabi/13.2 Rel1/bin/../lib/gcc/arm-none-eabi/13.2.1/thumb/v8-m.main+fp/hard\libg_nano.a(libc_a-strtod.o)
 .rodata.tinytens
                0x0002fc80       0x28 C:/Program Files (x86)/Arm GNU Toolchain arm-none-eabi/13.2 Rel1/bin/../lib/gcc/arm-none-eabi/13.2.1/thumb/v8-m.main+fp/hard\libg_nano.a(libc_a-strtod.o)
 .rodata._ctype_
                0x0002fca8      0x101 C:/Program Files (x86)/Arm GNU Toolchain arm-none-eabi/13.2 Rel1/bin/../lib/gcc/arm-none-eabi/13.2.1/thumb/v8-m.main+fp/hard\libg_nano.a(libc_a-ctype_.o)
                0x0002fca8                _ctype_
 .rodata.strtok.str1.1
                0x0002fda9       0x72 C:/Program Files (x86)/Arm GNU Toolchain arm-none-eabi/13.2 Rel1/bin/../lib/gcc/arm-none-eabi/13.2.1/thumb/v8-m.main+fp/hard\libg_nano.a(libc_a-strtok.o)
 .rodata._setlocale_r.str1.1
                0x0002fda9        0x9 C:/Program Files (x86)/Arm GNU Toolchain arm-none-eabi/13.2 Rel1/bin/../lib/gcc/arm-none-eabi/13.2.1/thumb/v8-m.main+fp/hard\libg_nano.a(libc_a-locale.o)
 .rodata.str1.1
                0x0002fda9        0x2 C:/Program Files (x86)/Arm GNU Toolchain arm-none-eabi/13.2 Rel1/bin/../lib/gcc/arm-none-eabi/13.2.1/thumb/v8-m.main+fp/hard\libg_nano.a(libc_a-locale.o)
 .rodata.__gethex.str1.1
                0x0002fda9       0x74 C:/Program Files (x86)/Arm GNU Toolchain arm-none-eabi/13.2 Rel1/bin/../lib/gcc/arm-none-eabi/13.2.1/thumb/v8-m.main+fp/hard\libg_nano.a(libc_a-gdtoa-gethex.o)
 .rodata._Balloc.str1.1
                0x0002fda9       0x71 C:/Program Files (x86)/Arm GNU Toolchain arm-none-eabi/13.2 Rel1/bin/../lib/gcc/arm-none-eabi/13.2.1/thumb/v8-m.main+fp/hard\libg_nano.a(libc_a-mprec.o)
 .rodata.__multadd.str1.1
                0x0002fda9       0x11 C:/Program Files (x86)/Arm GNU Toolchain arm-none-eabi/13.2 Rel1/bin/../lib/gcc/arm-none-eabi/13.2.1/thumb/v8-m.main+fp/hard\libg_nano.a(libc_a-mprec.o)
 *fill*         0x0002fda9        0x3 ff
 .rodata.p05.0  0x0002fdac        0xc C:/Program Files (x86)/Arm GNU Toolchain arm-none-eabi/13.2 Rel1/bin/../lib/gcc/arm-none-eabi/13.2.1/thumb/v8-m.main+fp/hard\libg_nano.a(libc_a-mprec.o)
 .rodata.__mprec_bigtens
                0x0002fdb8       0x28 C:/Program Files (x86)/Arm GNU Toolchain arm-none-eabi/13.2 Rel1/bin/../lib/gcc/arm-none-eabi/13.2.1/thumb/v8-m.main+fp/hard\libg_nano.a(libc_a-mprec.o)
                0x0002fdb8                __mprec_bigtens
 .rodata.__mprec_tens
                0x0002fde0       0xc8 C:/Program Files (x86)/Arm GNU Toolchain arm-none-eabi/13.2 Rel1/bin/../lib/gcc/arm-none-eabi/13.2.1/thumb/v8-m.main+fp/hard\libg_nano.a(libc_a-mprec.o)
                0x0002fde0                __mprec_tens
 .rodata._svfprintf_r.str1.1
                0x0002fea8       0x11 C:/Program Files (x86)/Arm GNU Toolchain arm-none-eabi/13.2 Rel1/bin/../lib/gcc/arm-none-eabi/13.2.1/thumb/v8-m.main+fp/hard\libg_nano.a(libc_a-nano-svfprintf.o)
 .rodata._printf_i.str1.1
                0x0002fea8       0x22 C:/Program Files (x86)/Arm GNU Toolchain arm-none-eabi/13.2 Rel1/bin/../lib/gcc/arm-none-eabi/13.2.1/thumb/v8-m.main+fp/hard\libg_nano.a(libc_a-nano-vfprintf_i.o)
                0x0002fea8                        __usb_dev_descriptor_start_fs = .
 *(.usb_device_desc_fs*)
                0x0002fea8                        __usb_cfg_descriptor_start_fs = .
 *(.usb_config_desc_fs*)
                0x0002fea8                        __usb_interface_descriptor_start_fs = .
 *(.usb_interface_desc_fs*)
                0x0002fea8                        __usb_descriptor_end_fs = .
                0x0002fea8                        __usb_dev_descriptor_start_hs = .
 *(.usb_device_desc_hs*)
                0x0002fea8                        __usb_cfg_descriptor_start_hs = .
 *(.usb_config_desc_hs*)
                0x0002fea8                        __usb_interface_descriptor_start_hs = .
 *(.usb_interface_desc_hs*)
                0x0002fea8                        __usb_descriptor_end_hs = .
 *(.eh_frame*)
 .eh_frame      0x0002fea8        0x0 C:/Program Files (x86)/Arm GNU Toolchain arm-none-eabi/13.2 Rel1/bin/../lib/gcc/arm-none-eabi/13.2.1/thumb/v8-m.main+fp/hard/crtbegin.o
 .eh_frame      0x0002fea8       0x28 C:/Program Files (x86)/Arm GNU Toolchain arm-none-eabi/13.2 Rel1/bin/../lib/gcc/arm-none-eabi/13.2.1/thumb/v8-m.main+fp/hard\libg_nano.a(libc_a-strlen.o)
 .eh_frame      0x0002fed0        0x4 C:/Program Files (x86)/Arm GNU Toolchain arm-none-eabi/13.2 Rel1/bin/../lib/gcc/arm-none-eabi/13.2.1/thumb/v8-m.main+fp/hard/crtend.o
                0x0002fed4                        __ROM_End = .
                0x000001c0                        __Vectors_Size = (__Vectors_End - __Vectors)

.glue_7         0x0002fed4        0x0
 .glue_7        0x0002fed4        0x0 linker stubs

.glue_7t        0x0002fed4        0x0
 .glue_7t       0x0002fed4        0x0 linker stubs

.vfp11_veneer   0x0002fed4        0x0
 .vfp11_veneer  0x0002fed4        0x0 linker stubs

.v4_bx          0x0002fed4        0x0
 .v4_bx         0x0002fed4        0x0 linker stubs

.iplt           0x0002fed4        0x0
 .iplt          0x0002fed4        0x0 C:/Program Files (x86)/Arm GNU Toolchain arm-none-eabi/13.2 Rel1/bin/../lib/gcc/arm-none-eabi/13.2.1/thumb/v8-m.main+fp/hard/crtbegin.o
                0x0002fed4                        . = .
                0x0002fed4                        __itcm_data_pre_location = .

.itcm_data      0x00000000        0x0 load address 0x0002fee0
                0x00000000                        __tz_ITCM_S = ABSOLUTE (ITCM_START)
                0x00000000                        __itcm_data_start = .
 *(.itcm_data*)
                0x00000000                        . = ALIGN (0x8)
                0x00000000                        __itcm_data_end = .
                0x00000000                        __tz_ITCM_N = DEFINED (ITCM_NS_START)?ABSOLUTE (ITCM_NS_START):ALIGN (__itcm_data_end, 0x2000)
                0x0002fee0                        __itcm_data_init_start = LOADADDR (.itcm_data)
                0x0002fee0                        __itcm_data_init_end = (LOADADDR (.itcm_data) + SIZEOF (.itcm_data))
                0x00000001                        ASSERT (((ORIGIN (ITCM) % 0x8) == 0x0), ITCM memory region origin must be aligned to 8 bytes.)
                0x00000001                        ASSERT (((LENGTH (ITCM) % 0x8) == 0x0), ITCM memory region length must be a multiple of 8 bytes.)
                0x00000001                        ASSERT (((LOADADDR (.itcm_data) % 0x10) == 0x0), .itcm_data section must be aligned to 16 bytes.)
                0x00000001                        ASSERT (((SIZEOF (.itcm_data) % 0x8) == 0x0), .itcm_data section size must be a multiple of 8 bytes.)
                0x0002fed4                        . = (SIZEOF (.itcm_data) > 0x0)?__itcm_data_init_end:__itcm_data_pre_location
                0x0002fed4                        __exidx_start = .

/DISCARD/
 *(.ARM.extab* .gnu.linkonce.armextab.*)
 *(.ARM.exidx* .gnu.linkonce.armexidx.*)
                0x0002fed4                        __exidx_end = .
                0x0002fed4                        __etext = .
                0x20000000                        __tz_RAM_S = ORIGIN (RAM)

.fsp_dtc_vector_table
                0x20000000      0x180
                0x20000000                        . = ORIGIN (RAM)
 *(.fsp_dtc_vector_table)
 .fsp_dtc_vector_table
                0x20000000      0x180 ./ra/fsp/src/r_dtc/r_dtc.o

.data           0x20000180      0x22c load address 0x0002fed4
                0x20000180                        __data_start__ = .
                0x20000180                        . = ALIGN (0x4)
                0x20000180                        __Code_In_RAM_Start = .
 *(.code_in_ram*)
                0x20000180                        __Code_In_RAM_End = .
 *(vtable)
 *(.data.*)
 .data.Y_SIZE   0x20000180        0x4 ./src/LCD/LCD_Driver.o
 .data.X_SIZE   0x20000184        0x4 ./src/LCD/LCD_Driver.o
 .data.str_gnss
                0x20000188       0x14 ./src/OBU_GNSS_entry.o
                0x20000188                str_gnss
 .data.g_transfer1_info
                0x2000019c       0x10 ./ra_gen/hal_data.o
                0x2000019c                g_transfer1_info
 .data.g_transfer0_info
                0x200001ac       0x10 ./ra_gen/hal_data.o
                0x200001ac                g_transfer0_info
 .data.g_uart4_ublox_baud_setting
                0x200001bc        0x4 ./ra_gen/hal_data.o
                0x200001bc                g_uart4_ublox_baud_setting
 .data.g_uart9_simcom_baud_setting
                0x200001c0        0x4 ./ra_gen/hal_data.o
                0x200001c0                g_uart9_simcom_baud_setting
 .data.g_transfer3_info
                0x200001c4       0x10 ./ra_gen/hal_data.o
                0x200001c4                g_transfer3_info
 .data.g_transfer2_info
                0x200001d4       0x10 ./ra_gen/hal_data.o
                0x200001d4                g_transfer2_info
 .data.xFreeBytesRemaining
                0x200001e4        0x4 ./ra/aws/FreeRTOS/FreeRTOS/Source/portable/MemMang/heap_2.o
 .data.__global_locale
                0x200001e8      0x16c C:/Program Files (x86)/Arm GNU Toolchain arm-none-eabi/13.2 Rel1/bin/../lib/gcc/arm-none-eabi/13.2.1/thumb/v8-m.main+fp/hard\libg_nano.a(libc_a-locale.o)
                0x200001e8                __global_locale
 .data._impure_ptr
                0x20000354        0x4 C:/Program Files (x86)/Arm GNU Toolchain arm-none-eabi/13.2 Rel1/bin/../lib/gcc/arm-none-eabi/13.2.1/thumb/v8-m.main+fp/hard\libg_nano.a(libc_a-impure.o)
                0x20000354                _impure_ptr
 .data._impure_data
                0x20000358       0x4c C:/Program Files (x86)/Arm GNU Toolchain arm-none-eabi/13.2 Rel1/bin/../lib/gcc/arm-none-eabi/13.2.1/thumb/v8-m.main+fp/hard\libg_nano.a(libc_a-impure.o)
                0x20000358                _impure_data
 *(.data)
                0x200003a4                        . = ALIGN (0x4)
                0x200003a4                        PROVIDE (__preinit_array_start = .)
 *(.preinit_array)
                0x200003a4                        PROVIDE (__preinit_array_end = .)
                0x200003a4                        . = ALIGN (0x4)
                0x200003a4                        PROVIDE (__init_array_start = .)
 *(SORT_BY_NAME(.init_array.*))
 *(.init_array)
 .init_array    0x200003a4        0x4 C:/Program Files (x86)/Arm GNU Toolchain arm-none-eabi/13.2 Rel1/bin/../lib/gcc/arm-none-eabi/13.2.1/thumb/v8-m.main+fp/hard/crtbegin.o
                0x200003a8                        PROVIDE (__init_array_end = .)
                0x200003a8                        . = ALIGN (0x4)
                [!provide]                        PROVIDE (__fini_array_start = .)
 *(SORT_BY_NAME(.fini_array.*))
 *(.fini_array)
 .fini_array    0x200003a8        0x4 C:/Program Files (x86)/Arm GNU Toolchain arm-none-eabi/13.2 Rel1/bin/../lib/gcc/arm-none-eabi/13.2.1/thumb/v8-m.main+fp/hard/crtbegin.o
                [!provide]                        PROVIDE (__fini_array_end = .)
 *(.jcr*)
                0x200003ac                        . = ALIGN (0x4)
                0x200003ac                        __data_end__ = .

.tm_clone_table
                0x200003ac        0x0 load address 0x00030100
 .tm_clone_table
                0x200003ac        0x0 C:/Program Files (x86)/Arm GNU Toolchain arm-none-eabi/13.2 Rel1/bin/../lib/gcc/arm-none-eabi/13.2.1/thumb/v8-m.main+fp/hard/crtbegin.o
 .tm_clone_table
                0x200003ac        0x0 C:/Program Files (x86)/Arm GNU Toolchain arm-none-eabi/13.2 Rel1/bin/../lib/gcc/arm-none-eabi/13.2.1/thumb/v8-m.main+fp/hard/crtend.o

.igot.plt       0x200003ac        0x0 load address 0x00030100
 .igot.plt      0x200003ac        0x0 C:/Program Files (x86)/Arm GNU Toolchain arm-none-eabi/13.2 Rel1/bin/../lib/gcc/arm-none-eabi/13.2.1/thumb/v8-m.main+fp/hard/crtbegin.o
                0x200003ac                        . = .
                0x00030100                        __dtcm_data_pre_location = (LOADADDR (.data) + SIZEOF (.data))

.dtcm_data      0x00000000        0x0 load address 0x00030100
                0x00000000                        __tz_DTCM_S = ABSOLUTE (DTCM_START)
                0x00000000                        __dtcm_data_start = .
 *(.dtcm_data*)
                0x00000000                        . = ALIGN (0x8)
                0x00000000                        __dtcm_data_end = .
                0x00000000                        . = __dtcm_data_end

.dtcm_bss       0x00000000        0x0
                0x00000000                        __dtcm_bss_start = .
 *(.dtcm_bss*)
                0x00000000                        . = ALIGN (0x8)
                0x00000000                        __dtcm_bss_end = .
                0x00000000                        __tz_DTCM_N = DEFINED (DTCM_NS_START)?ABSOLUTE (DTCM_NS_START):ALIGN (__dtcm_bss_end, 0x2000)
                0x00030100                        __dtcm_data_init_start = LOADADDR (.dtcm_data)
                0x00030100                        __dtcm_data_init_end = (LOADADDR (.dtcm_data) + SIZEOF (.dtcm_data))
                0x00000001                        ASSERT (((ORIGIN (DTCM) % 0x8) == 0x0), DTCM memory region origin must be aligned to 8 bytes.)
                0x00000001                        ASSERT (((LENGTH (DTCM) % 0x8) == 0x0), DTCM memory region length must be a multiple of 8 bytes.)
                0x00000001                        ASSERT ((LOADADDR (.dtcm_bss) == ADDR (.dtcm_bss)), .dtcm_bss has (VMA != LMA) but should be NOLOAD (VMA == LMA).)
                0x00000001                        ASSERT (((LOADADDR (.dtcm_data) % 0x10) == 0x0), .dtcm_data section must be aligned to 16 bytes.)
                0x00000001                        ASSERT (((SIZEOF (.dtcm_data) % 0x8) == 0x0), .dtcm_data section size must be a multiple of 8 bytes.)
                0x00000001                        ASSERT (((LOADADDR (.dtcm_bss) % 0x8) == 0x0), .dtcm_bss section must be aligned to 8 bytes.)
                0x00000001                        ASSERT (((SIZEOF (.dtcm_bss) % 0x8) == 0x0), .dtcm_bss section size must be a multiple of 8 bytes.)
                0x00000001                        ASSERT ((__dtcm_bss_start == __dtcm_data_end), .dtcm_bss section is not adjacent to .dtcm_data section.)
                0x00030100                        . = (SIZEOF (.dtcm_data) > 0x0)?__dtcm_data_init_end:__dtcm_data_pre_location
                0x00030100                        sgstubs_pre_location = .
                0x00030400                        SGSTUBS_LOC = (DEFINED (PROJECT_SECURE) && DEFINED (FLASH_NSC_START))?ABSOLUTE (FLASH_NSC_START):ALIGN (0x400)

.gnu.sgstubs    0x00030400        0x0
                0x00030400                        __tz_FLASH_C = DEFINED (FLASH_NSC_START)?ABSOLUTE (FLASH_NSC_START):__RESERVE_NS_RAM?ABSOLUTE ((FLASH_START + FLASH_LENGTH)):ALIGN (0x400)
                0x00030400                        _start_sg = .
 *(.gnu.sgstubs*)
                0x00030400                        . = ALIGN (0x20)
                0x00030400                        _end_sg = .
                0x00038000                        __tz_FLASH_N = DEFINED (FLASH_NS_START)?ABSOLUTE (FLASH_NS_START):__RESERVE_NS_RAM?ABSOLUTE ((FLASH_START + FLASH_LENGTH)):(FLASH_LENGTH < 0x8000)?FLASH_LENGTH:ALIGN (0x8000)
                0x00038000                        FLASH_NS_IMAGE_START = DEFINED (FLASH_NS_IMAGE_START)?FLASH_NS_IMAGE_START:__tz_FLASH_N
                0x60000000                        __tz_QSPI_FLASH_S = ORIGIN (QSPI_FLASH)

.qspi_flash     0x60000000        0x0
                0x60000000                        __qspi_flash_start__ = .
 *(.qspi_flash*)
 *(.code_in_qspi*)
                0x60000000                        __qspi_flash_end__ = .
                0x00000000                        __qspi_flash_code_size__ = (__qspi_flash_end__ - __qspi_flash_start__)
                0x00030100                        __qspi_flash_code_addr__ = sgstubs_pre_location

.qspi_non_retentive
                0x60000000        0x0 load address 0x00030100
                0x60000000                        __qspi_non_retentive_start__ = .
 *(.qspi_non_retentive*)
                0x60000000                        __qspi_non_retentive_end__ = .